Archive member included to satisfy reference by file (symbol)

C:/ST/STM32CubeIDE_1.18.0/STM32CubeIDE/plugins/com.st.stm32cube.ide.mcu.externaltools.gnu-tools-for-stm32.13.3.rel1.win32_1.0.0.202411081344/tools/bin/../lib/gcc/arm-none-eabi/13.3.1/../../../../arm-none-eabi/lib/thumb/v6-m/nofp\libc_nano.a(libc_a-exit.o)
                              C:/ST/STM32CubeIDE_1.18.0/STM32CubeIDE/plugins/com.st.stm32cube.ide.mcu.externaltools.gnu-tools-for-stm32.13.3.rel1.win32_1.0.0.202411081344/tools/bin/../lib/gcc/arm-none-eabi/13.3.1/../../../../arm-none-eabi/lib/thumb/v6-m/nofp/crt0.o (exit)
C:/ST/STM32CubeIDE_1.18.0/STM32CubeIDE/plugins/com.st.stm32cube.ide.mcu.externaltools.gnu-tools-for-stm32.13.3.rel1.win32_1.0.0.202411081344/tools/bin/../lib/gcc/arm-none-eabi/13.3.1/../../../../arm-none-eabi/lib/thumb/v6-m/nofp\libc_nano.a(libc_a-findfp.o)
                              ./Middlewares/FreeRTOS/tasks.o (__sf)
C:/ST/STM32CubeIDE_1.18.0/STM32CubeIDE/plugins/com.st.stm32cube.ide.mcu.externaltools.gnu-tools-for-stm32.13.3.rel1.win32_1.0.0.202411081344/tools/bin/../lib/gcc/arm-none-eabi/13.3.1/../../../../arm-none-eabi/lib/thumb/v6-m/nofp\libc_nano.a(libc_a-fwalk.o)
                              C:/ST/STM32CubeIDE_1.18.0/STM32CubeIDE/plugins/com.st.stm32cube.ide.mcu.externaltools.gnu-tools-for-stm32.13.3.rel1.win32_1.0.0.202411081344/tools/bin/../lib/gcc/arm-none-eabi/13.3.1/../../../../arm-none-eabi/lib/thumb/v6-m/nofp\libc_nano.a(libc_a-findfp.o) (_fwalk_sglue)
C:/ST/STM32CubeIDE_1.18.0/STM32CubeIDE/plugins/com.st.stm32cube.ide.mcu.externaltools.gnu-tools-for-stm32.13.3.rel1.win32_1.0.0.202411081344/tools/bin/../lib/gcc/arm-none-eabi/13.3.1/../../../../arm-none-eabi/lib/thumb/v6-m/nofp\libc_nano.a(libc_a-printf.o)
                              ./Application/User/app_src/sensor_task.o (printf)
C:/ST/STM32CubeIDE_1.18.0/STM32CubeIDE/plugins/com.st.stm32cube.ide.mcu.externaltools.gnu-tools-for-stm32.13.3.rel1.win32_1.0.0.202411081344/tools/bin/../lib/gcc/arm-none-eabi/13.3.1/../../../../arm-none-eabi/lib/thumb/v6-m/nofp\libc_nano.a(libc_a-stdio.o)
                              C:/ST/STM32CubeIDE_1.18.0/STM32CubeIDE/plugins/com.st.stm32cube.ide.mcu.externaltools.gnu-tools-for-stm32.13.3.rel1.win32_1.0.0.202411081344/tools/bin/../lib/gcc/arm-none-eabi/13.3.1/../../../../arm-none-eabi/lib/thumb/v6-m/nofp\libc_nano.a(libc_a-findfp.o) (__sread)
C:/ST/STM32CubeIDE_1.18.0/STM32CubeIDE/plugins/com.st.stm32cube.ide.mcu.externaltools.gnu-tools-for-stm32.13.3.rel1.win32_1.0.0.202411081344/tools/bin/../lib/gcc/arm-none-eabi/13.3.1/../../../../arm-none-eabi/lib/thumb/v6-m/nofp\libc_nano.a(libc_a-memset.o)
                              C:/ST/STM32CubeIDE_1.18.0/STM32CubeIDE/plugins/com.st.stm32cube.ide.mcu.externaltools.gnu-tools-for-stm32.13.3.rel1.win32_1.0.0.202411081344/tools/bin/../lib/gcc/arm-none-eabi/13.3.1/../../../../arm-none-eabi/lib/thumb/v6-m/nofp/crt0.o (memset)
C:/ST/STM32CubeIDE_1.18.0/STM32CubeIDE/plugins/com.st.stm32cube.ide.mcu.externaltools.gnu-tools-for-stm32.13.3.rel1.win32_1.0.0.202411081344/tools/bin/../lib/gcc/arm-none-eabi/13.3.1/../../../../arm-none-eabi/lib/thumb/v6-m/nofp\libc_nano.a(libc_a-closer.o)
                              C:/ST/STM32CubeIDE_1.18.0/STM32CubeIDE/plugins/com.st.stm32cube.ide.mcu.externaltools.gnu-tools-for-stm32.13.3.rel1.win32_1.0.0.202411081344/tools/bin/../lib/gcc/arm-none-eabi/13.3.1/../../../../arm-none-eabi/lib/thumb/v6-m/nofp\libc_nano.a(libc_a-stdio.o) (_close_r)
C:/ST/STM32CubeIDE_1.18.0/STM32CubeIDE/plugins/com.st.stm32cube.ide.mcu.externaltools.gnu-tools-for-stm32.13.3.rel1.win32_1.0.0.202411081344/tools/bin/../lib/gcc/arm-none-eabi/13.3.1/../../../../arm-none-eabi/lib/thumb/v6-m/nofp\libc_nano.a(libc_a-reent.o)
                              ./Middlewares/FreeRTOS/tasks.o (_reclaim_reent)
C:/ST/STM32CubeIDE_1.18.0/STM32CubeIDE/plugins/com.st.stm32cube.ide.mcu.externaltools.gnu-tools-for-stm32.13.3.rel1.win32_1.0.0.202411081344/tools/bin/../lib/gcc/arm-none-eabi/13.3.1/../../../../arm-none-eabi/lib/thumb/v6-m/nofp\libc_nano.a(libc_a-impure.o)
                              ./Middlewares/FreeRTOS/tasks.o (_impure_ptr)
C:/ST/STM32CubeIDE_1.18.0/STM32CubeIDE/plugins/com.st.stm32cube.ide.mcu.externaltools.gnu-tools-for-stm32.13.3.rel1.win32_1.0.0.202411081344/tools/bin/../lib/gcc/arm-none-eabi/13.3.1/../../../../arm-none-eabi/lib/thumb/v6-m/nofp\libc_nano.a(libc_a-lseekr.o)
                              C:/ST/STM32CubeIDE_1.18.0/STM32CubeIDE/plugins/com.st.stm32cube.ide.mcu.externaltools.gnu-tools-for-stm32.13.3.rel1.win32_1.0.0.202411081344/tools/bin/../lib/gcc/arm-none-eabi/13.3.1/../../../../arm-none-eabi/lib/thumb/v6-m/nofp\libc_nano.a(libc_a-stdio.o) (_lseek_r)
C:/ST/STM32CubeIDE_1.18.0/STM32CubeIDE/plugins/com.st.stm32cube.ide.mcu.externaltools.gnu-tools-for-stm32.13.3.rel1.win32_1.0.0.202411081344/tools/bin/../lib/gcc/arm-none-eabi/13.3.1/../../../../arm-none-eabi/lib/thumb/v6-m/nofp\libc_nano.a(libc_a-readr.o)
[...]
Memory Configuration

Name             Origin             Length             Attributes
RAM              0x20000000         0x00002000         xrw
FLASH            0x08000000         0x00010000         xr
*default*        0x00000000         0xffffffff

Linker script and memory map

LOAD C:/ST/STM32CubeIDE_1.18.0/STM32CubeIDE/plugins/com.st.stm32cube.ide.mcu.externaltools.gnu-tools-for-stm32.13.3.rel1.win32_1.0.0.202411081344/tools/bin/../lib/gcc/arm-none-eabi/13.3.1/thumb/v6-m/nofp/crti.o
LOAD C:/ST/STM32CubeIDE_1.18.0/STM32CubeIDE/plugins/com.st.stm32cube.ide.mcu.externaltools.gnu-tools-for-stm32.13.3.rel1.win32_1.0.0.202411081344/tools/bin/../lib/gcc/arm-none-eabi/13.3.1/thumb/v6-m/nofp/crtbegin.o
LOAD C:/ST/STM32CubeIDE_1.18.0/STM32CubeIDE/plugins/com.st.stm32cube.ide.mcu.externaltools.gnu-tools-for-stm32.13.3.rel1.win32_1.0.0.202411081344/tools/bin/../lib/gcc/arm-none-eabi/13.3.1/../../../../arm-none-eabi/lib/thumb/v6-m/nofp/crt0.o
LOAD ./Application/User/Core/freertos.o
LOAD ./Application/User/Core/main.o
LOAD ./Application/User/Core/stm32l0xx_hal_msp.o
LOAD ./Application/User/Core/stm32l0xx_hal_timebase_tim.o
LOAD ./Application/User/Core/stm32l0xx_it.o
LOAD ./Application/User/Core/syscalls.o
LOAD ./Application/User/Core/sysmem.o
LOAD ./Application/User/Startup/startup_stm32l053r8tx.o
LOAD ./Application/User/app_src/bme280_driver.o
LOAD ./Application/User/app_src/lis2dw12_driver.o
LOAD ./Application/User/app_src/sensor_task.o
LOAD ./Drivers/CMSIS/system_stm32l0xx.o
LOAD ./Drivers/STM32L0xx_HAL_Driver/stm32l0xx_hal.o
LOAD ./Drivers/STM32L0xx_HAL_Driver/stm32l0xx_hal_cortex.o
LOAD ./Drivers/STM32L0xx_HAL_Driver/stm32l0xx_hal_dma.o
LOAD ./Drivers/STM32L0xx_HAL_Driver/stm32l0xx_hal_exti.o
LOAD ./Drivers/STM32L0xx_HAL_Driver/stm32l0xx_hal_flash.o
LOAD ./Drivers/STM32L0xx_HAL_Driver/stm32l0xx_hal_flash_ex.o
LOAD ./Drivers/STM32L0xx_HAL_Driver/stm32l0xx_hal_flash_ramfunc.o
LOAD ./Drivers/STM32L0xx_HAL_Driver/stm32l0xx_hal_gpio.o
LOAD ./Drivers/STM32L0xx_HAL_Driver/stm32l0xx_hal_i2c.o
LOAD ./Drivers/STM32L0xx_HAL_Driver/stm32l0xx_hal_i2c_ex.o
LOAD ./Drivers/STM32L0xx_HAL_Driver/stm32l0xx_hal_pwr.o
LOAD ./Drivers/STM32L0xx_HAL_Driver/stm32l0xx_hal_pwr_ex.o
LOAD ./Drivers/STM32L0xx_HAL_Driver/stm32l0xx_hal_rcc.o
LOAD ./Drivers/STM32L0xx_HAL_Driver/stm32l0xx_hal_rcc_ex.o
LOAD ./Drivers/STM32L0xx_HAL_Driver/stm32l0xx_hal_tim.o
LOAD ./Drivers/STM32L0xx_HAL_Driver/stm32l0xx_hal_tim_ex.o
LOAD ./Drivers/STM32L0xx_HAL_Driver/stm32l0xx_hal_uart.o
LOAD ./Drivers/STM32L0xx_HAL_Driver/stm32l0xx_hal_uart_ex.o
LOAD ./Middlewares/FreeRTOS/cmsis_os.o
LOAD ./Middlewares/FreeRTOS/croutine.o
LOAD ./Middlewares/FreeRTOS/event_groups.o
LOAD ./Middlewares/FreeRTOS/heap_4.o
LOAD ./Middlewares/FreeRTOS/list.o
LOAD ./Middlewares/FreeRTOS/port.o
LOAD ./Middlewares/FreeRTOS/queue.o
LOAD ./Middlewares/FreeRTOS/stream_buffer.o
LOAD ./Middlewares/FreeRTOS/tasks.o
LOAD ./Middlewares/FreeRTOS/timers.o
START GROUP
LOAD C:/ST/STM32CubeIDE_1.18.0/STM32CubeIDE/plugins/com.st.stm32cube.ide.mcu.externaltools.gnu-tools-for-stm32.13.3.rel1.win32_1.0.0.202411081344/tools/bin/../lib/gcc/arm-none-eabi/13.3.1/../../../../arm-none-eabi/lib/thumb/v6-m/nofp\libc_nano.a
LOAD C:/ST/STM32CubeIDE_1.18.0/STM32CubeIDE/plugins/com.st.stm32cube.ide.mcu.externaltools.gnu-tools-for-stm32.13.3.rel1.win32_1.0.0.202411081344/tools/bin/../lib/gcc/arm-none-eabi/13.3.1/../../../../arm-none-eabi/lib/thumb/v6-m/nofp\libm.a
END GROUP
START GROUP
LOAD C:/ST/STM32CubeIDE_1.18.0/STM32CubeIDE/plugins/com.st.stm32cube.ide.mcu.externaltools.gnu-tools-for-stm32.13.3.rel1.win32_1.0.0.202411081344/tools/bin/../lib/gcc/arm-none-eabi/13.3.1/thumb/v6-m/nofp\libgcc.a
LOAD C:/ST/STM32CubeIDE_1.18.0/STM32CubeIDE/plugins/com.st.stm32cube.ide.mcu.externaltools.gnu-tools-for-stm32.13.3.rel1.win32_1.0.0.202411081344/tools/bin/../lib/gcc/arm-none-eabi/13.3.1/../../../../arm-none-eabi/lib/thumb/v6-m/nofp\libc_nano.a
END GROUP
START GROUP
LOAD C:/ST/STM32CubeIDE_1.18.0/STM32CubeIDE/plugins/com.st.stm32cube.ide.mcu.externaltools.gnu-tools-for-stm32.13.3.rel1.win32_1.0.0.202411081344/tools/bin/../lib/gcc/arm-none-eabi/13.3.1/thumb/v6-m/nofp\libgcc.a
LOAD C:/ST/STM32CubeIDE_1.18.0/STM32CubeIDE/plugins/com.st.stm32cube.ide.mcu.externaltools.gnu-tools-for-stm32.13.3.rel1.win32_1.0.0.202411081344/tools/bin/../lib/gcc/arm-none-eabi/13.3.1/../../../../arm-none-eabi/lib/thumb/v6-m/nofp\libc_nano.a
LOAD C:/ST/STM32CubeIDE_1.18.0/STM32CubeIDE/plugins/com.st.stm32cube.ide.mcu.externaltools.gnu-tools-for-stm32.13.3.rel1.win32_1.0.0.202411081344/tools/bin/../lib/gcc/arm-none-eabi/13.3.1/../../../../arm-none-eabi/lib/thumb/v6-m/nofp\libnosys.a
END GROUP
START GROUP
LOAD C:/ST/STM32CubeIDE_1.18.0/STM32CubeIDE/plugins/com.st.stm32cube.ide.mcu.externaltools.gnu-tools-for-stm32.13.3.rel1.win32_1.0.0.202411081344/tools/bin/../lib/gcc/arm-none-eabi/13.3.1/thumb/v6-m/nofp\libgcc.a
LOAD C:/ST/STM32CubeIDE_1.18.0/STM32CubeIDE/plugins/com.st.stm32cube.ide.mcu.externaltools.gnu-tools-for-stm32.13.3.rel1.win32_1.0.0.202411081344/tools/bin/../lib/gcc/arm-none-eabi/13.3.1/../../../../arm-none-eabi/lib/thumb/v6-m/nofp\libc_nano.a
LOAD C:/ST/STM32CubeIDE_1.18.0/STM32CubeIDE/plugins/com.st.stm32cube.ide.mcu.externaltools.gnu-tools-for-stm32.13.3.rel1.win32_1.0.0.202411081344/tools/bin/../lib/gcc/arm-none-eabi/13.3.1/../../../../arm-none-eabi/lib/thumb/v6-m/nofp\libnosys.a
END GROUP
LOAD C:/ST/STM32CubeIDE_1.18.0/STM32CubeIDE/plugins/com.st.stm32cube.ide.mcu.externaltools.gnu-tools-for-stm32.13.3.rel1.win32_1.0.0.202411081344/tools/bin/../lib/gcc/arm-none-eabi/13.3.1/thumb/v6-m/nofp/crtend.o
LOAD C:/ST/STM32CubeIDE_1.18.0/STM32CubeIDE/plugins/com.st.stm32cube.ide.mcu.externaltools.gnu-tools-for-stm32.13.3.rel1.win32_1.0.0.202411081344/tools/bin/../lib/gcc/arm-none-eabi/13.3.1/thumb/v6-m/nofp/crtn.o
                0x20002000                        _estack = (ORIGIN (RAM) + LENGTH (RAM))
                0x00000200                        _Min_Heap_Size = 0x200
                0x00000400                        _Min_Stack_Size = 0x400

.isr_vector     0x08000000       0xc0
                0x08000000                        . = ALIGN (0x4)
 *(.isr_vector)
 .isr_vector    0x08000000       0xc0 ./Application/User/Startup/startup_stm32l053r8tx.o
                0x08000000                g_pfnVectors
                0x080000c0                        . = ALIGN (0x4)

.text           0x080000c0     0x3e04
                0x080000c0                        . = ALIGN (0x4)
 *(.text)
 .text          0x080000c0       0x48 C:/ST/STM32CubeIDE_1.18.0/STM32CubeIDE/plugins/com.st.stm32cube.ide.mcu.externaltools.gnu-tools-for-stm32.13.3.rel1.win32_1.0.0.202411081344/tools/bin/../lib/gcc/arm-none-eabi/13.3.1/thumb/v6-m/nofp/crtbegin.o
 .text          0x08000108      0x114 C:/ST/STM32CubeIDE_1.18.0/STM32CubeIDE/plugins/com.st.stm32cube.ide.mcu.externaltools.gnu-tools-for-stm32.13.3.rel1.win32_1.0.0.202411081344/tools/bin/../lib/gcc/arm-none-eabi/13.3.1/thumb/v6-m/nofp\libgcc.a(_udivsi3.o)
                0x08000108                __aeabi_uidiv
                0x08000108                __udivsi3
                0x08000214                __aeabi_uidivmod
 .text          0x0800021c        0x4 C:/ST/STM32CubeIDE_1.18.0/STM32CubeIDE/plugins/com.st.stm32cube.ide.mcu.externaltools.gnu-tools-for-stm32.13.3.rel1.win32_1.0.0.202411081344/tools/bin/../lib/gcc/arm-none-eabi/13.3.1/thumb/v6-m/nofp\libgcc.a(_dvmd_tls.o)
                0x0800021c                __aeabi_idiv0
                0x0800021c                __aeabi_ldiv0
 .text          0x08000220       0x40 C:/ST/STM32CubeIDE_1.18.0/STM32CubeIDE/plugins/com.st.stm32cube.ide.mcu.externaltools.gnu-tools-for-stm32.13.3.rel1.win32_1.0.0.202411081344/tools/bin/../lib/gcc/arm-none-eabi/13.3.1/thumb/v6-m/nofp\libgcc.a(_aeabi_uldivmod.o)
                0x08000220                __aeabi_uldivmod
 .text          0x08000260      0x198 C:/ST/STM32CubeIDE_1.18.0/STM32CubeIDE/plugins/com.st.stm32cube.ide.mcu.externaltools.gnu-tools-for-stm32.13.3.rel1.win32_1.0.0.202411081344/tools/bin/../lib/gcc/arm-none-eabi/13.3.1/thumb/v6-m/nofp\libgcc.a(_udivmoddi4.o)
                0x08000260                __udivmoddi4
 .text          0x080003f8       0x3c C:/ST/STM32CubeIDE_1.18.0/STM32CubeIDE/plugins/com.st.stm32cube.ide.mcu.externaltools.gnu-tools-for-stm32.13.3.rel1.win32_1.0.0.202411081344/tools/bin/../lib/gcc/arm-none-eabi/13.3.1/thumb/v6-m/nofp\libgcc.a(_clzsi2.o)
                0x080003f8                __clzsi2
 .text          0x08000434       0x18 C:/ST/STM32CubeIDE_1.18.0/STM32CubeIDE/plugins/com.st.stm32cube.ide.mcu.externaltools.gnu-tools-for-stm32.13.3.rel1.win32_1.0.0.202411081344/tools/bin/../lib/gcc/arm-none-eabi/13.3.1/thumb/v6-m/nofp\libgcc.a(_clzdi2.o)
                0x08000434                __clzdi2
 *(.text*)
 .text.vApplicationGetIdleTaskMemory
                0x0800044c       0x30 ./Application/User/Core/freertos.o
                0x0800044c                vApplicationGetIdleTaskMemory
 .text.main     0x0800047c       0x48 ./Application/User/Core/main.o
                0x0800047c                main
 .text.SystemClock_Config
                0x080004c4       0xd8 ./Application/User/Core/main.o
                0x080004c4                SystemClock_Config
 .text.MX_USART2_UART_Init
                0x0800059c       0x60 ./Application/User/Core/main.o
 .text.MX_GPIO_Init
                0x080005fc       0xc8 ./Application/User/Core/main.o
 .text.StartDefaultTask
                0x080006c4       0x10 ./Application/User/Core/main.o
                0x080006c4                StartDefaultTask
 .text.HAL_TIM_PeriodElapsedCallback
                0x080006d4       0x24 ./Application/User/Core/main.o
                0x080006d4                HAL_TIM_PeriodElapsedCallback
 .text.Error_Handler
                0x080006f8        0xc ./Application/User/Core/main.o
                0x080006f8                Error_Handler
 .text.HAL_MspInit
                0x08000704       0x38 ./Application/User/Core/stm32l0xx_hal_msp.o
                0x08000704                HAL_MspInit
 .text.HAL_UART_MspInit
                0x0800073c       0x88 ./Application/User/Core/stm32l0xx_hal_msp.o
                0x0800073c                HAL_UART_MspInit
 .text.HAL_InitTick
                0x080007c4       0xfc ./Application/User/Core/stm32l0xx_hal_timebase_tim.o
                0x080007c4                HAL_InitTick
 .text.NMI_Handler
                0x080008c0        0x8 ./Application/User/Core/stm32l0xx_it.o
                0x080008c0                NMI_Handler
 .text.HardFault_Handler
                0x080008c8        0x8 ./Application/User/Core/stm32l0xx_it.o
                0x080008c8                HardFault_Handler
 .text.TIM6_DAC_IRQHandler
                0x080008d0       0x18 ./Application/User/Core/stm32l0xx_it.o
                0x080008d0                TIM6_DAC_IRQHandler
 .text.Reset_Handler
                0x080008e8       0x50 ./Application/User/Startup/startup_stm32l053r8tx.o
                0x080008e8                Reset_Handler
 .text.Default_Handler
                0x08000938        0x2 ./Application/User/Startup/startup_stm32l053r8tx.o
                0x08000938                TSC_IRQHandler
                0x08000938                ADC1_COMP_IRQHandler
                0x08000938                PVD_IRQHandler
                0x08000938                I2C1_IRQHandler
                0x08000938                RCC_CRS_IRQHandler
                0x08000938                SPI1_IRQHandler
                0x08000938                EXTI2_3_IRQHandler
                0x08000938                I2C2_IRQHandler
                0x08000938                RTC_IRQHandler
                0x08000938                LCD_IRQHandler
                0x08000938                DMA1_Channel4_5_6_7_IRQHandler
                0x08000938                EXTI4_15_IRQHandler
                0x08000938                DMA1_Channel1_IRQHandler
                0x08000938                Default_Handler
                0x08000938                TIM22_IRQHandler
                0x08000938                EXTI0_1_IRQHandler
                0x08000938                USB_IRQHandler
                0x08000938                SPI2_IRQHandler
                0x08000938                TIM21_IRQHandler
                0x08000938                WWDG_IRQHandler
                0x08000938                TIM2_IRQHandler
                0x08000938                DMA1_Channel2_3_IRQHandler
                0x08000938                USART2_IRQHandler
                0x08000938                FLASH_IRQHandler
                0x08000938                USART1_IRQHandler
                0x08000938                RNG_LPUART1_IRQHandler
                0x08000938                LPTIM1_IRQHandler
 .text.SystemInit
                0x0800093a        0xa ./Drivers/CMSIS/system_stm32l0xx.o
                0x0800093a                SystemInit
 .text.HAL_Init
                0x08000944       0x40 ./Drivers/STM32L0xx_HAL_Driver/stm32l0xx_hal.o
                0x08000944                HAL_Init
 .text.HAL_IncTick
                0x08000984       0x24 ./Drivers/STM32L0xx_HAL_Driver/stm32l0xx_hal.o
                0x08000984                HAL_IncTick
 .text.HAL_GetTick
                0x080009a8       0x14 ./Drivers/STM32L0xx_HAL_Driver/stm32l0xx_hal.o
                0x080009a8                HAL_GetTick
 .text.__NVIC_EnableIRQ
                0x080009bc       0x34 ./Drivers/STM32L0xx_HAL_Driver/stm32l0xx_hal_cortex.o
 .text.__NVIC_SetPriority
                0x080009f0       0xdc ./Drivers/STM32L0xx_HAL_Driver/stm32l0xx_hal_cortex.o
 .text.HAL_NVIC_SetPriority
                0x08000acc       0x2a ./Drivers/STM32L0xx_HAL_Driver/stm32l0xx_hal_cortex.o
                0x08000acc                HAL_NVIC_SetPriority
 .text.HAL_NVIC_EnableIRQ
                0x08000af6       0x20 ./Drivers/STM32L0xx_HAL_Driver/stm32l0xx_hal_cortex.o
                0x08000af6                HAL_NVIC_EnableIRQ
 *fill*         0x08000b16        0x2 
 .text.HAL_GPIO_Init
                0x08000b18      0x2ec ./Drivers/STM32L0xx_HAL_Driver/stm32l0xx_hal_gpio.o
                0x08000b18                HAL_GPIO_Init
 .text.HAL_GPIO_WritePin
                0x08000e04       0x3a ./Drivers/STM32L0xx_HAL_Driver/stm32l0xx_hal_gpio.o
                0x08000e04                HAL_GPIO_WritePin
 *fill*         0x08000e3e        0x2 
 .text.HAL_RCC_OscConfig
                0x08000e40      0x788 ./Drivers/STM32L0xx_HAL_Driver/stm32l0xx_hal_rcc.o
                0x08000e40                HAL_RCC_OscConfig
 .text.HAL_RCC_ClockConfig
                0x080015c8      0x290 ./Drivers/STM32L0xx_HAL_Driver/stm32l0xx_hal_rcc.o
                0x080015c8                HAL_RCC_ClockConfig
 .text.HAL_RCC_GetSysClockFreq
                0x08001858      0x10c ./Drivers/STM32L0xx_HAL_Driver/stm32l0xx_hal_rcc.o
                0x08001858                HAL_RCC_GetSysClockFreq
 .text.HAL_RCC_GetHCLKFreq
                0x08001964       0x14 ./Drivers/STM32L0xx_HAL_Driver/stm32l0xx_hal_rcc.o
                0x08001964                HAL_RCC_GetHCLKFreq
 .text.HAL_RCC_GetPCLK1Freq
                0x08001978       0x2c ./Drivers/STM32L0xx_HAL_Driver/stm32l0xx_hal_rcc.o
                0x08001978                HAL_RCC_GetPCLK1Freq
 .text.HAL_RCC_GetPCLK2Freq
                0x080019a4       0x2c ./Drivers/STM32L0xx_HAL_Driver/stm32l0xx_hal_rcc.o
                0x080019a4                HAL_RCC_GetPCLK2Freq
 .text.HAL_RCC_GetClockConfig
                0x080019d0       0x64 ./Drivers/STM32L0xx_HAL_Driver/stm32l0xx_hal_rcc.o
                0x080019d0                HAL_RCC_GetClockConfig
 .text.HAL_RCCEx_PeriphCLKConfig
                0x08001a34      0x31c ./Drivers/STM32L0xx_HAL_Driver/stm32l0xx_hal_rcc_ex.o
                0x08001a34                HAL_RCCEx_PeriphCLKConfig
 .text.HAL_TIM_Base_Init
                0x08001d50       0x80 ./Drivers/STM32L0xx_HAL_Driver/stm32l0xx_hal_tim.o
                0x08001d50                HAL_TIM_Base_Init
 .text.HAL_TIM_Base_MspInit
                0x08001dd0       0x10 ./Drivers/STM32L0xx_HAL_Driver/stm32l0xx_hal_tim.o
                0x08001dd0                HAL_TIM_Base_MspInit
 .text.HAL_TIM_Base_Start_IT
                0x08001de0       0x98 ./Drivers/STM32L0xx_HAL_Driver/stm32l0xx_hal_tim.o
                0x08001de0                HAL_TIM_Base_Start_IT
 .text.HAL_TIM_IRQHandler
                0x08001e78      0x198 ./Drivers/STM32L0xx_HAL_Driver/stm32l0xx_hal_tim.o
                0x08001e78                HAL_TIM_IRQHandler
 .text.HAL_TIM_OC_DelayElapsedCallback
                0x08002010       0x10 ./Drivers/STM32L0xx_HAL_Driver/stm32l0xx_hal_tim.o
                0x08002010                HAL_TIM_OC_DelayElapsedCallback
 .text.HAL_TIM_IC_CaptureCallback
                0x08002020       0x10 ./Drivers/STM32L0xx_HAL_Driver/stm32l0xx_hal_tim.o
                0x08002020                HAL_TIM_IC_CaptureCallback
 .text.HAL_TIM_PWM_PulseFinishedCallback
                0x08002030       0x10 ./Drivers/STM32L0xx_HAL_Driver/stm32l0xx_hal_tim.o
                0x08002030                HAL_TIM_PWM_PulseFinishedCallback
 .text.HAL_TIM_TriggerCallback
                0x08002040       0x10 ./Drivers/STM32L0xx_HAL_Driver/stm32l0xx_hal_tim.o
                0x08002040                HAL_TIM_TriggerCallback
 .text.TIM_Base_SetConfig
                0x08002050       0xb4 ./Drivers/STM32L0xx_HAL_Driver/stm32l0xx_hal_tim.o
 .text.HAL_UART_Init
                0x08002104       0xa8 ./Drivers/STM32L0xx_HAL_Driver/stm32l0xx_hal_uart.o
                0x08002104                HAL_UART_Init
 .text.UART_SetConfig
                0x080021ac      0x508 ./Drivers/STM32L0xx_HAL_Driver/stm32l0xx_hal_uart.o
                0x080021ac                UART_SetConfig
 .text.UART_AdvFeatureConfig
                0x080026b4      0x168 ./Drivers/STM32L0xx_HAL_Driver/stm32l0xx_hal_uart.o
                0x080026b4                UART_AdvFeatureConfig
 .text.UART_CheckIdleState
                0x0800281c      0x150 ./Drivers/STM32L0xx_HAL_Driver/stm32l0xx_hal_uart.o
                0x0800281c                UART_CheckIdleState
 .text.UART_WaitOnFlagUntilTimeout
                0x0800296c       0xde ./Drivers/STM32L0xx_HAL_Driver/stm32l0xx_hal_uart.o
                0x0800296c                UART_WaitOnFlagUntilTimeout
 *fill*         0x08002a4a        0x2 
 .text.UART_EndRxTransfer
                0x08002a4c       0xc8 ./Drivers/STM32L0xx_HAL_Driver/stm32l0xx_hal_uart.o
 .text.makeFreeRtosPriority
                0x08002b14       0x32 ./Middlewares/FreeRTOS/cmsis_os.o
 .text.osKernelStart
                0x08002b46       0x10 ./Middlewares/FreeRTOS/cmsis_os.o
                0x08002b46                osKernelStart
 .text.osThreadCreate
                0x08002b56       0x9a ./Middlewares/FreeRTOS/cmsis_os.o
                0x08002b56                osThreadCreate
 .text.osDelay  0x08002bf0       0x28 ./Middlewares/FreeRTOS/cmsis_os.o
                0x08002bf0                osDelay
 .text.pvPortMalloc
                0x08002c18      0x150 ./Middlewares/FreeRTOS/heap_4.o
                0x08002c18                pvPortMalloc
 .text.vPortFree
                0x08002d68       0x94 ./Middlewares/FreeRTOS/heap_4.o
                0x08002d68                vPortFree
 .text.prvHeapInit
                0x08002dfc       0xc0 ./Middlewares/FreeRTOS/heap_4.o
 .text.prvInsertBlockIntoFreeList
                0x08002ebc       0xb0 ./Middlewares/FreeRTOS/heap_4.o
 .text.vListInitialise
                0x08002f6c       0x3c ./Middlewares/FreeRTOS/list.o
                0x08002f6c                vListInitialise
 .text.vListInitialiseItem
                0x08002fa8       0x16 ./Middlewares/FreeRTOS/list.o
                0x08002fa8                vListInitialiseItem
 .text.vListInsertEnd
                0x08002fbe       0x44 ./Middlewares/FreeRTOS/list.o
                0x08002fbe                vListInsertEnd
 .text.vListInsert
                0x08003002       0x6c ./Middlewares/FreeRTOS/list.o
                0x08003002                vListInsert
 .text.uxListRemove
                0x0800306e       0x50 ./Middlewares/FreeRTOS/list.o
                0x0800306e                uxListRemove
 *fill*         0x080030be        0x2 
 .text.pxPortInitialiseStack
                0x080030c0       0x54 ./Middlewares/FreeRTOS/port.o
                0x080030c0                pxPortInitialiseStack
 .text.prvTaskExitError
                0x08003114       0x30 ./Middlewares/FreeRTOS/port.o
 .text.SVC_Handler
                0x08003144        0xa ./Middlewares/FreeRTOS/port.o
                0x08003144                SVC_Handler
 *fill*         0x0800314e        0x2 
 .text.vPortStartFirstTask
                0x08003150       0x38 ./Middlewares/FreeRTOS/port.o
 .text.xPortStartScheduler
                0x08003188       0x48 ./Middlewares/FreeRTOS/port.o
                0x08003188                xPortStartScheduler
 .text.vPortYield
                0x080031d0       0x20 ./Middlewares/FreeRTOS/port.o
                0x080031d0                vPortYield
 .text.vPortEnterCritical
                0x080031f0       0x24 ./Middlewares/FreeRTOS/port.o
                0x080031f0                vPortEnterCritical
 .text.vPortExitCritical
                0x08003214       0x30 ./Middlewares/FreeRTOS/port.o
                0x08003214                vPortExitCritical
 .text.ulSetInterruptMaskFromISR
                0x08003244        0xc ./Middlewares/FreeRTOS/port.o
                0x08003244                ulSetInterruptMaskFromISR
 .text.vClearInterruptMaskFromISR
                0x08003250        0x8 ./Middlewares/FreeRTOS/port.o
                0x08003250                vClearInterruptMaskFromISR
 *fill*         0x08003258        0x8 
 .text.PendSV_Handler
                0x08003260       0x48 ./Middlewares/FreeRTOS/port.o
                0x08003260                PendSV_Handler
 .text.SysTick_Handler
                0x080032a8       0x34 ./Middlewares/FreeRTOS/port.o
                0x080032a8                SysTick_Handler
 .text.prvSetupTimerInterrupt
                0x080032dc       0x44 ./Middlewares/FreeRTOS/port.o
 .text.xTaskCreateStatic
                0x08003320       0x8e ./Middlewares/FreeRTOS/tasks.o
                0x08003320                xTaskCreateStatic
 .text.xTaskCreate
                0x080033ae       0x98 ./Middlewares/FreeRTOS/tasks.o
                0x080033ae                xTaskCreate
 *fill*         0x08003446        0x2 
 .text.prvInitialiseNewTask
                0x08003448      0x134 ./Middlewares/FreeRTOS/tasks.o
 .text.prvAddNewTaskToReadyList
                0x0800357c       0xc8 ./Middlewares/FreeRTOS/tasks.o
 .text.vTaskDelay
                0x08003644       0x4c ./Middlewares/FreeRTOS/tasks.o
                0x08003644                vTaskDelay
 .text.vTaskStartScheduler
                0x08003690       0xb0 ./Middlewares/FreeRTOS/tasks.o
                0x08003690                vTaskStartScheduler
 .text.vTaskSuspendAll
                0x08003740       0x18 ./Middlewares/FreeRTOS/tasks.o
                0x08003740                vTaskSuspendAll
 .text.xTaskResumeAll
                0x08003758      0x118 ./Middlewares/FreeRTOS/tasks.o
                0x08003758                xTaskResumeAll
 .text.xTaskIncrementTick
                0x08003870      0x160 ./Middlewares/FreeRTOS/tasks.o
                0x08003870                xTaskIncrementTick
 .text.vTaskSwitchContext
                0x080039d0       0xb4 ./Middlewares/FreeRTOS/tasks.o
                0x080039d0                vTaskSwitchContext
 .text.prvIdleTask
                0x08003a84       0x20 ./Middlewares/FreeRTOS/tasks.o
 .text.prvInitialiseTaskLists
                0x08003aa4       0x88 ./Middlewares/FreeRTOS/tasks.o
 .text.prvCheckTasksWaitingTermination
                0x08003b2c       0x5c ./Middlewares/FreeRTOS/tasks.o
 .text.prvDeleteTCB
                0x08003b88       0x5c ./Middlewares/FreeRTOS/tasks.o
 .text.prvResetNextTaskUnblockTime
                0x08003be4       0x3c ./Middlewares/FreeRTOS/tasks.o
 .text.prvAddCurrentTaskToDelayedList
                0x08003c20       0xa8 ./Middlewares/FreeRTOS/tasks.o
 .text.memset   0x08003cc8       0x10 C:/ST/STM32CubeIDE_1.18.0/STM32CubeIDE/plugins/com.st.stm32cube.ide.mcu.externaltools.gnu-tools-for-stm32.13.3.rel1.win32_1.0.0.202411081344/tools/bin/../lib/gcc/arm-none-eabi/13.3.1/../../../../arm-none-eabi/lib/thumb/v6-m/nofp\libc_nano.a(libc_a-memset.o)
                0x08003cc8                memset
 .text._reclaim_reent
                0x08003cd8       0xd4 C:/ST/STM32CubeIDE_1.18.0/STM32CubeIDE/plugins/com.st.stm32cube.ide.mcu.externaltools.gnu-tools-for-stm32.13.3.rel1.win32_1.0.0.202411081344/tools/bin/../lib/gcc/arm-none-eabi/13.3.1/../../../../arm-none-eabi/lib/thumb/v6-m/nofp\libc_nano.a(libc_a-reent.o)
                0x08003cd8                _reclaim_reent
 .text.__libc_init_array
                0x08003dac       0x48 C:/ST/STM32CubeIDE_1.18.0/STM32CubeIDE/plugins/com.st.stm32cube.ide.mcu.externaltools.gnu-tools-for-stm32.13.3.rel1.win32_1.0.0.202411081344/tools/bin/../lib/gcc/arm-none-eabi/13.3.1/../../../../arm-none-eabi/lib/thumb/v6-m/nofp\libc_nano.a(libc_a-init.o)
                0x08003dac                __libc_init_array
 .text.__retarget_lock_acquire_recursive
                0x08003df4        0x2 C:/ST/STM32CubeIDE_1.18.0/STM32CubeIDE/plugins/com.st.stm32cube.ide.mcu.externaltools.gnu-tools-for-stm32.13.3.rel1.win32_1.0.0.202411081344/tools/bin/../lib/gcc/arm-none-eabi/13.3.1/../../../../arm-none-eabi/lib/thumb/v6-m/nofp\libc_nano.a(libc_a-lock.o)
                0x08003df4                __retarget_lock_acquire_recursive
 .text.__retarget_lock_release_recursive
                0x08003df6        0x2 C:/ST/STM32CubeIDE_1.18.0/STM32CubeIDE/plugins/com.st.stm32cube.ide.mcu.externaltools.gnu-tools-for-stm32.13.3.rel1.win32_1.0.0.202411081344/tools/bin/../lib/gcc/arm-none-eabi/13.3.1/../../../../arm-none-eabi/lib/thumb/v6-m/nofp\libc_nano.a(libc_a-lock.o)
                0x08003df6                __retarget_lock_release_recursive
 .text._free_r  0x08003df8       0x94 C:/ST/STM32CubeIDE_1.18.0/STM32CubeIDE/plugins/com.st.stm32cube.ide.mcu.externaltools.gnu-tools-for-stm32.13.3.rel1.win32_1.0.0.202411081344/tools/bin/../lib/gcc/arm-none-eabi/13.3.1/../../../../arm-none-eabi/lib/thumb/v6-m/nofp\libc_nano.a(libc_a-freer.o)
                0x08003df8                _free_r
 .text.__malloc_lock
                0x08003e8c       0x10 C:/ST/STM32CubeIDE_1.18.0/STM32CubeIDE/plugins/com.st.stm32cube.ide.mcu.externaltools.gnu-tools-for-stm32.13.3.rel1.win32_1.0.0.202411081344/tools/bin/../lib/gcc/arm-none-eabi/13.3.1/../../../../arm-none-eabi/lib/thumb/v6-m/nofp\libc_nano.a(libc_a-mlock.o)
                0x08003e8c                __malloc_lock
 .text.__malloc_unlock
                0x08003e9c       0x10 C:/ST/STM32CubeIDE_1.18.0/STM32CubeIDE/plugins/com.st.stm32cube.ide.mcu.externaltools.gnu-tools-for-stm32.13.3.rel1.win32_1.0.0.202411081344/tools/bin/../lib/gcc/arm-none-eabi/13.3.1/../../../../arm-none-eabi/lib/thumb/v6-m/nofp\libc_nano.a(libc_a-mlock.o)
                0x08003e9c                __malloc_unlock
 *(.glue_7)
 .glue_7        0x08003eac        0x0 linker stubs
 *(.glue_7t)
 .glue_7t       0x08003eac        0x0 linker stubs
 *(.eh_frame)
 .eh_frame      0x08003eac        0x0 C:/ST/STM32CubeIDE_1.18.0/STM32CubeIDE/plugins/com.st.stm32cube.ide.mcu.externaltools.gnu-tools-for-stm32.13.3.rel1.win32_1.0.0.202411081344/tools/bin/../lib/gcc/arm-none-eabi/13.3.1/thumb/v6-m/nofp/crtbegin.o
 *(.init)
 .init          0x08003eac        0x4 C:/ST/STM32CubeIDE_1.18.0/STM32CubeIDE/plugins/com.st.stm32cube.ide.mcu.externaltools.gnu-tools-for-stm32.13.3.rel1.win32_1.0.0.202411081344/tools/bin/../lib/gcc/arm-none-eabi/13.3.1/thumb/v6-m/nofp/crti.o
                0x08003eac                _init
 .init          0x08003eb0        0x8 C:/ST/STM32CubeIDE_1.18.0/STM32CubeIDE/plugins/com.st.stm32cube.ide.mcu.externaltools.gnu-tools-for-stm32.13.3.rel1.win32_1.0.0.202411081344/tools/bin/../lib/gcc/arm-none-eabi/13.3.1/thumb/v6-m/nofp/crtn.o
 *(.fini)
 .fini          0x08003eb8        0x4 C:/ST/STM32CubeIDE_1.18.0/STM32CubeIDE/plugins/com.st.stm32cube.ide.mcu.externaltools.gnu-tools-for-stm32.13.3.rel1.win32_1.0.0.202411081344/tools/bin/../lib/gcc/arm-none-eabi/13.3.1/thumb/v6-m/nofp/crti.o
                0x08003eb8                _fini
 .fini          0x08003ebc        0x8 C:/ST/STM32CubeIDE_1.18.0/STM32CubeIDE/plugins/com.st.stm32cube.ide.mcu.externaltools.gnu-tools-for-stm32.13.3.rel1.win32_1.0.0.202411081344/tools/bin/../lib/gcc/arm-none-eabi/13.3.1/thumb/v6-m/nofp/crtn.o
                0x08003ec4                        . = ALIGN (0x4)
                0x08003ec4                        _etext = .

.vfp11_veneer   0x08003ec4        0x0
 .vfp11_veneer  0x08003ec4        0x0 linker stubs

.v4_bx          0x08003ec4        0x0
 .v4_bx         0x08003ec4        0x0 linker stubs

.iplt           0x08003ec4        0x0
 .iplt          0x08003ec4        0x0 C:/ST/STM32CubeIDE_1.18.0/STM32CubeIDE/plugins/com.st.stm32cube.ide.mcu.externaltools.gnu-tools-for-stm32.13.3.rel1.win32_1.0.0.202411081344/tools/bin/../lib/gcc/arm-none-eabi/13.3.1/thumb/v6-m/nofp/crtbegin.o

.rodata         0x08003ec4       0x9c
                0x08003ec4                        . = ALIGN (0x4)
 *(.rodata)
 .rodata        0x08003ec4       0x28 ./Application/User/Core/main.o
 .rodata        0x08003eec        0x5 ./Middlewares/FreeRTOS/tasks.o
 *(.rodata*)
 *fill*         0x08003ef1        0x3 
 .rodata.AHBPrescTable
                0x08003ef4       0x10 ./Drivers/CMSIS/system_stm32l0xx.o
                0x08003ef4                AHBPrescTable
 .rodata.APBPrescTable
                0x08003f04        0x8 ./Drivers/CMSIS/system_stm32l0xx.o
                0x08003f04                APBPrescTable
 .rodata.PLLMulTable
                0x08003f0c        0x9 ./Drivers/CMSIS/system_stm32l0xx.o
                0x08003f0c                PLLMulTable
 *fill*         0x08003f15        0x3 
 .rodata.UART_SetConfig
                0x08003f18       0x48 ./Drivers/STM32L0xx_HAL_Driver/stm32l0xx_hal_uart.o
                0x08003f60                        . = ALIGN (0x4)

.ARM.extab      0x08003f60        0x0
                0x08003f60                        . = ALIGN (0x4)
 *(.ARM.extab* .gnu.linkonce.armextab.*)
                0x08003f60                        . = ALIGN (0x4)

.ARM            0x08003f60        0x8
                0x08003f60                        . = ALIGN (0x4)
                0x08003f60                        __exidx_start = .
 *(.ARM.exidx*)
 .ARM.exidx     0x08003f60        0x8 C:/ST/STM32CubeIDE_1.18.0/STM32CubeIDE/plugins/com.st.stm32cube.ide.mcu.externaltools.gnu-tools-for-stm32.13.3.rel1.win32_1.0.0.202411081344/tools/bin/../lib/gcc/arm-none-eabi/13.3.1/thumb/v6-m/nofp\libgcc.a(_udivmoddi4.o)
                0x08003f68                        __exidx_end = .
                0x08003f68                        . = ALIGN (0x4)

.preinit_array  0x08003f68        0x0
                0x08003f68                        . = ALIGN (0x4)
                0x08003f68                        PROVIDE (__preinit_array_start = .)
 *(.preinit_array*)
                0x08003f68                        PROVIDE (__preinit_array_end = .)
                0x08003f68                        . = ALIGN (0x4)

.init_array     0x08003f68        0x4
                0x08003f68                        . = ALIGN (0x4)
                0x08003f68                        PROVIDE (__init_array_start = .)
 *(SORT_BY_NAME(.init_array.*))
 *(.init_array*)
 .init_array    0x08003f68        0x4 C:/ST/STM32CubeIDE_1.18.0/STM32CubeIDE/plugins/com.st.stm32cube.ide.mcu.externaltools.gnu-tools-for-stm32.13.3.rel1.win32_1.0.0.202411081344/tools/bin/../lib/gcc/arm-none-eabi/13.3.1/thumb/v6-m/nofp/crtbegin.o
                0x08003f6c                        PROVIDE (__init_array_end = .)
                0x08003f6c                        . = ALIGN (0x4)

.fini_array     0x08003f6c        0x4
                0x08003f6c                        . = ALIGN (0x4)
                [!provide]                        PROVIDE (__fini_array_start = .)
 *(SORT_BY_NAME(.fini_array.*))
 *(.fini_array*)
 .fini_array    0x08003f6c        0x4 C:/ST/STM32CubeIDE_1.18.0/STM32CubeIDE/plugins/com.st.stm32cube.ide.mcu.externaltools.gnu-tools-for-stm32.13.3.rel1.win32_1.0.0.202411081344/tools/bin/../lib/gcc/arm-none-eabi/13.3.1/thumb/v6-m/nofp/crtbegin.o
                [!provide]                        PROVIDE (__fini_array_end = .)
                0x08003f70                        . = ALIGN (0x4)
                0x08003f70                        _sidata = LOADADDR (.data)

.rel.dyn        0x08003f70        0x0
 .rel.iplt      0x08003f70        0x0 C:/ST/STM32CubeIDE_1.18.0/STM32CubeIDE/plugins/com.st.stm32cube.ide.mcu.externaltools.gnu-tools-for-stm32.13.3.rel1.win32_1.0.0.202411081344/tools/bin/../lib/gcc/arm-none-eabi/13.3.1/thumb/v6-m/nofp/crtbegin.o

.data           0x20000000       0x60 load address 0x08003f70
                0x20000000                        . = ALIGN (0x4)
                0x20000000                        _sdata = .
 *(.data)
 *(.data*)
 .data.SystemCoreClock
                0x20000000        0x4 ./Drivers/CMSIS/system_stm32l0xx.o
                0x20000000                SystemCoreClock
 .data.uwTickPrio
                0x20000004        0x4 ./Drivers/STM32L0xx_HAL_Driver/stm32l0xx_hal.o
                0x20000004                uwTickPrio
 .data.uwTickFreq
                0x20000008        0x1 ./Drivers/STM32L0xx_HAL_Driver/stm32l0xx_hal.o
                0x20000008                uwTickFreq
 *fill*         0x20000009        0x3 
 .data.uxCriticalNesting
                0x2000000c        0x4 ./Middlewares/FreeRTOS/port.o
 .data._impure_ptr
                0x20000010        0x4 C:/ST/STM32CubeIDE_1.18.0/STM32CubeIDE/plugins/com.st.stm32cube.ide.mcu.externaltools.gnu-tools-for-stm32.13.3.rel1.win32_1.0.0.202411081344/tools/bin/../lib/gcc/arm-none-eabi/13.3.1/../../../../arm-none-eabi/lib/thumb/v6-m/nofp\libc_nano.a(libc_a-impure.o)
                0x20000010                _impure_ptr
 .data._impure_data
                0x20000014       0x4c C:/ST/STM32CubeIDE_1.18.0/STM32CubeIDE/plugins/com.st.stm32cube.ide.mcu.externaltools.gnu-tools-for-stm32.13.3.rel1.win32_1.0.0.202411081344/tools/bin/../lib/gcc/arm-none-eabi/13.3.1/../../../../arm-none-eabi/lib/thumb/v6-m/nofp\libc_nano.a(libc_a-impure.o)
                0x20000014                _impure_data
 *(.RamFunc)
 *(.RamFunc*)
                0x20000060                        . = ALIGN (0x4)
                0x20000060                        _edata = .

.igot.plt       0x20000060        0x0 load address 0x08003fd0
 .igot.plt      0x20000060        0x0 C:/ST/STM32CubeIDE_1.18.0/STM32CubeIDE/plugins/com.st.stm32cube.ide.mcu.externaltools.gnu-tools-for-stm32.13.3.rel1.win32_1.0.0.202411081344/tools/bin/../lib/gcc/arm-none-eabi/13.3.1/thumb/v6-m/nofp/crtbegin.o
                0x20000060                        . = ALIGN (0x4)

.bss            0x20000060     0x1210 load address 0x08003fd0
                0x20000060                        _sbss = .
                0x20000060                        __bss_start__ = _sbss
 *(.bss)
 .bss           0x20000060       0x1c C:/ST/STM32CubeIDE_1.18.0/STM32CubeIDE/plugins/com.st.stm32cube.ide.mcu.externaltools.gnu-tools-for-stm32.13.3.rel1.win32_1.0.0.202411081344/tools/bin/../lib/gcc/arm-none-eabi/13.3.1/thumb/v6-m/nofp/crtbegin.o
 *(.bss*)
 .bss.xIdleTaskTCBBuffer
                0x2000007c       0xa0 ./Application/User/Core/freertos.o
 .bss.xIdleStack
                0x2000011c      0x200 ./Application/User/Core/freertos.o
 .bss.huart2    0x2000031c       0x88 ./Application/User/Core/main.o
                0x2000031c                huart2
 .bss.defaultTaskHandle
                0x200003a4        0x4 ./Application/User/Core/main.o
                0x200003a4                defaultTaskHandle
 .bss.htim6     0x200003a8       0x40 ./Application/User/Core/stm32l0xx_hal_timebase_tim.o
                0x200003a8                htim6
 .bss.uwTick    0x200003e8        0x4 ./Drivers/STM32L0xx_HAL_Driver/stm32l0xx_hal.o
                0x200003e8                uwTick
 .bss.ucHeap    0x200003ec      0xc00 ./Middlewares/FreeRTOS/heap_4.o
 .bss.xStart    0x20000fec        0x8 ./Middlewares/FreeRTOS/heap_4.o
 .bss.pxEnd     0x20000ff4        0x4 ./Middlewares/FreeRTOS/heap_4.o
 .bss.xFreeBytesRemaining
                0x20000ff8        0x4 ./Middlewares/FreeRTOS/heap_4.o
 .bss.xMinimumEverFreeBytesRemaining
                0x20000ffc        0x4 ./Middlewares/FreeRTOS/heap_4.o
 .bss.xBlockAllocatedBit
                0x20001000        0x4 ./Middlewares/FreeRTOS/heap_4.o
 .bss.pxCurrentTCB
                0x20001004        0x4 ./Middlewares/FreeRTOS/tasks.o
                0x20001004                pxCurrentTCB
 .bss.pxReadyTasksLists
                0x20001008       0x8c ./Middlewares/FreeRTOS/tasks.o
 .bss.xDelayedTaskList1
                0x20001094       0x14 ./Middlewares/FreeRTOS/tasks.o
 .bss.xDelayedTaskList2
                0x200010a8       0x14 ./Middlewares/FreeRTOS/tasks.o
 .bss.pxDelayedTaskList
                0x200010bc        0x4 ./Middlewares/FreeRTOS/tasks.o
 .bss.pxOverflowDelayedTaskList
                0x200010c0        0x4 ./Middlewares/FreeRTOS/tasks.o
 .bss.xPendingReadyList
                0x200010c4       0x14 ./Middlewares/FreeRTOS/tasks.o
 .bss.xTasksWaitingTermination
                0x200010d8       0x14 ./Middlewares/FreeRTOS/tasks.o
 .bss.uxDeletedTasksWaitingCleanUp
                0x200010ec        0x4 ./Middlewares/FreeRTOS/tasks.o
 .bss.xSuspendedTaskList
                0x200010f0       0x14 ./Middlewares/FreeRTOS/tasks.o
 .bss.uxCurrentNumberOfTasks
                0x20001104        0x4 ./Middlewares/FreeRTOS/tasks.o
 .bss.xTickCount
                0x20001108        0x4 ./Middlewares/FreeRTOS/tasks.o
 .bss.uxTopReadyPriority
                0x2000110c        0x4 ./Middlewares/FreeRTOS/tasks.o
 .bss.xSchedulerRunning
                0x20001110        0x4 ./Middlewares/FreeRTOS/tasks.o
 .bss.uxPendedTicks
                0x20001114        0x4 ./Middlewares/FreeRTOS/tasks.o
 .bss.xYieldPending
                0x20001118        0x4 ./Middlewares/FreeRTOS/tasks.o
 .bss.xNumOfOverflows
                0x2000111c        0x4 ./Middlewares/FreeRTOS/tasks.o
 .bss.uxTaskNumber
                0x20001120        0x4 ./Middlewares/FreeRTOS/tasks.o
 .bss.xNextTaskUnblockTime
                0x20001124        0x4 ./Middlewares/FreeRTOS/tasks.o
 .bss.xIdleTaskHandle
                0x20001128        0x4 ./Middlewares/FreeRTOS/tasks.o
 .bss.uxSchedulerSuspended
                0x2000112c        0x4 ./Middlewares/FreeRTOS/tasks.o
 .bss.__sf      0x20001130      0x138 C:/ST/STM32CubeIDE_1.18.0/STM32CubeIDE/plugins/com.st.stm32cube.ide.mcu.externaltools.gnu-tools-for-stm32.13.3.rel1.win32_1.0.0.202411081344/tools/bin/../lib/gcc/arm-none-eabi/13.3.1/../../../../arm-none-eabi/lib/thumb/v6-m/nofp\libc_nano.a(libc_a-findfp.o)
                0x20001130                __sf
 .bss.__lock___malloc_recursive_mutex
                0x20001268        0x1 C:/ST/STM32CubeIDE_1.18.0/STM32CubeIDE/plugins/com.st.stm32cube.ide.mcu.externaltools.gnu-tools-for-stm32.13.3.rel1.win32_1.0.0.202411081344/tools/bin/../lib/gcc/arm-none-eabi/13.3.1/../../../../arm-none-eabi/lib/thumb/v6-m/nofp\libc_nano.a(libc_a-lock.o)
                0x20001268                __lock___malloc_recursive_mutex
 *fill*         0x20001269        0x3 
 .bss.__malloc_free_list
                0x2000126c        0x4 C:/ST/STM32CubeIDE_1.18.0/STM32CubeIDE/plugins/com.st.stm32cube.ide.mcu.externaltools.gnu-tools-for-stm32.13.3.rel1.win32_1.0.0.202411081344/tools/bin/../lib/gcc/arm-none-eabi/13.3.1/../../../../arm-none-eabi/lib/thumb/v6-m/nofp\libc_nano.a(libc_a-mallocr.o)
                0x2000126c                __malloc_free_list
 *(COMMON)
                0x20001270                        . = ALIGN (0x4)
                0x20001270                        _ebss = .
                0x20001270                        __bss_end__ = _ebss

._user_heap_stack
                0x20001270      0x600 load address 0x08003fd0
                0x20001270                        . = ALIGN (0x8)
                [!provide]                        PROVIDE (end = .)
                0x20001270                        PROVIDE (_end = .)
                0x20001470                        . = (. + _Min_Heap_Size)
 *fill*         0x20001270      0x200 
                0x20001870                        . = (. + _Min_Stack_Size)
 *fill*         0x20001470      0x400 
                0x20001870                        . = ALIGN (0x8)

/DISCARD/
 libc.a(*)
 libm.a(*)
 libgcc.a(*)

.ARM.attributes
                0x00000000       0x28
 *(.ARM.attributes)
 .ARM.attributes
                0x00000000       0x1e C:/ST/STM32CubeIDE_1.18.0/STM32CubeIDE/plugins/com.st.stm32cube.ide.mcu.externaltools.gnu-tools-for-stm32.13.3.rel1.win32_1.0.0.202411081344/tools/bin/../lib/gcc/arm-none-eabi/13.3.1/thumb/v6-m/nofp/crti.o
 .ARM.attributes
                0x0000001e       0x2c C:/ST/STM32CubeIDE_1.18.0/STM32CubeIDE/plugins/com.st.stm32cube.ide.mcu.externaltools.gnu-tools-for-stm32.13.3.rel1.win32_1.0.0.202411081344/tools/bin/../lib/gcc/arm-none-eabi/13.3.1/thumb/v6-m/nofp/crtbegin.o
 .ARM.attributes
                0x0000004a       0x2c ./Application/User/Core/freertos.o
 .ARM.attributes
                0x00000076       0x2c ./Application/User/Core/main.o
 .ARM.attributes
                0x000000a2       0x2c ./Application/User/Core/stm32l0xx_hal_msp.o
 .ARM.attributes
                0x000000ce       0x2c ./Application/User/Core/stm32l0xx_hal_timebase_tim.o
 .ARM.attributes
                0x000000fa       0x2c ./Application/User/Core/stm32l0xx_it.o
 .ARM.attributes
                0x00000126       0x22 ./Application/User/Startup/startup_stm32l053r8tx.o
 .ARM.attributes
                0x00000148       0x2c ./Drivers/CMSIS/system_stm32l0xx.o
 .ARM.attributes
                0x00000174       0x2c ./Drivers/STM32L0xx_HAL_Driver/stm32l0xx_hal.o
 .ARM.attributes
                0x000001a0       0x2c ./Drivers/STM32L0xx_HAL_Driver/stm32l0xx_hal_cortex.o
 .ARM.attributes
                0x000001cc       0x2c ./Drivers/STM32L0xx_HAL_Driver/stm32l0xx_hal_gpio.o
 .ARM.attributes
                0x000001f8       0x2c ./Drivers/STM32L0xx_HAL_Driver/stm32l0xx_hal_rcc.o
 .ARM.attributes
                0x00000224       0x2c ./Drivers/STM32L0xx_HAL_Driver/stm32l0xx_hal_rcc_ex.o
 .ARM.attributes
                0x00000250       0x2c ./Drivers/STM32L0xx_HAL_Driver/stm32l0xx_hal_tim.o
 .ARM.attributes
                0x0000027c       0x2c ./Drivers/STM32L0xx_HAL_Driver/stm32l0xx_hal_uart.o
 .ARM.attributes
                0x000002a8       0x2c ./Middlewares/FreeRTOS/cmsis_os.o
 .ARM.attributes
                0x000002d4       0x2c ./Middlewares/FreeRTOS/heap_4.o
 .ARM.attributes
                0x00000300       0x2c ./Middlewares/FreeRTOS/list.o
 .ARM.attributes
                0x0000032c       0x2c ./Middlewares/FreeRTOS/port.o
 .ARM.attributes
                0x00000358       0x2c ./Middlewares/FreeRTOS/tasks.o
 .ARM.attributes
                0x00000384       0x2c C:/ST/STM32CubeIDE_1.18.0/STM32CubeIDE/plugins/com.st.stm32cube.ide.mcu.externaltools.gnu-tools-for-stm32.13.3.rel1.win32_1.0.0.202411081344/tools/bin/../lib/gcc/arm-none-eabi/13.3.1/../../../../arm-none-eabi/lib/thumb/v6-m/nofp\libc_nano.a(libc_a-findfp.o)
 .ARM.attributes
                0x000003b0       0x2c C:/ST/STM32CubeIDE_1.18.0/STM32CubeIDE/plugins/com.st.stm32cube.ide.mcu.externaltools.gnu-tools-for-stm32.13.3.rel1.win32_1.0.0.202411081344/tools/bin/../lib/gcc/arm-none-eabi/13.3.1/../../../../arm-none-eabi/lib/thumb/v6-m/nofp\libc_nano.a(libc_a-memset.o)
 .ARM.attributes
                0x000003dc       0x2c C:/ST/STM32CubeIDE_1.18.0/STM32CubeIDE/plugins/com.st.stm32cube.ide.mcu.externaltools.gnu-tools-for-stm32.13.3.rel1.win32_1.0.0.202411081344/tools/bin/../lib/gcc/arm-none-eabi/13.3.1/../../../../arm-none-eabi/lib/thumb/v6-m/nofp\libc_nano.a(libc_a-reent.o)
 .ARM.attributes
                0x00000408       0x2c C:/ST/STM32CubeIDE_1.18.0/STM32CubeIDE/plugins/com.st.stm32cube.ide.mcu.externaltools.gnu-tools-for-stm32.13.3.rel1.win32_1.0.0.202411081344/tools/bin/../lib/gcc/arm-none-eabi/13.3.1/../../../../arm-none-eabi/lib/thumb/v6-m/nofp\libc_nano.a(libc_a-impure.o)
 .ARM.attributes
                0x00000434       0x2c C:/ST/STM32CubeIDE_1.18.0/STM32CubeIDE/plugins/com.st.stm32cube.ide.mcu.externaltools.gnu-tools-for-stm32.13.3.rel1.win32_1.0.0.202411081344/tools/bin/../lib/gcc/arm-none-eabi/13.3.1/../../../../arm-none-eabi/lib/thumb/v6-m/nofp\libc_nano.a(libc_a-init.o)
 .ARM.attributes
                0x00000460       0x2c C:/ST/STM32CubeIDE_1.18.0/STM32CubeIDE/plugins/com.st.stm32cube.ide.mcu.externaltools.gnu-tools-for-stm32.13.3.rel1.win32_1.0.0.202411081344/tools/bin/../lib/gcc/arm-none-eabi/13.3.1/../../../../arm-none-eabi/lib/thumb/v6-m/nofp\libc_nano.a(libc_a-lock.o)
 .ARM.attributes
                0x0000048c       0x2c C:/ST/STM32CubeIDE_1.18.0/STM32CubeIDE/plugins/com.st.stm32cube.ide.mcu.externaltools.gnu-tools-for-stm32.13.3.rel1.win32_1.0.0.202411081344/tools/bin/../lib/gcc/arm-none-eabi/13.3.1/../../../../arm-none-eabi/lib/thumb/v6-m/nofp\libc_nano.a(libc_a-freer.o)
 .ARM.attributes
                0x000004b8       0x2c C:/ST/STM32CubeIDE_1.18.0/STM32CubeIDE/plugins/com.st.stm32cube.ide.mcu.externaltools.gnu-tools-for-stm32.13.3.rel1.win32_1.0.0.202411081344/tools/bin/../lib/gcc/arm-none-eabi/13.3.1/../../../../arm-none-eabi/lib/thumb/v6-m/nofp\libc_nano.a(libc_a-mallocr.o)
 .ARM.attributes
                0x000004e4       0x2c C:/ST/STM32CubeIDE_1.18.0/STM32CubeIDE/plugins/com.st.stm32cube.ide.mcu.externaltools.gnu-tools-for-stm32.13.3.rel1.win32_1.0.0.202411081344/tools/bin/../lib/gcc/arm-none-eabi/13.3.1/../../../../arm-none-eabi/lib/thumb/v6-m/nofp\libc_nano.a(libc_a-mlock.o)
 .ARM.attributes
                0x00000510       0x1e C:/ST/STM32CubeIDE_1.18.0/STM32CubeIDE/plugins/com.st.stm32cube.ide.mcu.externaltools.gnu-tools-for-stm32.13.3.rel1.win32_1.0.0.202411081344/tools/bin/../lib/gcc/arm-none-eabi/13.3.1/thumb/v6-m/nofp\libgcc.a(_udivsi3.o)
 .ARM.attributes
                0x0000052e       0x1e C:/ST/STM32CubeIDE_1.18.0/STM32CubeIDE/plugins/com.st.stm32cube.ide.mcu.externaltools.gnu-tools-for-stm32.13.3.rel1.win32_1.0.0.202411081344/tools/bin/../lib/gcc/arm-none-eabi/13.3.1/thumb/v6-m/nofp\libgcc.a(_dvmd_tls.o)
 .ARM.attributes
                0x0000054c       0x1e C:/ST/STM32CubeIDE_1.18.0/STM32CubeIDE/plugins/com.st.stm32cube.ide.mcu.externaltools.gnu-tools-for-stm32.13.3.rel1.win32_1.0.0.202411081344/tools/bin/../lib/gcc/arm-none-eabi/13.3.1/thumb/v6-m/nofp\libgcc.a(_aeabi_uldivmod.o)
 .ARM.attributes
                0x0000056a       0x2c C:/ST/STM32CubeIDE_1.18.0/STM32CubeIDE/plugins/com.st.stm32cube.ide.mcu.externaltools.gnu-tools-for-stm32.13.3.rel1.win32_1.0.0.202411081344/tools/bin/../lib/gcc/arm-none-eabi/13.3.1/thumb/v6-m/nofp\libgcc.a(_udivmoddi4.o)
 .ARM.attributes
                0x00000596       0x1e C:/ST/STM32CubeIDE_1.18.0/STM32CubeIDE/plugins/com.st.stm32cube.ide.mcu.externaltools.gnu-tools-for-stm32.13.3.rel1.win32_1.0.0.202411081344/tools/bin/../lib/gcc/arm-none-eabi/13.3.1/thumb/v6-m/nofp\libgcc.a(_clzsi2.o)
 .ARM.attributes
                0x000005b4       0x1e C:/ST/STM32CubeIDE_1.18.0/STM32CubeIDE/plugins/com.st.stm32cube.ide.mcu.externaltools.gnu-tools-for-stm32.13.3.rel1.win32_1.0.0.202411081344/tools/bin/../lib/gcc/arm-none-eabi/13.3.1/thumb/v6-m/nofp\libgcc.a(_clzdi2.o)
 .ARM.attributes
                0x000005d2       0x1e C:/ST/STM32CubeIDE_1.18.0/STM32CubeIDE/plugins/com.st.stm32cube.ide.mcu.externaltools.gnu-tools-for-stm32.13.3.rel1.win32_1.0.0.202411081344/tools/bin/../lib/gcc/arm-none-eabi/13.3.1/thumb/v6-m/nofp/crtn.o
OUTPUT(RTOS_SensorHub_STM32.elf elf32-littlearm)
LOAD linker stubs
LOAD C:/ST/STM32CubeIDE_1.18.0/STM32CubeIDE/plugins/com.st.stm32cube.ide.mcu.externaltools.gnu-tools-for-stm32.13.3.rel1.win32_1.0.0.202411081344/tools/bin/../lib/gcc/arm-none-eabi/13.3.1/../../../../arm-none-eabi/lib/thumb/v6-m/nofp\libc.a
LOAD C:/ST/STM32CubeIDE_1.18.0/STM32CubeIDE/plugins/com.st.stm32cube.ide.mcu.externaltools.gnu-tools-for-stm32.13.3.rel1.win32_1.0.0.202411081344/tools/bin/../lib/gcc/arm-none-eabi/13.3.1/../../../../arm-none-eabi/lib/thumb/v6-m/nofp\libm.a
LOAD C:/ST/STM32CubeIDE_1.18.0/STM32CubeIDE/plugins/com.st.stm32cube.ide.mcu.externaltools.gnu-tools-for-stm32.13.3.rel1.win32_1.0.0.202411081344/tools/bin/../lib/gcc/arm-none-eabi/13.3.1/thumb/v6-m/nofp\libgcc.a

.debug_info     0x00000000    0x11324
 .debug_info    0x00000000      0x919 ./Application/User/Core/freertos.o
 .debug_info    0x00000919     0x1a2d ./Application/User/Core/main.o
 .debug_info    0x00002346      0xa09 ./Application/User/Core/stm32l0xx_hal_msp.o
 .debug_info    0x00002d4f      0x99d ./Application/User/Core/stm32l0xx_hal_timebase_tim.o
 .debug_info    0x000036ec      0x610 ./Application/User/Core/stm32l0xx_it.o
 .debug_info    0x00003cfc       0x30 ./Application/User/Startup/startup_stm32l053r8tx.o
 .debug_info    0x00003d2c      0x2d0 ./Drivers/CMSIS/system_stm32l0xx.o
 .debug_info    0x00003ffc      0x863 ./Drivers/STM32L0xx_HAL_Driver/stm32l0xx_hal.o
 .debug_info    0x0000485f      0x88a ./Drivers/STM32L0xx_HAL_Driver/stm32l0xx_hal_cortex.o
 .debug_info    0x000050e9      0x624 ./Drivers/STM32L0xx_HAL_Driver/stm32l0xx_hal_gpio.o
 .debug_info    0x0000570d      0x9f9 ./Drivers/STM32L0xx_HAL_Driver/stm32l0xx_hal_rcc.o
 .debug_info    0x00006106      0x7e6 ./Drivers/STM32L0xx_HAL_Driver/stm32l0xx_hal_rcc_ex.o
 .debug_info    0x000068ec     0x27d1 ./Drivers/STM32L0xx_HAL_Driver/stm32l0xx_hal_tim.o
 .debug_info    0x000090bd     0x3b66 ./Drivers/STM32L0xx_HAL_Driver/stm32l0xx_hal_uart.o
 .debug_info    0x0000cc23     0x2181 ./Middlewares/FreeRTOS/cmsis_os.o
 .debug_info    0x0000eda4      0x309 ./Middlewares/FreeRTOS/heap_4.o
 .debug_info    0x0000f0ad      0x2af ./Middlewares/FreeRTOS/list.o
 .debug_info    0x0000f35c      0x289 ./Middlewares/FreeRTOS/port.o
 .debug_info    0x0000f5e5     0x1d3f ./Middlewares/FreeRTOS/tasks.o

.debug_abbrev   0x00000000     0x278b
 .debug_abbrev  0x00000000      0x16f ./Application/User/Core/freertos.o
 .debug_abbrev  0x0000016f      0x2ed ./Application/User/Core/main.o
 .debug_abbrev  0x0000045c      0x1bb ./Application/User/Core/stm32l0xx_hal_msp.o
 .debug_abbrev  0x00000617      0x212 ./Application/User/Core/stm32l0xx_hal_timebase_tim.o
 .debug_abbrev  0x00000829      0x18d ./Application/User/Core/stm32l0xx_it.o
 .debug_abbrev  0x000009b6       0x24 ./Application/User/Startup/startup_stm32l053r8tx.o
 .debug_abbrev  0x000009da      0x11c ./Drivers/CMSIS/system_stm32l0xx.o
 .debug_abbrev  0x00000af6      0x2a0 ./Drivers/STM32L0xx_HAL_Driver/stm32l0xx_hal.o
 .debug_abbrev  0x00000d96      0x29b ./Drivers/STM32L0xx_HAL_Driver/stm32l0xx_hal_cortex.o
 .debug_abbrev  0x00001031      0x1ca ./Drivers/STM32L0xx_HAL_Driver/stm32l0xx_hal_gpio.o
 .debug_abbrev  0x000011fb      0x296 ./Drivers/STM32L0xx_HAL_Driver/stm32l0xx_hal_rcc.o
 .debug_abbrev  0x00001491      0x219 ./Drivers/STM32L0xx_HAL_Driver/stm32l0xx_hal_rcc_ex.o
 .debug_abbrev  0x000016aa      0x272 ./Drivers/STM32L0xx_HAL_Driver/stm32l0xx_hal_tim.o
 .debug_abbrev  0x0000191c      0x2e0 ./Drivers/STM32L0xx_HAL_Driver/stm32l0xx_hal_uart.o
 .debug_abbrev  0x00001bfc      0x3ac ./Middlewares/FreeRTOS/cmsis_os.o
 .debug_abbrev  0x00001fa8      0x1a1 ./Middlewares/FreeRTOS/heap_4.o
 .debug_abbrev  0x00002149       0xf5 ./Middlewares/FreeRTOS/list.o
 .debug_abbrev  0x0000223e      0x1ea ./Middlewares/FreeRTOS/port.o
 .debug_abbrev  0x00002428      0x363 ./Middlewares/FreeRTOS/tasks.o

.debug_aranges  0x00000000      0xf60
 .debug_aranges
                0x00000000       0x20 ./Application/User/Core/freertos.o
 .debug_aranges
                0x00000020       0x50 ./Application/User/Core/main.o
 .debug_aranges
                0x00000070       0x30 ./Application/User/Core/stm32l0xx_hal_msp.o
 .debug_aranges
                0x000000a0       0x30 ./Application/User/Core/stm32l0xx_hal_timebase_tim.o
 .debug_aranges
                0x000000d0       0x30 ./Application/User/Core/stm32l0xx_it.o
 .debug_aranges
                0x00000100       0x28 ./Application/User/Startup/startup_stm32l053r8tx.o
 .debug_aranges
                0x00000128       0x28 ./Drivers/CMSIS/system_stm32l0xx.o
 .debug_aranges
                0x00000150      0x110 ./Drivers/STM32L0xx_HAL_Driver/stm32l0xx_hal.o
 .debug_aranges
                0x00000260       0xe8 ./Drivers/STM32L0xx_HAL_Driver/stm32l0xx_hal_cortex.o
 .debug_aranges
                0x00000348       0x58 ./Drivers/STM32L0xx_HAL_Driver/stm32l0xx_hal_gpio.o
 .debug_aranges
                0x000003a0       0x80 ./Drivers/STM32L0xx_HAL_Driver/stm32l0xx_hal_rcc.o
 .debug_aranges
                0x00000420       0xb0 ./Drivers/STM32L0xx_HAL_Driver/stm32l0xx_hal_rcc_ex.o
 .debug_aranges
                0x000004d0      0x3d0 ./Drivers/STM32L0xx_HAL_Driver/stm32l0xx_hal_tim.o
 .debug_aranges
                0x000008a0      0x228 ./Drivers/STM32L0xx_HAL_Driver/stm32l0xx_hal_uart.o
 .debug_aranges
                0x00000ac8      0x1d8 ./Middlewares/FreeRTOS/cmsis_os.o
 .debug_aranges
                0x00000ca0       0x50 ./Middlewares/FreeRTOS/heap_4.o
 .debug_aranges
                0x00000cf0       0x40 ./Middlewares/FreeRTOS/list.o
 .debug_aranges
                0x00000d30       0x88 ./Middlewares/FreeRTOS/port.o
 .debug_aranges
                0x00000db8      0x1a8 ./Middlewares/FreeRTOS/tasks.o

.debug_rnglists
                0x00000000      0xbe1
 .debug_rnglists
                0x00000000       0x13 ./Application/User/Core/freertos.o
 .debug_rnglists
                0x00000013       0x39 ./Application/User/Core/main.o
 .debug_rnglists
                0x0000004c       0x20 ./Application/User/Core/stm32l0xx_hal_msp.o
 .debug_rnglists
                0x0000006c       0x20 ./Application/User/Core/stm32l0xx_hal_timebase_tim.o
 .debug_rnglists
                0x0000008c       0x1f ./Application/User/Core/stm32l0xx_it.o
 .debug_rnglists
                0x000000ab       0x19 ./Application/User/Startup/startup_stm32l053r8tx.o
 .debug_rnglists
                0x000000c4       0x1a ./Drivers/CMSIS/system_stm32l0xx.o
 .debug_rnglists
                0x000000de       0xc7 ./Drivers/STM32L0xx_HAL_Driver/stm32l0xx_hal.o
 .debug_rnglists
                0x000001a5       0xaa ./Drivers/STM32L0xx_HAL_Driver/stm32l0xx_hal_cortex.o
 .debug_rnglists
                0x0000024f       0x3f ./Drivers/STM32L0xx_HAL_Driver/stm32l0xx_hal_gpio.o
 .debug_rnglists
                0x0000028e       0x61 ./Drivers/STM32L0xx_HAL_Driver/stm32l0xx_hal_rcc.o
 .debug_rnglists
                0x000002ef       0x85 ./Drivers/STM32L0xx_HAL_Driver/stm32l0xx_hal_rcc_ex.o
 .debug_rnglists
                0x00000374      0x310 ./Drivers/STM32L0xx_HAL_Driver/stm32l0xx_hal_tim.o
 .debug_rnglists
                0x00000684      0x1db ./Drivers/STM32L0xx_HAL_Driver/stm32l0xx_hal_uart.o
 .debug_rnglists
                0x0000085f      0x168 ./Middlewares/FreeRTOS/cmsis_os.o
 .debug_rnglists
                0x000009c7       0x3b ./Middlewares/FreeRTOS/heap_4.o
 .debug_rnglists
                0x00000a02       0x2b ./Middlewares/FreeRTOS/list.o
 .debug_rnglists
                0x00000a2d       0x61 ./Middlewares/FreeRTOS/port.o
 .debug_rnglists
                0x00000a8e      0x153 ./Middlewares/FreeRTOS/tasks.o

.debug_macro    0x00000000    0x15d3e
 .debug_macro   0x00000000      0x2f5 ./Application/User/Core/freertos.o
 .debug_macro   0x000002f5      0xaae ./Application/User/Core/freertos.o
 .debug_macro   0x00000da3      0x190 ./Application/User/Core/freertos.o
 .debug_macro   0x00000f33       0x22 ./Application/User/Core/freertos.o
 .debug_macro   0x00000f55       0x8e ./Application/User/Core/freertos.o
 .debug_macro   0x00000fe3       0x51 ./Application/User/Core/freertos.o
 .debug_macro   0x00001034      0x103 ./Application/User/Core/freertos.o
 .debug_macro   0x00001137       0x6a ./Application/User/Core/freertos.o
 .debug_macro   0x000011a1      0x1df ./Application/User/Core/freertos.o
 .debug_macro   0x00001380       0xd0 ./Application/User/Core/freertos.o
 .debug_macro   0x00001450      0x15a ./Application/User/Core/freertos.o
 .debug_macro   0x000015aa       0xb2 ./Application/User/Core/freertos.o
 .debug_macro   0x0000165c       0x1c ./Application/User/Core/freertos.o
 .debug_macro   0x00001678       0x26 ./Application/User/Core/freertos.o
 .debug_macro   0x0000169e       0x61 ./Application/User/Core/freertos.o
 .debug_macro   0x000016ff       0x24 ./Application/User/Core/freertos.o
 .debug_macro   0x00001723       0x43 ./Application/User/Core/freertos.o
 .debug_macro   0x00001766       0x34 ./Application/User/Core/freertos.o
 .debug_macro   0x0000179a      0x370 ./Application/User/Core/freertos.o
 .debug_macro   0x00001b0a       0x16 ./Application/User/Core/freertos.o
 .debug_macro   0x00001b20       0x4a ./Application/User/Core/freertos.o
 .debug_macro   0x00001b6a       0x34 ./Application/User/Core/freertos.o
 .debug_macro   0x00001b9e       0x10 ./Application/User/Core/freertos.o
 .debug_macro   0x00001bae       0x58 ./Application/User/Core/freertos.o
 .debug_macro   0x00001c06       0x8e ./Application/User/Core/freertos.o
 .debug_macro   0x00001c94       0x1c ./Application/User/Core/freertos.o
 .debug_macro   0x00001cb0      0x185 ./Application/User/Core/freertos.o
 .debug_macro   0x00001e35       0x10 ./Application/User/Core/freertos.o
 .debug_macro   0x00001e45       0x3c ./Application/User/Core/freertos.o
 .debug_macro   0x00001e81      0x4e9 ./Application/User/Core/freertos.o
 .debug_macro   0x0000236a       0xb5 ./Application/User/Core/freertos.o
 .debug_macro   0x0000241f       0xaa ./Application/User/Core/freertos.o
 .debug_macro   0x000024c9      0x125 ./Application/User/Core/freertos.o
 .debug_macro   0x000025ee       0x2e ./Application/User/Core/freertos.o
 .debug_macro   0x0000261c       0x28 ./Application/User/Core/freertos.o
 .debug_macro   0x00002644       0x1c ./Application/User/Core/freertos.o
 .debug_macro   0x00002660       0x22 ./Application/User/Core/freertos.o
 .debug_macro   0x00002682       0xaf ./Application/User/Core/freertos.o
 .debug_macro   0x00002731      0x4da ./Application/User/Core/freertos.o
 .debug_macro   0x00002c0b      0x11f ./Application/User/Core/freertos.o
 .debug_macro   0x00002d2a     0x9f52 ./Application/User/Core/freertos.o
 .debug_macro   0x0000cc7c       0x66 ./Application/User/Core/freertos.o
 .debug_macro   0x0000cce2     0x35ac ./Application/User/Core/freertos.o
 .debug_macro   0x0001028e       0x56 ./Application/User/Core/freertos.o
 .debug_macro   0x000102e4      0x8e4 ./Application/User/Core/freertos.o
 .debug_macro   0x00010bc8      0x9d2 ./Application/User/Core/freertos.o
 .debug_macro   0x0001159a      0x190 ./Application/User/Core/freertos.o
 .debug_macro   0x0001172a      0x13f ./Application/User/Core/freertos.o
 .debug_macro   0x00011869      0x17d ./Application/User/Core/freertos.o
 .debug_macro   0x000119e6       0x82 ./Application/User/Core/freertos.o
 .debug_macro   0x00011a68      0x28e ./Application/User/Core/freertos.o
 .debug_macro   0x00011cf6      0x1e9 ./Application/User/Core/freertos.o
 .debug_macro   0x00011edf      0x128 ./Application/User/Core/freertos.o
 .debug_macro   0x00012007      0x2ab ./Application/User/Core/freertos.o
 .debug_macro   0x000122b2      0x22c ./Application/User/Core/freertos.o
 .debug_macro   0x000124de       0x5b ./Application/User/Core/freertos.o
 .debug_macro   0x00012539       0xa5 ./Application/User/Core/freertos.o
 .debug_macro   0x000125de      0x180 ./Application/User/Core/freertos.o
 .debug_macro   0x0001275e       0x16 ./Application/User/Core/freertos.o
 .debug_macro   0x00012774      0x788 ./Application/User/Core/freertos.o
 .debug_macro   0x00012efc       0xcc ./Application/User/Core/freertos.o
 .debug_macro   0x00012fc8      0x5cf ./Application/User/Core/freertos.o
 .debug_macro   0x00013597       0x44 ./Application/User/Core/freertos.o
 .debug_macro   0x000135db      0x16c ./Application/User/Core/freertos.o
 .debug_macro   0x00013747       0x4c ./Application/User/Core/freertos.o
 .debug_macro   0x00013793      0x340 ./Application/User/Core/main.o
 .debug_macro   0x00013ad3       0x5c ./Application/User/Core/main.o
 .debug_macro   0x00013b2f       0x91 ./Application/User/Core/main.o
 .debug_macro   0x00013bc0       0x8d ./Application/User/Core/main.o
 .debug_macro   0x00013c4d       0x7e ./Application/User/Core/main.o
 .debug_macro   0x00013ccb       0x19 ./Application/User/Core/main.o
 .debug_macro   0x00013ce4       0xf2 ./Application/User/Core/main.o
 .debug_macro   0x00013dd6      0x1dd ./Application/User/Core/stm32l0xx_hal_msp.o
 .debug_macro   0x00013fb3      0x1ce ./Application/User/Core/stm32l0xx_hal_timebase_tim.o
 .debug_macro   0x00014181      0x1e7 ./Application/User/Core/stm32l0xx_it.o
 .debug_macro   0x00014368      0x1ce ./Drivers/CMSIS/system_stm32l0xx.o
 .debug_macro   0x00014536      0x1f2 ./Drivers/STM32L0xx_HAL_Driver/stm32l0xx_hal.o
 .debug_macro   0x00014728      0x1ce ./Drivers/STM32L0xx_HAL_Driver/stm32l0xx_hal_cortex.o
 .debug_macro   0x000148f6      0x1d5 ./Drivers/STM32L0xx_HAL_Driver/stm32l0xx_hal_gpio.o
 .debug_macro   0x00014acb      0x204 ./Drivers/STM32L0xx_HAL_Driver/stm32l0xx_hal_rcc.o
 .debug_macro   0x00014ccf      0x1ce ./Drivers/STM32L0xx_HAL_Driver/stm32l0xx_hal_rcc_ex.o
 .debug_macro   0x00014e9d      0x1cf ./Drivers/STM32L0xx_HAL_Driver/stm32l0xx_hal_tim.o
 .debug_macro   0x0001506c      0x1f9 ./Drivers/STM32L0xx_HAL_Driver/stm32l0xx_hal_uart.o
 .debug_macro   0x00015265      0x210 ./Middlewares/FreeRTOS/cmsis_os.o
 .debug_macro   0x00015475       0x10 ./Middlewares/FreeRTOS/cmsis_os.o
 .debug_macro   0x00015485       0x20 ./Middlewares/FreeRTOS/cmsis_os.o
 .debug_macro   0x000154a5       0x16 ./Middlewares/FreeRTOS/cmsis_os.o
 .debug_macro   0x000154bb       0x9d ./Middlewares/FreeRTOS/cmsis_os.o
 .debug_macro   0x00015558      0x1c0 ./Middlewares/FreeRTOS/heap_4.o
 .debug_macro   0x00015718      0x199 ./Middlewares/FreeRTOS/list.o
 .debug_macro   0x000158b1      0x1ec ./Middlewares/FreeRTOS/port.o
 .debug_macro   0x00015a9d      0x291 ./Middlewares/FreeRTOS/tasks.o
 .debug_macro   0x00015d2e       0x10 ./Middlewares/FreeRTOS/tasks.o

.debug_line     0x00000000    0x11d76
 .debug_line    0x00000000      0xa15 ./Application/User/Core/freertos.o
 .debug_line    0x00000a15      0xbd6 ./Application/User/Core/main.o
 .debug_line    0x000015eb      0x825 ./Application/User/Core/stm32l0xx_hal_msp.o
 .debug_line    0x00001e10      0x84a ./Application/User/Core/stm32l0xx_hal_timebase_tim.o
 .debug_line    0x0000265a      0x80e ./Application/User/Core/stm32l0xx_it.o
 .debug_line    0x00002e68       0x7b ./Application/User/Startup/startup_stm32l053r8tx.o
 .debug_line    0x00002ee3      0x888 ./Drivers/CMSIS/system_stm32l0xx.o
 .debug_line    0x0000376b      0xb47 ./Drivers/STM32L0xx_HAL_Driver/stm32l0xx_hal.o
 .debug_line    0x000042b2      0xc18 ./Drivers/STM32L0xx_HAL_Driver/stm32l0xx_hal_cortex.o
 .debug_line    0x00004eca      0xba7 ./Drivers/STM32L0xx_HAL_Driver/stm32l0xx_hal_gpio.o
 .debug_line    0x00005a71     0x10a0 ./Drivers/STM32L0xx_HAL_Driver/stm32l0xx_hal_rcc.o
 .debug_line    0x00006b11      0xeaa ./Drivers/STM32L0xx_HAL_Driver/stm32l0xx_hal_rcc_ex.o
 .debug_line    0x000079bb     0x306d ./Drivers/STM32L0xx_HAL_Driver/stm32l0xx_hal_tim.o
 .debug_line    0x0000aa28     0x2f05 ./Drivers/STM32L0xx_HAL_Driver/stm32l0xx_hal_uart.o
 .debug_line    0x0000d92d     0x1344 ./Middlewares/FreeRTOS/cmsis_os.o
 .debug_line    0x0000ec71      0x96e ./Middlewares/FreeRTOS/heap_4.o
 .debug_line    0x0000f5df      0x7eb ./Middlewares/FreeRTOS/list.o
 .debug_line    0x0000fdca      0x8d2 ./Middlewares/FreeRTOS/port.o
 .debug_line    0x0001069c     0x16da ./Middlewares/FreeRTOS/tasks.o

.debug_str      0x00000000    0x87d86
 .debug_str     0x00000000    0x87d86 ./Application/User/Core/freertos.o
                              0x80096 (size before relaxing)
 .debug_str     0x00087d86    0x82fa2 ./Application/User/Core/main.o
 .debug_str     0x00087d86    0x797ca ./Application/User/Core/stm32l0xx_hal_msp.o
 .debug_str     0x00087d86    0x7980c ./Application/User/Core/stm32l0xx_hal_timebase_tim.o
 .debug_str     0x00087d86    0x7958d ./Application/User/Core/stm32l0xx_it.o
 .debug_str     0x00087d86       0xb2 ./Application/User/Startup/startup_stm32l053r8tx.o
 .debug_str     0x00087d86    0x790a2 ./Drivers/CMSIS/system_stm32l0xx.o
 .debug_str     0x00087d86    0x7979a ./Drivers/STM32L0xx_HAL_Driver/stm32l0xx_hal.o
 .debug_str     0x00087d86    0x79536 ./Drivers/STM32L0xx_HAL_Driver/stm32l0xx_hal_cortex.o
 .debug_str     0x00087d86    0x79242 ./Drivers/STM32L0xx_HAL_Driver/stm32l0xx_hal_gpio.o
 .debug_str     0x00087d86    0x795cb ./Drivers/STM32L0xx_HAL_Driver/stm32l0xx_hal_rcc.o
 .debug_str     0x00087d86    0x79592 ./Drivers/STM32L0xx_HAL_Driver/stm32l0xx_hal_rcc_ex.o
 .debug_str     0x00087d86    0x7a37a ./Drivers/STM32L0xx_HAL_Driver/stm32l0xx_hal_tim.o
 .debug_str     0x00087d86    0x79e62 ./Drivers/STM32L0xx_HAL_Driver/stm32l0xx_hal_uart.o
 .debug_str     0x00087d86     0xe4eb ./Middlewares/FreeRTOS/cmsis_os.o
 .debug_str     0x00087d86     0xafee ./Middlewares/FreeRTOS/heap_4.o
 .debug_str     0x00087d86     0xa804 ./Middlewares/FreeRTOS/list.o
 .debug_str     0x00087d86     0xb173 ./Middlewares/FreeRTOS/port.o
 .debug_str     0x00087d86     0xcdd3 ./Middlewares/FreeRTOS/tasks.o

.comment        0x00000000       0x43
 .comment       0x00000000       0x43 ./Application/User/Core/freertos.o
                                 0x44 (size before relaxing)
 .comment       0x00000043       0x44 ./Application/User/Core/main.o
 .comment       0x00000043       0x44 ./Application/User/Core/stm32l0xx_hal_msp.o
 .comment       0x00000043       0x44 ./Application/User/Core/stm32l0xx_hal_timebase_tim.o
 .comment       0x00000043       0x44 ./Application/User/Core/stm32l0xx_it.o
 .comment       0x00000043       0x44 ./Drivers/CMSIS/system_stm32l0xx.o
 .comment       0x00000043       0x44 ./Drivers/STM32L0xx_HAL_Driver/stm32l0xx_hal.o
 .comment       0x00000043       0x44 ./Drivers/STM32L0xx_HAL_Driver/stm32l0xx_hal_cortex.o
 .comment       0x00000043       0x44 ./Drivers/STM32L0xx_HAL_Driver/stm32l0xx_hal_gpio.o
 .comment       0x00000043       0x44 ./Drivers/STM32L0xx_HAL_Driver/stm32l0xx_hal_rcc.o
 .comment       0x00000043       0x44 ./Drivers/STM32L0xx_HAL_Driver/stm32l0xx_hal_rcc_ex.o
 .comment       0x00000043       0x44 ./Drivers/STM32L0xx_HAL_Driver/stm32l0xx_hal_tim.o
 .comment       0x00000043       0x44 ./Drivers/STM32L0xx_HAL_Driver/stm32l0xx_hal_uart.o
 .comment       0x00000043       0x44 ./Middlewares/FreeRTOS/cmsis_os.o
 .comment       0x00000043       0x44 ./Middlewares/FreeRTOS/heap_4.o
 .comment       0x00000043       0x44 ./Middlewares/FreeRTOS/list.o
 .comment       0x00000043       0x44 ./Middlewares/FreeRTOS/port.o
 .comment       0x00000043       0x44 ./Middlewares/FreeRTOS/tasks.o

.debug_frame    0x00000000     0x3964
 .debug_frame   0x00000000       0x30 ./Application/User/Core/freertos.o
 .debug_frame   0x00000030       0xe8 ./Application/User/Core/main.o
 .debug_frame   0x00000118       0x6c ./Application/User/Core/stm32l0xx_hal_msp.o
 .debug_frame   0x00000184       0x6c ./Application/User/Core/stm32l0xx_hal_timebase_tim.o
 .debug_frame   0x000001f0       0x64 ./Application/User/Core/stm32l0xx_it.o
 .debug_frame   0x00000254       0x4c ./Drivers/CMSIS/system_stm32l0xx.o
 .debug_frame   0x000002a0      0x394 ./Drivers/STM32L0xx_HAL_Driver/stm32l0xx_hal.o
 .debug_frame   0x00000634      0x33c ./Drivers/STM32L0xx_HAL_Driver/stm32l0xx_hal_cortex.o
 .debug_frame   0x00000970      0x110 ./Drivers/STM32L0xx_HAL_Driver/stm32l0xx_hal_gpio.o
 .debug_frame   0x00000a80      0x1a4 ./Drivers/STM32L0xx_HAL_Driver/stm32l0xx_hal_rcc.o
 .debug_frame   0x00000c24      0x244 ./Drivers/STM32L0xx_HAL_Driver/stm32l0xx_hal_rcc_ex.o
 .debug_frame   0x00000e68      0xef8 ./Drivers/STM32L0xx_HAL_Driver/stm32l0xx_hal_tim.o
 .debug_frame   0x00001d60      0x854 ./Drivers/STM32L0xx_HAL_Driver/stm32l0xx_hal_uart.o
 .debug_frame   0x000025b4      0x6f4 ./Middlewares/FreeRTOS/cmsis_os.o
 .debug_frame   0x00002ca8       0xe4 ./Middlewares/FreeRTOS/heap_4.o
 .debug_frame   0x00002d8c       0xb0 ./Middlewares/FreeRTOS/list.o
 .debug_frame   0x00002e3c      0x174 ./Middlewares/FreeRTOS/port.o
 .debug_frame   0x00002fb0      0x63c ./Middlewares/FreeRTOS/tasks.o
 .debug_frame   0x000035ec      0x138 C:/ST/STM32CubeIDE_1.18.0/STM32CubeIDE/plugins/com.st.stm32cube.ide.mcu.externaltools.gnu-tools-for-stm32.13.3.rel1.win32_1.0.0.202411081344/tools/bin/../lib/gcc/arm-none-eabi/13.3.1/../../../../arm-none-eabi/lib/thumb/v6-m/nofp\libc_nano.a(libc_a-findfp.o)
 .debug_frame   0x00003724       0x20 C:/ST/STM32CubeIDE_1.18.0/STM32CubeIDE/plugins/com.st.stm32cube.ide.mcu.externaltools.gnu-tools-for-stm32.13.3.rel1.win32_1.0.0.202411081344/tools/bin/../lib/gcc/arm-none-eabi/13.3.1/../../../../arm-none-eabi/lib/thumb/v6-m/nofp\libc_nano.a(libc_a-memset.o)
 .debug_frame   0x00003744       0x2c C:/ST/STM32CubeIDE_1.18.0/STM32CubeIDE/plugins/com.st.stm32cube.ide.mcu.externaltools.gnu-tools-for-stm32.13.3.rel1.win32_1.0.0.202411081344/tools/bin/../lib/gcc/arm-none-eabi/13.3.1/../../../../arm-none-eabi/lib/thumb/v6-m/nofp\libc_nano.a(libc_a-reent.o)
 .debug_frame   0x00003770       0x2c C:/ST/STM32CubeIDE_1.18.0/STM32CubeIDE/plugins/com.st.stm32cube.ide.mcu.externaltools.gnu-tools-for-stm32.13.3.rel1.win32_1.0.0.202411081344/tools/bin/../lib/gcc/arm-none-eabi/13.3.1/../../../../arm-none-eabi/lib/thumb/v6-m/nofp\libc_nano.a(libc_a-init.o)
 .debug_frame   0x0000379c       0xb0 C:/ST/STM32CubeIDE_1.18.0/STM32CubeIDE/plugins/com.st.stm32cube.ide.mcu.externaltools.gnu-tools-for-stm32.13.3.rel1.win32_1.0.0.202411081344/tools/bin/../lib/gcc/arm-none-eabi/13.3.1/../../../../arm-none-eabi/lib/thumb/v6-m/nofp\libc_nano.a(libc_a-lock.o)
 .debug_frame   0x0000384c       0x2c C:/ST/STM32CubeIDE_1.18.0/STM32CubeIDE/plugins/com.st.stm32cube.ide.mcu.externaltools.gnu-tools-for-stm32.13.3.rel1.win32_1.0.0.202411081344/tools/bin/../lib/gcc/arm-none-eabi/13.3.1/../../../../arm-none-eabi/lib/thumb/v6-m/nofp\libc_nano.a(libc_a-freer.o)
 .debug_frame   0x00003878       0x50 C:/ST/STM32CubeIDE_1.18.0/STM32CubeIDE/plugins/com.st.stm32cube.ide.mcu.externaltools.gnu-tools-for-stm32.13.3.rel1.win32_1.0.0.202411081344/tools/bin/../lib/gcc/arm-none-eabi/13.3.1/../../../../arm-none-eabi/lib/thumb/v6-m/nofp\libc_nano.a(libc_a-mallocr.o)
 .debug_frame   0x000038c8       0x40 C:/ST/STM32CubeIDE_1.18.0/STM32CubeIDE/plugins/com.st.stm32cube.ide.mcu.externaltools.gnu-tools-for-stm32.13.3.rel1.win32_1.0.0.202411081344/tools/bin/../lib/gcc/arm-none-eabi/13.3.1/../../../../arm-none-eabi/lib/thumb/v6-m/nofp\libc_nano.a(libc_a-mlock.o)
 .debug_frame   0x00003908       0x20 C:/ST/STM32CubeIDE_1.18.0/STM32CubeIDE/plugins/com.st.stm32cube.ide.mcu.externaltools.gnu-tools-for-stm32.13.3.rel1.win32_1.0.0.202411081344/tools/bin/../lib/gcc/arm-none-eabi/13.3.1/thumb/v6-m/nofp\libgcc.a(_udivsi3.o)
 .debug_frame   0x00003928       0x3c C:/ST/STM32CubeIDE_1.18.0/STM32CubeIDE/plugins/com.st.stm32cube.ide.mcu.externaltools.gnu-tools-for-stm32.13.3.rel1.win32_1.0.0.202411081344/tools/bin/../lib/gcc/arm-none-eabi/13.3.1/thumb/v6-m/nofp\libgcc.a(_udivmoddi4.o)

.debug_line_str
                0x00000000       0x96
 .debug_line_str
                0x00000000       0x96 ./Application/User/Startup/startup_stm32l053r8tx.o
