Archive member included to satisfy reference by file (symbol)

C:/ST/STM32CubeIDE_1.18.0/STM32CubeIDE/plugins/com.st.stm32cube.ide.mcu.externaltools.gnu-tools-for-stm32.13.3.rel1.win32_1.0.0.202411081344/tools/bin/../lib/gcc/arm-none-eabi/13.3.1/../../../../arm-none-eabi/lib/thumb/v6-m/nofp\libc_nano.a(libc_a-exit.o)
                              C:/ST/STM32CubeIDE_1.18.0/STM32CubeIDE/plugins/com.st.stm32cube.ide.mcu.externaltools.gnu-tools-for-stm32.13.3.rel1.win32_1.0.0.202411081344/tools/bin/../lib/gcc/arm-none-eabi/13.3.1/../../../../arm-none-eabi/lib/thumb/v6-m/nofp/crt0.o (exit)
C:/ST/STM32CubeIDE_1.18.0/STM32CubeIDE/plugins/com.st.stm32cube.ide.mcu.externaltools.gnu-tools-for-stm32.13.3.rel1.win32_1.0.0.202411081344/tools/bin/../lib/gcc/arm-none-eabi/13.3.1/../../../../arm-none-eabi/lib/thumb/v6-m/nofp\libc_nano.a(libc_a-findfp.o)
                              ./Middlewares/FreeRTOS/tasks.o (__sf)
C:/ST/STM32CubeIDE_1.18.0/STM32CubeIDE/plugins/com.st.stm32cube.ide.mcu.externaltools.gnu-tools-for-stm32.13.3.rel1.win32_1.0.0.202411081344/tools/bin/../lib/gcc/arm-none-eabi/13.3.1/../../../../arm-none-eabi/lib/thumb/v6-m/nofp\libc_nano.a(libc_a-fwalk.o)
                              C:/ST/STM32CubeIDE_1.18.0/STM32CubeIDE/plugins/com.st.stm32cube.ide.mcu.externaltools.gnu-tools-for-stm32.13.3.rel1.win32_1.0.0.202411081344/tools/bin/../lib/gcc/arm-none-eabi/13.3.1/../../../../arm-none-eabi/lib/thumb/v6-m/nofp\libc_nano.a(libc_a-findfp.o) (_fwalk_sglue)
C:/ST/STM32CubeIDE_1.18.0/STM32CubeIDE/plugins/com.st.stm32cube.ide.mcu.externaltools.gnu-tools-for-stm32.13.3.rel1.win32_1.0.0.202411081344/tools/bin/../lib/gcc/arm-none-eabi/13.3.1/../../../../arm-none-eabi/lib/thumb/v6-m/nofp\libc_nano.a(libc_a-puts.o)
                              ./Application/User/app_src/app.o (puts)
C:/ST/STM32CubeIDE_1.18.0/STM32CubeIDE/plugins/com.st.stm32cube.ide.mcu.externaltools.gnu-tools-for-stm32.13.3.rel1.win32_1.0.0.202411081344/tools/bin/../lib/gcc/arm-none-eabi/13.3.1/../../../../arm-none-eabi/lib/thumb/v6-m/nofp\libc_nano.a(libc_a-stdio.o)
                              C:/ST/STM32CubeIDE_1.18.0/STM32CubeIDE/plugins/com.st.stm32cube.ide.mcu.externaltools.gnu-tools-for-stm32.13.3.rel1.win32_1.0.0.202411081344/tools/bin/../lib/gcc/arm-none-eabi/13.3.1/../../../../arm-none-eabi/lib/thumb/v6-m/nofp\libc_nano.a(libc_a-findfp.o) (__sread)
C:/ST/STM32CubeIDE_1.18.0/STM32CubeIDE/plugins/com.st.stm32cube.ide.mcu.externaltools.gnu-tools-for-stm32.13.3.rel1.win32_1.0.0.202411081344/tools/bin/../lib/gcc/arm-none-eabi/13.3.1/../../../../arm-none-eabi/lib/thumb/v6-m/nofp\libc_nano.a(libc_a-wbuf.o)
                              C:/ST/STM32CubeIDE_1.18.0/STM32CubeIDE/plugins/com.st.stm32cube.ide.mcu.externaltools.gnu-tools-for-stm32.13.3.rel1.win32_1.0.0.202411081344/tools/bin/../lib/gcc/arm-none-eabi/13.3.1/../../../../arm-none-eabi/lib/thumb/v6-m/nofp\libc_nano.a(libc_a-puts.o) (__swbuf_r)
C:/ST/STM32CubeIDE_1.18.0/STM32CubeIDE/plugins/com.st.stm32cube.ide.mcu.externaltools.gnu-tools-for-stm32.13.3.rel1.win32_1.0.0.202411081344/tools/bin/../lib/gcc/arm-none-eabi/13.3.1/../../../../arm-none-eabi/lib/thumb/v6-m/nofp\libc_nano.a(libc_a-wsetup.o)
                              C:/ST/STM32CubeIDE_1.18.0/STM32CubeIDE/plugins/com.st.stm32cube.ide.mcu.externaltools.gnu-tools-for-stm32.13.3.rel1.win32_1.0.0.202411081344/tools/bin/../lib/gcc/arm-none-eabi/13.3.1/../../../../arm-none-eabi/lib/thumb/v6-m/nofp\libc_nano.a(libc_a-puts.o) (__swsetup_r)
C:/ST/STM32CubeIDE_1.18.0/STM32CubeIDE/plugins/com.st.stm32cube.ide.mcu.externaltools.gnu-tools-for-stm32.13.3.rel1.win32_1.0.0.202411081344/tools/bin/../lib/gcc/arm-none-eabi/13.3.1/../../../../arm-none-eabi/lib/thumb/v6-m/nofp\libc_nano.a(libc_a-memset.o)
                              C:/ST/STM32CubeIDE_1.18.0/STM32CubeIDE/plugins/com.st.stm32cube.ide.mcu.externaltools.gnu-tools-for-stm32.13.3.rel1.win32_1.0.0.202411081344/tools/bin/../lib/gcc/arm-none-eabi/13.3.1/../../../../arm-none-eabi/lib/thumb/v6-m/nofp/crt0.o (memset)
C:/ST/STM32CubeIDE_1.18.0/STM32CubeIDE/plugins/com.st.stm32cube.ide.mcu.externaltools.gnu-tools-for-stm32.13.3.rel1.win32_1.0.0.202411081344/tools/bin/../lib/gcc/arm-none-eabi/13.3.1/../../../../arm-none-eabi/lib/thumb/v6-m/nofp\libc_nano.a(libc_a-closer.o)
                              C:/ST/STM32CubeIDE_1.18.0/STM32CubeIDE/plugins/com.st.stm32cube.ide.mcu.externaltools.gnu-tools-for-stm32.13.3.rel1.win32_1.0.0.202411081344/tools/bin/../lib/gcc/arm-none-eabi/13.3.1/../../../../arm-none-eabi/lib/thumb/v6-m/nofp\libc_nano.a(libc_a-stdio.o) (_close_r)
C:/ST/STM32CubeIDE_1.18.0/STM32CubeIDE/plugins/com.st.stm32cube.ide.mcu.externaltools.gnu-tools-for-stm32.13.3.rel1.win32_1.0.0.202411081344/tools/bin/../lib/gcc/arm-none-eabi/13.3.1/../../../../arm-none-eabi/lib/thumb/v6-m/nofp\libc_nano.a(libc_a-reent.o)
                              ./Middlewares/FreeRTOS/tasks.o (_reclaim_reent)
[...]
Memory Configuration

Name             Origin             Length             Attributes
RAM              0x20000000         0x00002000         xrw
FLASH            0x08000000         0x00010000         xr
*default*        0x00000000         0xffffffff

Linker script and memory map

LOAD C:/ST/STM32CubeIDE_1.18.0/STM32CubeIDE/plugins/com.st.stm32cube.ide.mcu.externaltools.gnu-tools-for-stm32.13.3.rel1.win32_1.0.0.202411081344/tools/bin/../lib/gcc/arm-none-eabi/13.3.1/thumb/v6-m/nofp/crti.o
LOAD C:/ST/STM32CubeIDE_1.18.0/STM32CubeIDE/plugins/com.st.stm32cube.ide.mcu.externaltools.gnu-tools-for-stm32.13.3.rel1.win32_1.0.0.202411081344/tools/bin/../lib/gcc/arm-none-eabi/13.3.1/thumb/v6-m/nofp/crtbegin.o
LOAD C:/ST/STM32CubeIDE_1.18.0/STM32CubeIDE/plugins/com.st.stm32cube.ide.mcu.externaltools.gnu-tools-for-stm32.13.3.rel1.win32_1.0.0.202411081344/tools/bin/../lib/gcc/arm-none-eabi/13.3.1/../../../../arm-none-eabi/lib/thumb/v6-m/nofp/crt0.o
LOAD ./Application/User/Core/freertos.o
LOAD ./Application/User/Core/gpio.o
LOAD ./Application/User/Core/main.o
LOAD ./Application/User/Core/stm32l0xx_hal_msp.o
LOAD ./Application/User/Core/stm32l0xx_hal_timebase_tim.o
LOAD ./Application/User/Core/stm32l0xx_it.o
LOAD ./Application/User/Core/syscalls.o
LOAD ./Application/User/Core/sysmem.o
LOAD ./Application/User/Core/usart.o
LOAD ./Application/User/Startup/startup_stm32l053r8tx.o
LOAD ./Application/User/app_src/app.o
LOAD ./Application/User/app_src/bme280_driver.o
LOAD ./Application/User/app_src/lis2dw12_driver.o
LOAD ./Application/User/app_src/retarget.o
LOAD ./Application/User/app_src/sensor_task.o
LOAD ./Drivers/CMSIS/system_stm32l0xx.o
LOAD ./Drivers/STM32L0xx_HAL_Driver/stm32l0xx_hal.o
LOAD ./Drivers/STM32L0xx_HAL_Driver/stm32l0xx_hal_cortex.o
LOAD ./Drivers/STM32L0xx_HAL_Driver/stm32l0xx_hal_dma.o
LOAD ./Drivers/STM32L0xx_HAL_Driver/stm32l0xx_hal_exti.o
LOAD ./Drivers/STM32L0xx_HAL_Driver/stm32l0xx_hal_flash.o
LOAD ./Drivers/STM32L0xx_HAL_Driver/stm32l0xx_hal_flash_ex.o
LOAD ./Drivers/STM32L0xx_HAL_Driver/stm32l0xx_hal_flash_ramfunc.o
LOAD ./Drivers/STM32L0xx_HAL_Driver/stm32l0xx_hal_gpio.o
LOAD ./Drivers/STM32L0xx_HAL_Driver/stm32l0xx_hal_i2c.o
LOAD ./Drivers/STM32L0xx_HAL_Driver/stm32l0xx_hal_i2c_ex.o
LOAD ./Drivers/STM32L0xx_HAL_Driver/stm32l0xx_hal_pwr.o
LOAD ./Drivers/STM32L0xx_HAL_Driver/stm32l0xx_hal_pwr_ex.o
LOAD ./Drivers/STM32L0xx_HAL_Driver/stm32l0xx_hal_rcc.o
LOAD ./Drivers/STM32L0xx_HAL_Driver/stm32l0xx_hal_rcc_ex.o
LOAD ./Drivers/STM32L0xx_HAL_Driver/stm32l0xx_hal_tim.o
LOAD ./Drivers/STM32L0xx_HAL_Driver/stm32l0xx_hal_tim_ex.o
LOAD ./Drivers/STM32L0xx_HAL_Driver/stm32l0xx_hal_uart.o
LOAD ./Drivers/STM32L0xx_HAL_Driver/stm32l0xx_hal_uart_ex.o
LOAD ./Middlewares/FreeRTOS/cmsis_os.o
LOAD ./Middlewares/FreeRTOS/croutine.o
LOAD ./Middlewares/FreeRTOS/event_groups.o
LOAD ./Middlewares/FreeRTOS/heap_4.o
LOAD ./Middlewares/FreeRTOS/list.o
LOAD ./Middlewares/FreeRTOS/port.o
LOAD ./Middlewares/FreeRTOS/queue.o
LOAD ./Middlewares/FreeRTOS/stream_buffer.o
LOAD ./Middlewares/FreeRTOS/tasks.o
LOAD ./Middlewares/FreeRTOS/timers.o
START GROUP
LOAD C:/ST/STM32CubeIDE_1.18.0/STM32CubeIDE/plugins/com.st.stm32cube.ide.mcu.externaltools.gnu-tools-for-stm32.13.3.rel1.win32_1.0.0.202411081344/tools/bin/../lib/gcc/arm-none-eabi/13.3.1/../../../../arm-none-eabi/lib/thumb/v6-m/nofp\libc_nano.a
LOAD C:/ST/STM32CubeIDE_1.18.0/STM32CubeIDE/plugins/com.st.stm32cube.ide.mcu.externaltools.gnu-tools-for-stm32.13.3.rel1.win32_1.0.0.202411081344/tools/bin/../lib/gcc/arm-none-eabi/13.3.1/../../../../arm-none-eabi/lib/thumb/v6-m/nofp\libm.a
END GROUP
START GROUP
LOAD C:/ST/STM32CubeIDE_1.18.0/STM32CubeIDE/plugins/com.st.stm32cube.ide.mcu.externaltools.gnu-tools-for-stm32.13.3.rel1.win32_1.0.0.202411081344/tools/bin/../lib/gcc/arm-none-eabi/13.3.1/thumb/v6-m/nofp\libgcc.a
LOAD C:/ST/STM32CubeIDE_1.18.0/STM32CubeIDE/plugins/com.st.stm32cube.ide.mcu.externaltools.gnu-tools-for-stm32.13.3.rel1.win32_1.0.0.202411081344/tools/bin/../lib/gcc/arm-none-eabi/13.3.1/../../../../arm-none-eabi/lib/thumb/v6-m/nofp\libc_nano.a
END GROUP
START GROUP
LOAD C:/ST/STM32CubeIDE_1.18.0/STM32CubeIDE/plugins/com.st.stm32cube.ide.mcu.externaltools.gnu-tools-for-stm32.13.3.rel1.win32_1.0.0.202411081344/tools/bin/../lib/gcc/arm-none-eabi/13.3.1/thumb/v6-m/nofp\libgcc.a
LOAD C:/ST/STM32CubeIDE_1.18.0/STM32CubeIDE/plugins/com.st.stm32cube.ide.mcu.externaltools.gnu-tools-for-stm32.13.3.rel1.win32_1.0.0.202411081344/tools/bin/../lib/gcc/arm-none-eabi/13.3.1/../../../../arm-none-eabi/lib/thumb/v6-m/nofp\libc_nano.a
LOAD C:/ST/STM32CubeIDE_1.18.0/STM32CubeIDE/plugins/com.st.stm32cube.ide.mcu.externaltools.gnu-tools-for-stm32.13.3.rel1.win32_1.0.0.202411081344/tools/bin/../lib/gcc/arm-none-eabi/13.3.1/../../../../arm-none-eabi/lib/thumb/v6-m/nofp\libnosys.a
END GROUP
START GROUP
LOAD C:/ST/STM32CubeIDE_1.18.0/STM32CubeIDE/plugins/com.st.stm32cube.ide.mcu.externaltools.gnu-tools-for-stm32.13.3.rel1.win32_1.0.0.202411081344/tools/bin/../lib/gcc/arm-none-eabi/13.3.1/thumb/v6-m/nofp\libgcc.a
LOAD C:/ST/STM32CubeIDE_1.18.0/STM32CubeIDE/plugins/com.st.stm32cube.ide.mcu.externaltools.gnu-tools-for-stm32.13.3.rel1.win32_1.0.0.202411081344/tools/bin/../lib/gcc/arm-none-eabi/13.3.1/../../../../arm-none-eabi/lib/thumb/v6-m/nofp\libc_nano.a
LOAD C:/ST/STM32CubeIDE_1.18.0/STM32CubeIDE/plugins/com.st.stm32cube.ide.mcu.externaltools.gnu-tools-for-stm32.13.3.rel1.win32_1.0.0.202411081344/tools/bin/../lib/gcc/arm-none-eabi/13.3.1/../../../../arm-none-eabi/lib/thumb/v6-m/nofp\libnosys.a
END GROUP
LOAD C:/ST/STM32CubeIDE_1.18.0/STM32CubeIDE/plugins/com.st.stm32cube.ide.mcu.externaltools.gnu-tools-for-stm32.13.3.rel1.win32_1.0.0.202411081344/tools/bin/../lib/gcc/arm-none-eabi/13.3.1/thumb/v6-m/nofp/crtend.o
LOAD C:/ST/STM32CubeIDE_1.18.0/STM32CubeIDE/plugins/com.st.stm32cube.ide.mcu.externaltools.gnu-tools-for-stm32.13.3.rel1.win32_1.0.0.202411081344/tools/bin/../lib/gcc/arm-none-eabi/13.3.1/thumb/v6-m/nofp/crtn.o
                0x20002000                        _estack = (ORIGIN (RAM) + LENGTH (RAM))
                0x00000200                        _Min_Heap_Size = 0x200
                0x00000400                        _Min_Stack_Size = 0x400

.isr_vector     0x08000000       0xc0
                0x08000000                        . = ALIGN (0x4)
 *(.isr_vector)
 .isr_vector    0x08000000       0xc0 ./Application/User/Startup/startup_stm32l053r8tx.o
                0x08000000                g_pfnVectors
                0x080000c0                        . = ALIGN (0x4)

.text           0x080000c0     0x4a2c
                0x080000c0                        . = ALIGN (0x4)
 *(.text)
 .text          0x080000c0       0x48 C:/ST/STM32CubeIDE_1.18.0/STM32CubeIDE/plugins/com.st.stm32cube.ide.mcu.externaltools.gnu-tools-for-stm32.13.3.rel1.win32_1.0.0.202411081344/tools/bin/../lib/gcc/arm-none-eabi/13.3.1/thumb/v6-m/nofp/crtbegin.o
 .text          0x08000108      0x114 C:/ST/STM32CubeIDE_1.18.0/STM32CubeIDE/plugins/com.st.stm32cube.ide.mcu.externaltools.gnu-tools-for-stm32.13.3.rel1.win32_1.0.0.202411081344/tools/bin/../lib/gcc/arm-none-eabi/13.3.1/thumb/v6-m/nofp\libgcc.a(_udivsi3.o)
                0x08000108                __aeabi_uidiv
                0x08000108                __udivsi3
                0x08000214                __aeabi_uidivmod
 .text          0x0800021c        0x4 C:/ST/STM32CubeIDE_1.18.0/STM32CubeIDE/plugins/com.st.stm32cube.ide.mcu.externaltools.gnu-tools-for-stm32.13.3.rel1.win32_1.0.0.202411081344/tools/bin/../lib/gcc/arm-none-eabi/13.3.1/thumb/v6-m/nofp\libgcc.a(_dvmd_tls.o)
                0x0800021c                __aeabi_idiv0
                0x0800021c                __aeabi_ldiv0
 .text          0x08000220       0x40 C:/ST/STM32CubeIDE_1.18.0/STM32CubeIDE/plugins/com.st.stm32cube.ide.mcu.externaltools.gnu-tools-for-stm32.13.3.rel1.win32_1.0.0.202411081344/tools/bin/../lib/gcc/arm-none-eabi/13.3.1/thumb/v6-m/nofp\libgcc.a(_aeabi_uldivmod.o)
                0x08000220                __aeabi_uldivmod
 .text          0x08000260      0x198 C:/ST/STM32CubeIDE_1.18.0/STM32CubeIDE/plugins/com.st.stm32cube.ide.mcu.externaltools.gnu-tools-for-stm32.13.3.rel1.win32_1.0.0.202411081344/tools/bin/../lib/gcc/arm-none-eabi/13.3.1/thumb/v6-m/nofp\libgcc.a(_udivmoddi4.o)
                0x08000260                __udivmoddi4
 .text          0x080003f8       0x18 C:/ST/STM32CubeIDE_1.18.0/STM32CubeIDE/plugins/com.st.stm32cube.ide.mcu.externaltools.gnu-tools-for-stm32.13.3.rel1.win32_1.0.0.202411081344/tools/bin/../lib/gcc/arm-none-eabi/13.3.1/thumb/v6-m/nofp\libgcc.a(_clzdi2.o)
                0x080003f8                __clzdi2
 .text          0x08000410       0x3c C:/ST/STM32CubeIDE_1.18.0/STM32CubeIDE/plugins/com.st.stm32cube.ide.mcu.externaltools.gnu-tools-for-stm32.13.3.rel1.win32_1.0.0.202411081344/tools/bin/../lib/gcc/arm-none-eabi/13.3.1/thumb/v6-m/nofp\libgcc.a(_clzsi2.o)
                0x08000410                __clzsi2
 *(.text*)
 .text.vApplicationGetIdleTaskMemory
                0x0800044c       0x30 ./Application/User/Core/freertos.o
                0x0800044c                vApplicationGetIdleTaskMemory
 .text.MX_FREERTOS_Init
                0x0800047c       0x38 ./Application/User/Core/freertos.o
                0x0800047c                MX_FREERTOS_Init
 .text.StartDefaultTask
                0x080004b4       0x10 ./Application/User/Core/freertos.o
                0x080004b4                StartDefaultTask
 .text.MX_GPIO_Init
                0x080004c4       0xc8 ./Application/User/Core/gpio.o
                0x080004c4                MX_GPIO_Init
 .text.main     0x0800058c       0x24 ./Application/User/Core/main.o
                0x0800058c                main
 .text.SystemClock_Config
                0x080005b0       0xd8 ./Application/User/Core/main.o
                0x080005b0                SystemClock_Config
 .text.HAL_TIM_PeriodElapsedCallback
                0x08000688       0x24 ./Application/User/Core/main.o
                0x08000688                HAL_TIM_PeriodElapsedCallback
 .text.Error_Handler
                0x080006ac        0xc ./Application/User/Core/main.o
                0x080006ac                Error_Handler
 .text.HAL_MspInit
                0x080006b8       0x38 ./Application/User/Core/stm32l0xx_hal_msp.o
                0x080006b8                HAL_MspInit
 .text.HAL_InitTick
                0x080006f0       0xfc ./Application/User/Core/stm32l0xx_hal_timebase_tim.o
                0x080006f0                HAL_InitTick
 .text.NMI_Handler
                0x080007ec        0x8 ./Application/User/Core/stm32l0xx_it.o
                0x080007ec                NMI_Handler
 .text.HardFault_Handler
                0x080007f4        0x8 ./Application/User/Core/stm32l0xx_it.o
                0x080007f4                HardFault_Handler
 .text.TIM6_DAC_IRQHandler
                0x080007fc       0x18 ./Application/User/Core/stm32l0xx_it.o
                0x080007fc                TIM6_DAC_IRQHandler
 .text._read    0x08000814       0x3a ./Application/User/Core/syscalls.o
                0x08000814                _read
 .text._write   0x0800084e       0x38 ./Application/User/Core/syscalls.o
                0x0800084e                _write
 .text._close   0x08000886       0x14 ./Application/User/Core/syscalls.o
                0x08000886                _close
 .text._fstat   0x0800089a       0x1c ./Application/User/Core/syscalls.o
                0x0800089a                _fstat
 .text._isatty  0x080008b6       0x12 ./Application/User/Core/syscalls.o
                0x080008b6                _isatty
 .text._lseek   0x080008c8       0x16 ./Application/User/Core/syscalls.o
                0x080008c8                _lseek
 *fill*         0x080008de        0x2 
 .text._sbrk    0x080008e0       0x6c ./Application/User/Core/sysmem.o
                0x080008e0                _sbrk
 .text.MX_USART2_UART_Init
                0x0800094c       0x60 ./Application/User/Core/usart.o
                0x0800094c                MX_USART2_UART_Init
 .text.HAL_UART_MspInit
                0x080009ac       0x88 ./Application/User/Core/usart.o
                0x080009ac                HAL_UART_MspInit
 .text.Reset_Handler
                0x08000a34       0x50 ./Application/User/Startup/startup_stm32l053r8tx.o
                0x08000a34                Reset_Handler
 .text.Default_Handler
                0x08000a84        0x2 ./Application/User/Startup/startup_stm32l053r8tx.o
                0x08000a84                TSC_IRQHandler
                0x08000a84                ADC1_COMP_IRQHandler
                0x08000a84                PVD_IRQHandler
                0x08000a84                I2C1_IRQHandler
                0x08000a84                RCC_CRS_IRQHandler
                0x08000a84                SPI1_IRQHandler
                0x08000a84                EXTI2_3_IRQHandler
                0x08000a84                I2C2_IRQHandler
                0x08000a84                RTC_IRQHandler
                0x08000a84                LCD_IRQHandler
                0x08000a84                DMA1_Channel4_5_6_7_IRQHandler
                0x08000a84                EXTI4_15_IRQHandler
                0x08000a84                DMA1_Channel1_IRQHandler
                0x08000a84                Default_Handler
                0x08000a84                TIM22_IRQHandler
                0x08000a84                EXTI0_1_IRQHandler
                0x08000a84                USB_IRQHandler
                0x08000a84                SPI2_IRQHandler
                0x08000a84                TIM21_IRQHandler
                0x08000a84                WWDG_IRQHandler
                0x08000a84                TIM2_IRQHandler
                0x08000a84                DMA1_Channel2_3_IRQHandler
                0x08000a84                USART2_IRQHandler
                0x08000a84                FLASH_IRQHandler
                0x08000a84                USART1_IRQHandler
                0x08000a84                RNG_LPUART1_IRQHandler
                0x08000a84                LPTIM1_IRQHandler
 *fill*         0x08000a86        0x2 
 .text.App_Init
                0x08000a88       0x28 ./Application/User/app_src/app.o
                0x08000a88                App_Init
 .text.__io_putchar
                0x08000ab0       0x30 ./Application/User/app_src/retarget.o
                0x08000ab0                __io_putchar
 .text.Sensor_Init
                0x08000ae0       0x58 ./Application/User/app_src/sensor_task.o
                0x08000ae0                Sensor_Init
 .text.SensorTask
                0x08000b38       0x30 ./Application/User/app_src/sensor_task.o
                0x08000b38                SensorTask
 .text.SystemInit
                0x08000b68        0xa ./Drivers/CMSIS/system_stm32l0xx.o
                0x08000b68                SystemInit
 *fill*         0x08000b72        0x2 
 .text.HAL_Init
                0x08000b74       0x40 ./Drivers/STM32L0xx_HAL_Driver/stm32l0xx_hal.o
                0x08000b74                HAL_Init
 .text.HAL_IncTick
                0x08000bb4       0x24 ./Drivers/STM32L0xx_HAL_Driver/stm32l0xx_hal.o
                0x08000bb4                HAL_IncTick
 .text.HAL_GetTick
                0x08000bd8       0x14 ./Drivers/STM32L0xx_HAL_Driver/stm32l0xx_hal.o
                0x08000bd8                HAL_GetTick
 .text.__NVIC_EnableIRQ
                0x08000bec       0x34 ./Drivers/STM32L0xx_HAL_Driver/stm32l0xx_hal_cortex.o
 .text.__NVIC_SetPriority
                0x08000c20       0xdc ./Drivers/STM32L0xx_HAL_Driver/stm32l0xx_hal_cortex.o
 .text.HAL_NVIC_SetPriority
                0x08000cfc       0x2a ./Drivers/STM32L0xx_HAL_Driver/stm32l0xx_hal_cortex.o
                0x08000cfc                HAL_NVIC_SetPriority
 .text.HAL_NVIC_EnableIRQ
                0x08000d26       0x20 ./Drivers/STM32L0xx_HAL_Driver/stm32l0xx_hal_cortex.o
                0x08000d26                HAL_NVIC_EnableIRQ
 *fill*         0x08000d46        0x2 
 .text.HAL_GPIO_Init
                0x08000d48      0x2ec ./Drivers/STM32L0xx_HAL_Driver/stm32l0xx_hal_gpio.o
                0x08000d48                HAL_GPIO_Init
 .text.HAL_GPIO_WritePin
                0x08001034       0x3a ./Drivers/STM32L0xx_HAL_Driver/stm32l0xx_hal_gpio.o
                0x08001034                HAL_GPIO_WritePin
 *fill*         0x0800106e        0x2 
 .text.HAL_RCC_OscConfig
                0x08001070      0x788 ./Drivers/STM32L0xx_HAL_Driver/stm32l0xx_hal_rcc.o
                0x08001070                HAL_RCC_OscConfig
 .text.HAL_RCC_ClockConfig
                0x080017f8      0x290 ./Drivers/STM32L0xx_HAL_Driver/stm32l0xx_hal_rcc.o
                0x080017f8                HAL_RCC_ClockConfig
 .text.HAL_RCC_GetSysClockFreq
                0x08001a88      0x10c ./Drivers/STM32L0xx_HAL_Driver/stm32l0xx_hal_rcc.o
                0x08001a88                HAL_RCC_GetSysClockFreq
 .text.HAL_RCC_GetHCLKFreq
                0x08001b94       0x14 ./Drivers/STM32L0xx_HAL_Driver/stm32l0xx_hal_rcc.o
                0x08001b94                HAL_RCC_GetHCLKFreq
 .text.HAL_RCC_GetPCLK1Freq
                0x08001ba8       0x2c ./Drivers/STM32L0xx_HAL_Driver/stm32l0xx_hal_rcc.o
                0x08001ba8                HAL_RCC_GetPCLK1Freq
 .text.HAL_RCC_GetPCLK2Freq
                0x08001bd4       0x2c ./Drivers/STM32L0xx_HAL_Driver/stm32l0xx_hal_rcc.o
                0x08001bd4                HAL_RCC_GetPCLK2Freq
 .text.HAL_RCC_GetClockConfig
                0x08001c00       0x64 ./Drivers/STM32L0xx_HAL_Driver/stm32l0xx_hal_rcc.o
                0x08001c00                HAL_RCC_GetClockConfig
 .text.HAL_RCCEx_PeriphCLKConfig
                0x08001c64      0x31c ./Drivers/STM32L0xx_HAL_Driver/stm32l0xx_hal_rcc_ex.o
                0x08001c64                HAL_RCCEx_PeriphCLKConfig
 .text.HAL_TIM_Base_Init
                0x08001f80       0x80 ./Drivers/STM32L0xx_HAL_Driver/stm32l0xx_hal_tim.o
                0x08001f80                HAL_TIM_Base_Init
 .text.HAL_TIM_Base_MspInit
                0x08002000       0x10 ./Drivers/STM32L0xx_HAL_Driver/stm32l0xx_hal_tim.o
                0x08002000                HAL_TIM_Base_MspInit
 .text.HAL_TIM_Base_Start_IT
                0x08002010       0x98 ./Drivers/STM32L0xx_HAL_Driver/stm32l0xx_hal_tim.o
                0x08002010                HAL_TIM_Base_Start_IT
 .text.HAL_TIM_IRQHandler
                0x080020a8      0x198 ./Drivers/STM32L0xx_HAL_Driver/stm32l0xx_hal_tim.o
                0x080020a8                HAL_TIM_IRQHandler
 .text.HAL_TIM_OC_DelayElapsedCallback
                0x08002240       0x10 ./Drivers/STM32L0xx_HAL_Driver/stm32l0xx_hal_tim.o
                0x08002240                HAL_TIM_OC_DelayElapsedCallback
 .text.HAL_TIM_IC_CaptureCallback
                0x08002250       0x10 ./Drivers/STM32L0xx_HAL_Driver/stm32l0xx_hal_tim.o
                0x08002250                HAL_TIM_IC_CaptureCallback
 .text.HAL_TIM_PWM_PulseFinishedCallback
                0x08002260       0x10 ./Drivers/STM32L0xx_HAL_Driver/stm32l0xx_hal_tim.o
                0x08002260                HAL_TIM_PWM_PulseFinishedCallback
 .text.HAL_TIM_TriggerCallback
                0x08002270       0x10 ./Drivers/STM32L0xx_HAL_Driver/stm32l0xx_hal_tim.o
                0x08002270                HAL_TIM_TriggerCallback
 .text.TIM_Base_SetConfig
                0x08002280       0xb4 ./Drivers/STM32L0xx_HAL_Driver/stm32l0xx_hal_tim.o
 .text.HAL_UART_Init
                0x08002334       0xa8 ./Drivers/STM32L0xx_HAL_Driver/stm32l0xx_hal_uart.o
                0x08002334                HAL_UART_Init
 .text.HAL_UART_Transmit
                0x080023dc      0x13e ./Drivers/STM32L0xx_HAL_Driver/stm32l0xx_hal_uart.o
                0x080023dc                HAL_UART_Transmit
 *fill*         0x0800251a        0x2 
 .text.UART_SetConfig
                0x0800251c      0x508 ./Drivers/STM32L0xx_HAL_Driver/stm32l0xx_hal_uart.o
                0x0800251c                UART_SetConfig
 .text.UART_AdvFeatureConfig
                0x08002a24      0x168 ./Drivers/STM32L0xx_HAL_Driver/stm32l0xx_hal_uart.o
                0x08002a24                UART_AdvFeatureConfig
 .text.UART_CheckIdleState
                0x08002b8c      0x150 ./Drivers/STM32L0xx_HAL_Driver/stm32l0xx_hal_uart.o
                0x08002b8c                UART_CheckIdleState
 .text.UART_WaitOnFlagUntilTimeout
                0x08002cdc       0xde ./Drivers/STM32L0xx_HAL_Driver/stm32l0xx_hal_uart.o
                0x08002cdc                UART_WaitOnFlagUntilTimeout
 *fill*         0x08002dba        0x2 
 .text.UART_EndRxTransfer
                0x08002dbc       0xc8 ./Drivers/STM32L0xx_HAL_Driver/stm32l0xx_hal_uart.o
 .text.makeFreeRtosPriority
                0x08002e84       0x32 ./Middlewares/FreeRTOS/cmsis_os.o
 .text.osKernelStart
                0x08002eb6       0x10 ./Middlewares/FreeRTOS/cmsis_os.o
                0x08002eb6                osKernelStart
 .text.osThreadCreate
                0x08002ec6       0x9a ./Middlewares/FreeRTOS/cmsis_os.o
                0x08002ec6                osThreadCreate
 .text.osDelay  0x08002f60       0x28 ./Middlewares/FreeRTOS/cmsis_os.o
                0x08002f60                osDelay
 .text.pvPortMalloc
                0x08002f88      0x150 ./Middlewares/FreeRTOS/heap_4.o
                0x08002f88                pvPortMalloc
 .text.vPortFree
                0x080030d8       0x94 ./Middlewares/FreeRTOS/heap_4.o
                0x080030d8                vPortFree
 .text.prvHeapInit
                0x0800316c       0xc0 ./Middlewares/FreeRTOS/heap_4.o
 .text.prvInsertBlockIntoFreeList
                0x0800322c       0xb0 ./Middlewares/FreeRTOS/heap_4.o
 .text.vListInitialise
                0x080032dc       0x3c ./Middlewares/FreeRTOS/list.o
                0x080032dc                vListInitialise
 .text.vListInitialiseItem
                0x08003318       0x16 ./Middlewares/FreeRTOS/list.o
                0x08003318                vListInitialiseItem
 .text.vListInsertEnd
                0x0800332e       0x44 ./Middlewares/FreeRTOS/list.o
                0x0800332e                vListInsertEnd
 .text.vListInsert
                0x08003372       0x6c ./Middlewares/FreeRTOS/list.o
                0x08003372                vListInsert
 .text.uxListRemove
                0x080033de       0x50 ./Middlewares/FreeRTOS/list.o
                0x080033de                uxListRemove
 *fill*         0x0800342e        0x2 
 .text.pxPortInitialiseStack
                0x08003430       0x54 ./Middlewares/FreeRTOS/port.o
                0x08003430                pxPortInitialiseStack
 .text.prvTaskExitError
                0x08003484       0x30 ./Middlewares/FreeRTOS/port.o
 .text.SVC_Handler
                0x080034b4        0xa ./Middlewares/FreeRTOS/port.o
                0x080034b4                SVC_Handler
 *fill*         0x080034be        0x2 
 .text.vPortStartFirstTask
                0x080034c0       0x38 ./Middlewares/FreeRTOS/port.o
 .text.xPortStartScheduler
                0x080034f8       0x48 ./Middlewares/FreeRTOS/port.o
                0x080034f8                xPortStartScheduler
 .text.vPortYield
                0x08003540       0x20 ./Middlewares/FreeRTOS/port.o
                0x08003540                vPortYield
 .text.vPortEnterCritical
                0x08003560       0x24 ./Middlewares/FreeRTOS/port.o
                0x08003560                vPortEnterCritical
 .text.vPortExitCritical
                0x08003584       0x30 ./Middlewares/FreeRTOS/port.o
                0x08003584                vPortExitCritical
 .text.ulSetInterruptMaskFromISR
                0x080035b4        0xc ./Middlewares/FreeRTOS/port.o
                0x080035b4                ulSetInterruptMaskFromISR
 .text.vClearInterruptMaskFromISR
                0x080035c0        0x8 ./Middlewares/FreeRTOS/port.o
                0x080035c0                vClearInterruptMaskFromISR
 *fill*         0x080035c8        0x8 
 .text.PendSV_Handler
                0x080035d0       0x48 ./Middlewares/FreeRTOS/port.o
                0x080035d0                PendSV_Handler
 .text.SysTick_Handler
                0x08003618       0x34 ./Middlewares/FreeRTOS/port.o
                0x08003618                SysTick_Handler
 .text.prvSetupTimerInterrupt
                0x0800364c       0x44 ./Middlewares/FreeRTOS/port.o
 .text.xTaskCreateStatic
                0x08003690       0x8e ./Middlewares/FreeRTOS/tasks.o
                0x08003690                xTaskCreateStatic
 .text.xTaskCreate
                0x0800371e       0x98 ./Middlewares/FreeRTOS/tasks.o
                0x0800371e                xTaskCreate
 *fill*         0x080037b6        0x2 
 .text.prvInitialiseNewTask
                0x080037b8      0x134 ./Middlewares/FreeRTOS/tasks.o
 .text.prvAddNewTaskToReadyList
                0x080038ec       0xc8 ./Middlewares/FreeRTOS/tasks.o
 .text.vTaskDelay
                0x080039b4       0x4c ./Middlewares/FreeRTOS/tasks.o
                0x080039b4                vTaskDelay
 .text.vTaskStartScheduler
                0x08003a00       0xb0 ./Middlewares/FreeRTOS/tasks.o
                0x08003a00                vTaskStartScheduler
 .text.vTaskSuspendAll
                0x08003ab0       0x18 ./Middlewares/FreeRTOS/tasks.o
                0x08003ab0                vTaskSuspendAll
 .text.xTaskResumeAll
                0x08003ac8      0x118 ./Middlewares/FreeRTOS/tasks.o
                0x08003ac8                xTaskResumeAll
 .text.xTaskIncrementTick
                0x08003be0      0x160 ./Middlewares/FreeRTOS/tasks.o
                0x08003be0                xTaskIncrementTick
 .text.vTaskSwitchContext
                0x08003d40       0xb4 ./Middlewares/FreeRTOS/tasks.o
                0x08003d40                vTaskSwitchContext
 .text.prvIdleTask
                0x08003df4       0x20 ./Middlewares/FreeRTOS/tasks.o
 .text.prvInitialiseTaskLists
                0x08003e14       0x88 ./Middlewares/FreeRTOS/tasks.o
 .text.prvCheckTasksWaitingTermination
                0x08003e9c       0x5c ./Middlewares/FreeRTOS/tasks.o
 .text.prvDeleteTCB
                0x08003ef8       0x5c ./Middlewares/FreeRTOS/tasks.o
 .text.prvResetNextTaskUnblockTime
                0x08003f54       0x3c ./Middlewares/FreeRTOS/tasks.o
 .text.prvAddCurrentTaskToDelayedList
                0x08003f90       0xa8 ./Middlewares/FreeRTOS/tasks.o
 .text.std      0x08004038       0x6c C:/ST/STM32CubeIDE_1.18.0/STM32CubeIDE/plugins/com.st.stm32cube.ide.mcu.externaltools.gnu-tools-for-stm32.13.3.rel1.win32_1.0.0.202411081344/tools/bin/../lib/gcc/arm-none-eabi/13.3.1/../../../../arm-none-eabi/lib/thumb/v6-m/nofp\libc_nano.a(libc_a-findfp.o)
 .text.stdio_exit_handler
                0x080040a4       0x1c C:/ST/STM32CubeIDE_1.18.0/STM32CubeIDE/plugins/com.st.stm32cube.ide.mcu.externaltools.gnu-tools-for-stm32.13.3.rel1.win32_1.0.0.202411081344/tools/bin/../lib/gcc/arm-none-eabi/13.3.1/../../../../arm-none-eabi/lib/thumb/v6-m/nofp\libc_nano.a(libc_a-findfp.o)
 .text.cleanup_stdio
                0x080040c0       0x3c C:/ST/STM32CubeIDE_1.18.0/STM32CubeIDE/plugins/com.st.stm32cube.ide.mcu.externaltools.gnu-tools-for-stm32.13.3.rel1.win32_1.0.0.202411081344/tools/bin/../lib/gcc/arm-none-eabi/13.3.1/../../../../arm-none-eabi/lib/thumb/v6-m/nofp\libc_nano.a(libc_a-findfp.o)
 .text.global_stdio_init.part.0
                0x080040fc       0x3c C:/ST/STM32CubeIDE_1.18.0/STM32CubeIDE/plugins/com.st.stm32cube.ide.mcu.externaltools.gnu-tools-for-stm32.13.3.rel1.win32_1.0.0.202411081344/tools/bin/../lib/gcc/arm-none-eabi/13.3.1/../../../../arm-none-eabi/lib/thumb/v6-m/nofp\libc_nano.a(libc_a-findfp.o)
 .text.__sfp_lock_acquire
                0x08004138       0x10 C:/ST/STM32CubeIDE_1.18.0/STM32CubeIDE/plugins/com.st.stm32cube.ide.mcu.externaltools.gnu-tools-for-stm32.13.3.rel1.win32_1.0.0.202411081344/tools/bin/../lib/gcc/arm-none-eabi/13.3.1/../../../../arm-none-eabi/lib/thumb/v6-m/nofp\libc_nano.a(libc_a-findfp.o)
                0x08004138                __sfp_lock_acquire
 .text.__sfp_lock_release
                0x08004148       0x10 C:/ST/STM32CubeIDE_1.18.0/STM32CubeIDE/plugins/com.st.stm32cube.ide.mcu.externaltools.gnu-tools-for-stm32.13.3.rel1.win32_1.0.0.202411081344/tools/bin/../lib/gcc/arm-none-eabi/13.3.1/../../../../arm-none-eabi/lib/thumb/v6-m/nofp\libc_nano.a(libc_a-findfp.o)
                0x08004148                __sfp_lock_release
 .text.__sinit  0x08004158       0x30 C:/ST/STM32CubeIDE_1.18.0/STM32CubeIDE/plugins/com.st.stm32cube.ide.mcu.externaltools.gnu-tools-for-stm32.13.3.rel1.win32_1.0.0.202411081344/tools/bin/../lib/gcc/arm-none-eabi/13.3.1/../../../../arm-none-eabi/lib/thumb/v6-m/nofp\libc_nano.a(libc_a-findfp.o)
                0x08004158                __sinit
 .text._fwalk_sglue
                0x08004188       0x38 C:/ST/STM32CubeIDE_1.18.0/STM32CubeIDE/plugins/com.st.stm32cube.ide.mcu.externaltools.gnu-tools-for-stm32.13.3.rel1.win32_1.0.0.202411081344/tools/bin/../lib/gcc/arm-none-eabi/13.3.1/../../../../arm-none-eabi/lib/thumb/v6-m/nofp\libc_nano.a(libc_a-fwalk.o)
                0x08004188                _fwalk_sglue
 .text._puts_r  0x080041c0       0xac C:/ST/STM32CubeIDE_1.18.0/STM32CubeIDE/plugins/com.st.stm32cube.ide.mcu.externaltools.gnu-tools-for-stm32.13.3.rel1.win32_1.0.0.202411081344/tools/bin/../lib/gcc/arm-none-eabi/13.3.1/../../../../arm-none-eabi/lib/thumb/v6-m/nofp\libc_nano.a(libc_a-puts.o)
                0x080041c0                _puts_r
 .text.puts     0x0800426c       0x14 C:/ST/STM32CubeIDE_1.18.0/STM32CubeIDE/plugins/com.st.stm32cube.ide.mcu.externaltools.gnu-tools-for-stm32.13.3.rel1.win32_1.0.0.202411081344/tools/bin/../lib/gcc/arm-none-eabi/13.3.1/../../../../arm-none-eabi/lib/thumb/v6-m/nofp\libc_nano.a(libc_a-puts.o)
                0x0800426c                puts
 .text.__sread  0x08004280       0x28 C:/ST/STM32CubeIDE_1.18.0/STM32CubeIDE/plugins/com.st.stm32cube.ide.mcu.externaltools.gnu-tools-for-stm32.13.3.rel1.win32_1.0.0.202411081344/tools/bin/../lib/gcc/arm-none-eabi/13.3.1/../../../../arm-none-eabi/lib/thumb/v6-m/nofp\libc_nano.a(libc_a-stdio.o)
                0x08004280                __sread
 .text.__swrite
                0x080042a8       0x38 C:/ST/STM32CubeIDE_1.18.0/STM32CubeIDE/plugins/com.st.stm32cube.ide.mcu.externaltools.gnu-tools-for-stm32.13.3.rel1.win32_1.0.0.202411081344/tools/bin/../lib/gcc/arm-none-eabi/13.3.1/../../../../arm-none-eabi/lib/thumb/v6-m/nofp\libc_nano.a(libc_a-stdio.o)
                0x080042a8                __swrite
 .text.__sseek  0x080042e0       0x2c C:/ST/STM32CubeIDE_1.18.0/STM32CubeIDE/plugins/com.st.stm32cube.ide.mcu.externaltools.gnu-tools-for-stm32.13.3.rel1.win32_1.0.0.202411081344/tools/bin/../lib/gcc/arm-none-eabi/13.3.1/../../../../arm-none-eabi/lib/thumb/v6-m/nofp\libc_nano.a(libc_a-stdio.o)
                0x080042e0                __sseek
 .text.__sclose
                0x0800430c        0xc C:/ST/STM32CubeIDE_1.18.0/STM32CubeIDE/plugins/com.st.stm32cube.ide.mcu.externaltools.gnu-tools-for-stm32.13.3.rel1.win32_1.0.0.202411081344/tools/bin/../lib/gcc/arm-none-eabi/13.3.1/../../../../arm-none-eabi/lib/thumb/v6-m/nofp\libc_nano.a(libc_a-stdio.o)
                0x0800430c                __sclose
 .text.__swbuf_r
                0x08004318       0x84 C:/ST/STM32CubeIDE_1.18.0/STM32CubeIDE/plugins/com.st.stm32cube.ide.mcu.externaltools.gnu-tools-for-stm32.13.3.rel1.win32_1.0.0.202411081344/tools/bin/../lib/gcc/arm-none-eabi/13.3.1/../../../../arm-none-eabi/lib/thumb/v6-m/nofp\libc_nano.a(libc_a-wbuf.o)
                0x08004318                __swbuf_r
 .text.__swsetup_r
                0x0800439c       0xbc C:/ST/STM32CubeIDE_1.18.0/STM32CubeIDE/plugins/com.st.stm32cube.ide.mcu.externaltools.gnu-tools-for-stm32.13.3.rel1.win32_1.0.0.202411081344/tools/bin/../lib/gcc/arm-none-eabi/13.3.1/../../../../arm-none-eabi/lib/thumb/v6-m/nofp\libc_nano.a(libc_a-wsetup.o)
                0x0800439c                __swsetup_r
 .text.memset   0x08004458       0x10 C:/ST/STM32CubeIDE_1.18.0/STM32CubeIDE/plugins/com.st.stm32cube.ide.mcu.externaltools.gnu-tools-for-stm32.13.3.rel1.win32_1.0.0.202411081344/tools/bin/../lib/gcc/arm-none-eabi/13.3.1/../../../../arm-none-eabi/lib/thumb/v6-m/nofp\libc_nano.a(libc_a-memset.o)
                0x08004458                memset
 .text._close_r
                0x08004468       0x24 C:/ST/STM32CubeIDE_1.18.0/STM32CubeIDE/plugins/com.st.stm32cube.ide.mcu.externaltools.gnu-tools-for-stm32.13.3.rel1.win32_1.0.0.202411081344/tools/bin/../lib/gcc/arm-none-eabi/13.3.1/../../../../arm-none-eabi/lib/thumb/v6-m/nofp\libc_nano.a(libc_a-closer.o)
                0x08004468                _close_r
 .text._reclaim_reent
                0x0800448c       0xd4 C:/ST/STM32CubeIDE_1.18.0/STM32CubeIDE/plugins/com.st.stm32cube.ide.mcu.externaltools.gnu-tools-for-stm32.13.3.rel1.win32_1.0.0.202411081344/tools/bin/../lib/gcc/arm-none-eabi/13.3.1/../../../../arm-none-eabi/lib/thumb/v6-m/nofp\libc_nano.a(libc_a-reent.o)
                0x0800448c                _reclaim_reent
 .text._lseek_r
                0x08004560       0x28 C:/ST/STM32CubeIDE_1.18.0/STM32CubeIDE/plugins/com.st.stm32cube.ide.mcu.externaltools.gnu-tools-for-stm32.13.3.rel1.win32_1.0.0.202411081344/tools/bin/../lib/gcc/arm-none-eabi/13.3.1/../../../../arm-none-eabi/lib/thumb/v6-m/nofp\libc_nano.a(libc_a-lseekr.o)
                0x08004560                _lseek_r
 .text._read_r  0x08004588       0x28 C:/ST/STM32CubeIDE_1.18.0/STM32CubeIDE/plugins/com.st.stm32cube.ide.mcu.externaltools.gnu-tools-for-stm32.13.3.rel1.win32_1.0.0.202411081344/tools/bin/../lib/gcc/arm-none-eabi/13.3.1/../../../../arm-none-eabi/lib/thumb/v6-m/nofp\libc_nano.a(libc_a-readr.o)
                0x08004588                _read_r
 .text._write_r
                0x080045b0       0x28 C:/ST/STM32CubeIDE_1.18.0/STM32CubeIDE/plugins/com.st.stm32cube.ide.mcu.externaltools.gnu-tools-for-stm32.13.3.rel1.win32_1.0.0.202411081344/tools/bin/../lib/gcc/arm-none-eabi/13.3.1/../../../../arm-none-eabi/lib/thumb/v6-m/nofp\libc_nano.a(libc_a-writer.o)
                0x080045b0                _write_r
 .text.__errno  0x080045d8        0xc C:/ST/STM32CubeIDE_1.18.0/STM32CubeIDE/plugins/com.st.stm32cube.ide.mcu.externaltools.gnu-tools-for-stm32.13.3.rel1.win32_1.0.0.202411081344/tools/bin/../lib/gcc/arm-none-eabi/13.3.1/../../../../arm-none-eabi/lib/thumb/v6-m/nofp\libc_nano.a(libc_a-errno.o)
                0x080045d8                __errno
 .text.__libc_init_array
                0x080045e4       0x48 C:/ST/STM32CubeIDE_1.18.0/STM32CubeIDE/plugins/com.st.stm32cube.ide.mcu.externaltools.gnu-tools-for-stm32.13.3.rel1.win32_1.0.0.202411081344/tools/bin/../lib/gcc/arm-none-eabi/13.3.1/../../../../arm-none-eabi/lib/thumb/v6-m/nofp\libc_nano.a(libc_a-init.o)
                0x080045e4                __libc_init_array
 .text.__retarget_lock_init_recursive
                0x0800462c        0x2 C:/ST/STM32CubeIDE_1.18.0/STM32CubeIDE/plugins/com.st.stm32cube.ide.mcu.externaltools.gnu-tools-for-stm32.13.3.rel1.win32_1.0.0.202411081344/tools/bin/../lib/gcc/arm-none-eabi/13.3.1/../../../../arm-none-eabi/lib/thumb/v6-m/nofp\libc_nano.a(libc_a-lock.o)
                0x0800462c                __retarget_lock_init_recursive
 .text.__retarget_lock_acquire_recursive
                0x0800462e        0x2 C:/ST/STM32CubeIDE_1.18.0/STM32CubeIDE/plugins/com.st.stm32cube.ide.mcu.externaltools.gnu-tools-for-stm32.13.3.rel1.win32_1.0.0.202411081344/tools/bin/../lib/gcc/arm-none-eabi/13.3.1/../../../../arm-none-eabi/lib/thumb/v6-m/nofp\libc_nano.a(libc_a-lock.o)
                0x0800462e                __retarget_lock_acquire_recursive
 .text.__retarget_lock_release_recursive
                0x08004630        0x2 C:/ST/STM32CubeIDE_1.18.0/STM32CubeIDE/plugins/com.st.stm32cube.ide.mcu.externaltools.gnu-tools-for-stm32.13.3.rel1.win32_1.0.0.202411081344/tools/bin/../lib/gcc/arm-none-eabi/13.3.1/../../../../arm-none-eabi/lib/thumb/v6-m/nofp\libc_nano.a(libc_a-lock.o)
                0x08004630                __retarget_lock_release_recursive
 *fill*         0x08004632        0x2 
 .text._free_r  0x08004634       0x94 C:/ST/STM32CubeIDE_1.18.0/STM32CubeIDE/plugins/com.st.stm32cube.ide.mcu.externaltools.gnu-tools-for-stm32.13.3.rel1.win32_1.0.0.202411081344/tools/bin/../lib/gcc/arm-none-eabi/13.3.1/../../../../arm-none-eabi/lib/thumb/v6-m/nofp\libc_nano.a(libc_a-freer.o)
                0x08004634                _free_r
 .text.sbrk_aligned
                0x080046c8       0x44 C:/ST/STM32CubeIDE_1.18.0/STM32CubeIDE/plugins/com.st.stm32cube.ide.mcu.externaltools.gnu-tools-for-stm32.13.3.rel1.win32_1.0.0.202411081344/tools/bin/../lib/gcc/arm-none-eabi/13.3.1/../../../../arm-none-eabi/lib/thumb/v6-m/nofp\libc_nano.a(libc_a-mallocr.o)
 .text._malloc_r
                0x0800470c      0x100 C:/ST/STM32CubeIDE_1.18.0/STM32CubeIDE/plugins/com.st.stm32cube.ide.mcu.externaltools.gnu-tools-for-stm32.13.3.rel1.win32_1.0.0.202411081344/tools/bin/../lib/gcc/arm-none-eabi/13.3.1/../../../../arm-none-eabi/lib/thumb/v6-m/nofp\libc_nano.a(libc_a-mallocr.o)
                0x0800470c                _malloc_r
 .text.__malloc_lock
                0x0800480c       0x10 C:/ST/STM32CubeIDE_1.18.0/STM32CubeIDE/plugins/com.st.stm32cube.ide.mcu.externaltools.gnu-tools-for-stm32.13.3.rel1.win32_1.0.0.202411081344/tools/bin/../lib/gcc/arm-none-eabi/13.3.1/../../../../arm-none-eabi/lib/thumb/v6-m/nofp\libc_nano.a(libc_a-mlock.o)
                0x0800480c                __malloc_lock
 .text.__malloc_unlock
                0x0800481c       0x10 C:/ST/STM32CubeIDE_1.18.0/STM32CubeIDE/plugins/com.st.stm32cube.ide.mcu.externaltools.gnu-tools-for-stm32.13.3.rel1.win32_1.0.0.202411081344/tools/bin/../lib/gcc/arm-none-eabi/13.3.1/../../../../arm-none-eabi/lib/thumb/v6-m/nofp\libc_nano.a(libc_a-mlock.o)
                0x0800481c                __malloc_unlock
 .text.__sflush_r
                0x0800482c      0x10c C:/ST/STM32CubeIDE_1.18.0/STM32CubeIDE/plugins/com.st.stm32cube.ide.mcu.externaltools.gnu-tools-for-stm32.13.3.rel1.win32_1.0.0.202411081344/tools/bin/../lib/gcc/arm-none-eabi/13.3.1/../../../../arm-none-eabi/lib/thumb/v6-m/nofp\libc_nano.a(libc_a-fflush.o)
                0x0800482c                __sflush_r
 .text._fflush_r
                0x08004938       0x56 C:/ST/STM32CubeIDE_1.18.0/STM32CubeIDE/plugins/com.st.stm32cube.ide.mcu.externaltools.gnu-tools-for-stm32.13.3.rel1.win32_1.0.0.202411081344/tools/bin/../lib/gcc/arm-none-eabi/13.3.1/../../../../arm-none-eabi/lib/thumb/v6-m/nofp\libc_nano.a(libc_a-fflush.o)
                0x08004938                _fflush_r
 *fill*         0x0800498e        0x2 
 .text.__swhatbuf_r
                0x08004990       0x54 C:/ST/STM32CubeIDE_1.18.0/STM32CubeIDE/plugins/com.st.stm32cube.ide.mcu.externaltools.gnu-tools-for-stm32.13.3.rel1.win32_1.0.0.202411081344/tools/bin/../lib/gcc/arm-none-eabi/13.3.1/../../../../arm-none-eabi/lib/thumb/v6-m/nofp\libc_nano.a(libc_a-makebuf.o)
                0x08004990                __swhatbuf_r
 .text.__smakebuf_r
                0x080049e4       0x82 C:/ST/STM32CubeIDE_1.18.0/STM32CubeIDE/plugins/com.st.stm32cube.ide.mcu.externaltools.gnu-tools-for-stm32.13.3.rel1.win32_1.0.0.202411081344/tools/bin/../lib/gcc/arm-none-eabi/13.3.1/../../../../arm-none-eabi/lib/thumb/v6-m/nofp\libc_nano.a(libc_a-makebuf.o)
                0x080049e4                __smakebuf_r
 *fill*         0x08004a66        0x2 
 .text._fstat_r
                0x08004a68       0x24 C:/ST/STM32CubeIDE_1.18.0/STM32CubeIDE/plugins/com.st.stm32cube.ide.mcu.externaltools.gnu-tools-for-stm32.13.3.rel1.win32_1.0.0.202411081344/tools/bin/../lib/gcc/arm-none-eabi/13.3.1/../../../../arm-none-eabi/lib/thumb/v6-m/nofp\libc_nano.a(libc_a-fstatr.o)
                0x08004a68                _fstat_r
 .text._isatty_r
                0x08004a8c       0x24 C:/ST/STM32CubeIDE_1.18.0/STM32CubeIDE/plugins/com.st.stm32cube.ide.mcu.externaltools.gnu-tools-for-stm32.13.3.rel1.win32_1.0.0.202411081344/tools/bin/../lib/gcc/arm-none-eabi/13.3.1/../../../../arm-none-eabi/lib/thumb/v6-m/nofp\libc_nano.a(libc_a-isattyr.o)
                0x08004a8c                _isatty_r
 .text._sbrk_r  0x08004ab0       0x24 C:/ST/STM32CubeIDE_1.18.0/STM32CubeIDE/plugins/com.st.stm32cube.ide.mcu.externaltools.gnu-tools-for-stm32.13.3.rel1.win32_1.0.0.202411081344/tools/bin/../lib/gcc/arm-none-eabi/13.3.1/../../../../arm-none-eabi/lib/thumb/v6-m/nofp\libc_nano.a(libc_a-sbrkr.o)
                0x08004ab0                _sbrk_r
 *(.glue_7)
 .glue_7        0x08004ad4        0x0 linker stubs
 *(.glue_7t)
 .glue_7t       0x08004ad4        0x0 linker stubs
 *(.eh_frame)
 .eh_frame      0x08004ad4        0x0 C:/ST/STM32CubeIDE_1.18.0/STM32CubeIDE/plugins/com.st.stm32cube.ide.mcu.externaltools.gnu-tools-for-stm32.13.3.rel1.win32_1.0.0.202411081344/tools/bin/../lib/gcc/arm-none-eabi/13.3.1/thumb/v6-m/nofp/crtbegin.o
 *(.init)
 .init          0x08004ad4        0x4 C:/ST/STM32CubeIDE_1.18.0/STM32CubeIDE/plugins/com.st.stm32cube.ide.mcu.externaltools.gnu-tools-for-stm32.13.3.rel1.win32_1.0.0.202411081344/tools/bin/../lib/gcc/arm-none-eabi/13.3.1/thumb/v6-m/nofp/crti.o
                0x08004ad4                _init
 .init          0x08004ad8        0x8 C:/ST/STM32CubeIDE_1.18.0/STM32CubeIDE/plugins/com.st.stm32cube.ide.mcu.externaltools.gnu-tools-for-stm32.13.3.rel1.win32_1.0.0.202411081344/tools/bin/../lib/gcc/arm-none-eabi/13.3.1/thumb/v6-m/nofp/crtn.o
 *(.fini)
 .fini          0x08004ae0        0x4 C:/ST/STM32CubeIDE_1.18.0/STM32CubeIDE/plugins/com.st.stm32cube.ide.mcu.externaltools.gnu-tools-for-stm32.13.3.rel1.win32_1.0.0.202411081344/tools/bin/../lib/gcc/arm-none-eabi/13.3.1/thumb/v6-m/nofp/crti.o
                0x08004ae0                _fini
 .fini          0x08004ae4        0x8 C:/ST/STM32CubeIDE_1.18.0/STM32CubeIDE/plugins/com.st.stm32cube.ide.mcu.externaltools.gnu-tools-for-stm32.13.3.rel1.win32_1.0.0.202411081344/tools/bin/../lib/gcc/arm-none-eabi/13.3.1/thumb/v6-m/nofp/crtn.o
                0x08004aec                        . = ALIGN (0x4)
                0x08004aec                        _etext = .

.vfp11_veneer   0x08004aec        0x0
 .vfp11_veneer  0x08004aec        0x0 linker stubs

.v4_bx          0x08004aec        0x0
 .v4_bx         0x08004aec        0x0 linker stubs

.iplt           0x08004aec        0x0
 .iplt          0x08004aec        0x0 C:/ST/STM32CubeIDE_1.18.0/STM32CubeIDE/plugins/com.st.stm32cube.ide.mcu.externaltools.gnu-tools-for-stm32.13.3.rel1.win32_1.0.0.202411081344/tools/bin/../lib/gcc/arm-none-eabi/13.3.1/thumb/v6-m/nofp/crtbegin.o

.rodata         0x08004aec      0x1b0
                0x08004aec                        . = ALIGN (0x4)
 *(.rodata)
 .rodata        0x08004aec       0x28 ./Application/User/Core/freertos.o
 .rodata        0x08004b14       0x58 ./Application/User/app_src/app.o
 .rodata        0x08004b6c       0xbb ./Application/User/app_src/sensor_task.o
 *fill*         0x08004c27        0x1 
 .rodata        0x08004c28        0x5 ./Middlewares/FreeRTOS/tasks.o
 *(.rodata*)
 *fill*         0x08004c2d        0x3 
 .rodata.AHBPrescTable
                0x08004c30       0x10 ./Drivers/CMSIS/system_stm32l0xx.o
                0x08004c30                AHBPrescTable
 .rodata.APBPrescTable
                0x08004c40        0x8 ./Drivers/CMSIS/system_stm32l0xx.o
                0x08004c40                APBPrescTable
 .rodata.PLLMulTable
                0x08004c48        0x9 ./Drivers/CMSIS/system_stm32l0xx.o
                0x08004c48                PLLMulTable
 *fill*         0x08004c51        0x3 
 .rodata.UART_SetConfig
                0x08004c54       0x48 ./Drivers/STM32L0xx_HAL_Driver/stm32l0xx_hal_uart.o
                0x08004c9c                        . = ALIGN (0x4)

.ARM.extab      0x08004c9c        0x0
                0x08004c9c                        . = ALIGN (0x4)
 *(.ARM.extab* .gnu.linkonce.armextab.*)
                0x08004c9c                        . = ALIGN (0x4)

.ARM            0x08004c9c        0x8
                0x08004c9c                        . = ALIGN (0x4)
                0x08004c9c                        __exidx_start = .
 *(.ARM.exidx*)
 .ARM.exidx     0x08004c9c        0x8 C:/ST/STM32CubeIDE_1.18.0/STM32CubeIDE/plugins/com.st.stm32cube.ide.mcu.externaltools.gnu-tools-for-stm32.13.3.rel1.win32_1.0.0.202411081344/tools/bin/../lib/gcc/arm-none-eabi/13.3.1/thumb/v6-m/nofp\libgcc.a(_udivmoddi4.o)
                0x08004ca4                        __exidx_end = .
                0x08004ca4                        . = ALIGN (0x4)

.preinit_array  0x08004ca4        0x0
                0x08004ca4                        . = ALIGN (0x4)
                0x08004ca4                        PROVIDE (__preinit_array_start = .)
 *(.preinit_array*)
                0x08004ca4                        PROVIDE (__preinit_array_end = .)
                0x08004ca4                        . = ALIGN (0x4)

.init_array     0x08004ca4        0x4
                0x08004ca4                        . = ALIGN (0x4)
                0x08004ca4                        PROVIDE (__init_array_start = .)
 *(SORT_BY_NAME(.init_array.*))
 *(.init_array*)
 .init_array    0x08004ca4        0x4 C:/ST/STM32CubeIDE_1.18.0/STM32CubeIDE/plugins/com.st.stm32cube.ide.mcu.externaltools.gnu-tools-for-stm32.13.3.rel1.win32_1.0.0.202411081344/tools/bin/../lib/gcc/arm-none-eabi/13.3.1/thumb/v6-m/nofp/crtbegin.o
                0x08004ca8                        PROVIDE (__init_array_end = .)
                0x08004ca8                        . = ALIGN (0x4)

.fini_array     0x08004ca8        0x4
                0x08004ca8                        . = ALIGN (0x4)
                [!provide]                        PROVIDE (__fini_array_start = .)
 *(SORT_BY_NAME(.fini_array.*))
 *(.fini_array*)
 .fini_array    0x08004ca8        0x4 C:/ST/STM32CubeIDE_1.18.0/STM32CubeIDE/plugins/com.st.stm32cube.ide.mcu.externaltools.gnu-tools-for-stm32.13.3.rel1.win32_1.0.0.202411081344/tools/bin/../lib/gcc/arm-none-eabi/13.3.1/thumb/v6-m/nofp/crtbegin.o
                [!provide]                        PROVIDE (__fini_array_end = .)
                0x08004cac                        . = ALIGN (0x4)
                0x08004cac                        _sidata = LOADADDR (.data)

.rel.dyn        0x08004cac        0x0
 .rel.iplt      0x08004cac        0x0 C:/ST/STM32CubeIDE_1.18.0/STM32CubeIDE/plugins/com.st.stm32cube.ide.mcu.externaltools.gnu-tools-for-stm32.13.3.rel1.win32_1.0.0.202411081344/tools/bin/../lib/gcc/arm-none-eabi/13.3.1/thumb/v6-m/nofp/crtbegin.o

.data           0x20000000       0x6c load address 0x08004cac
                0x20000000                        . = ALIGN (0x4)
                0x20000000                        _sdata = .
 *(.data)
 *(.data*)
 .data.SystemCoreClock
                0x20000000        0x4 ./Drivers/CMSIS/system_stm32l0xx.o
                0x20000000                SystemCoreClock
 .data.uwTickPrio
                0x20000004        0x4 ./Drivers/STM32L0xx_HAL_Driver/stm32l0xx_hal.o
                0x20000004                uwTickPrio
 .data.uwTickFreq
                0x20000008        0x1 ./Drivers/STM32L0xx_HAL_Driver/stm32l0xx_hal.o
                0x20000008                uwTickFreq
 *fill*         0x20000009        0x3 
 .data.uxCriticalNesting
                0x2000000c        0x4 ./Middlewares/FreeRTOS/port.o
 .data.__sglue  0x20000010        0xc C:/ST/STM32CubeIDE_1.18.0/STM32CubeIDE/plugins/com.st.stm32cube.ide.mcu.externaltools.gnu-tools-for-stm32.13.3.rel1.win32_1.0.0.202411081344/tools/bin/../lib/gcc/arm-none-eabi/13.3.1/../../../../arm-none-eabi/lib/thumb/v6-m/nofp\libc_nano.a(libc_a-findfp.o)
                0x20000010                __sglue
 .data._impure_ptr
                0x2000001c        0x4 C:/ST/STM32CubeIDE_1.18.0/STM32CubeIDE/plugins/com.st.stm32cube.ide.mcu.externaltools.gnu-tools-for-stm32.13.3.rel1.win32_1.0.0.202411081344/tools/bin/../lib/gcc/arm-none-eabi/13.3.1/../../../../arm-none-eabi/lib/thumb/v6-m/nofp\libc_nano.a(libc_a-impure.o)
                0x2000001c                _impure_ptr
 .data._impure_data
                0x20000020       0x4c C:/ST/STM32CubeIDE_1.18.0/STM32CubeIDE/plugins/com.st.stm32cube.ide.mcu.externaltools.gnu-tools-for-stm32.13.3.rel1.win32_1.0.0.202411081344/tools/bin/../lib/gcc/arm-none-eabi/13.3.1/../../../../arm-none-eabi/lib/thumb/v6-m/nofp\libc_nano.a(libc_a-impure.o)
                0x20000020                _impure_data
 *(.RamFunc)
 *(.RamFunc*)
                0x2000006c                        . = ALIGN (0x4)
                0x2000006c                        _edata = .

.igot.plt       0x2000006c        0x0 load address 0x08004d18
 .igot.plt      0x2000006c        0x0 C:/ST/STM32CubeIDE_1.18.0/STM32CubeIDE/plugins/com.st.stm32cube.ide.mcu.externaltools.gnu-tools-for-stm32.13.3.rel1.win32_1.0.0.202411081344/tools/bin/../lib/gcc/arm-none-eabi/13.3.1/thumb/v6-m/nofp/crtbegin.o
                0x2000006c                        . = ALIGN (0x4)

.bss            0x2000006c     0x1224 load address 0x08004d18
                0x2000006c                        _sbss = .
                0x2000006c                        __bss_start__ = _sbss
 *(.bss)
 .bss           0x2000006c       0x1c C:/ST/STM32CubeIDE_1.18.0/STM32CubeIDE/plugins/com.st.stm32cube.ide.mcu.externaltools.gnu-tools-for-stm32.13.3.rel1.win32_1.0.0.202411081344/tools/bin/../lib/gcc/arm-none-eabi/13.3.1/thumb/v6-m/nofp/crtbegin.o
 *(.bss*)
 .bss.defaultTaskHandle
                0x20000088        0x4 ./Application/User/Core/freertos.o
                0x20000088                defaultTaskHandle
 .bss.xIdleTaskTCBBuffer
                0x2000008c       0xa0 ./Application/User/Core/freertos.o
 .bss.xIdleStack
                0x2000012c      0x200 ./Application/User/Core/freertos.o
 .bss.htim6     0x2000032c       0x40 ./Application/User/Core/stm32l0xx_hal_timebase_tim.o
                0x2000032c                htim6
 .bss.__sbrk_heap_end
                0x2000036c        0x4 ./Application/User/Core/sysmem.o
 .bss.huart2    0x20000370       0x88 ./Application/User/Core/usart.o
                0x20000370                huart2
 .bss.sensorTaskHandle
                0x200003f8        0x4 ./Application/User/app_src/sensor_task.o
                0x200003f8                sensorTaskHandle
 .bss.uwTick    0x200003fc        0x4 ./Drivers/STM32L0xx_HAL_Driver/stm32l0xx_hal.o
                0x200003fc                uwTick
 .bss.ucHeap    0x20000400      0xc00 ./Middlewares/FreeRTOS/heap_4.o
 .bss.xStart    0x20001000        0x8 ./Middlewares/FreeRTOS/heap_4.o
 .bss.pxEnd     0x20001008        0x4 ./Middlewares/FreeRTOS/heap_4.o
 .bss.xFreeBytesRemaining
                0x2000100c        0x4 ./Middlewares/FreeRTOS/heap_4.o
 .bss.xMinimumEverFreeBytesRemaining
                0x20001010        0x4 ./Middlewares/FreeRTOS/heap_4.o
 .bss.xBlockAllocatedBit
                0x20001014        0x4 ./Middlewares/FreeRTOS/heap_4.o
 .bss.pxCurrentTCB
                0x20001018        0x4 ./Middlewares/FreeRTOS/tasks.o
                0x20001018                pxCurrentTCB
 .bss.pxReadyTasksLists
                0x2000101c       0x8c ./Middlewares/FreeRTOS/tasks.o
 .bss.xDelayedTaskList1
                0x200010a8       0x14 ./Middlewares/FreeRTOS/tasks.o
 .bss.xDelayedTaskList2
                0x200010bc       0x14 ./Middlewares/FreeRTOS/tasks.o
 .bss.pxDelayedTaskList
                0x200010d0        0x4 ./Middlewares/FreeRTOS/tasks.o
 .bss.pxOverflowDelayedTaskList
                0x200010d4        0x4 ./Middlewares/FreeRTOS/tasks.o
 .bss.xPendingReadyList
                0x200010d8       0x14 ./Middlewares/FreeRTOS/tasks.o
 .bss.xTasksWaitingTermination
                0x200010ec       0x14 ./Middlewares/FreeRTOS/tasks.o
 .bss.uxDeletedTasksWaitingCleanUp
                0x20001100        0x4 ./Middlewares/FreeRTOS/tasks.o
 .bss.xSuspendedTaskList
                0x20001104       0x14 ./Middlewares/FreeRTOS/tasks.o
 .bss.uxCurrentNumberOfTasks
                0x20001118        0x4 ./Middlewares/FreeRTOS/tasks.o
 .bss.xTickCount
                0x2000111c        0x4 ./Middlewares/FreeRTOS/tasks.o
 .bss.uxTopReadyPriority
                0x20001120        0x4 ./Middlewares/FreeRTOS/tasks.o
 .bss.xSchedulerRunning
                0x20001124        0x4 ./Middlewares/FreeRTOS/tasks.o
 .bss.uxPendedTicks
                0x20001128        0x4 ./Middlewares/FreeRTOS/tasks.o
 .bss.xYieldPending
                0x2000112c        0x4 ./Middlewares/FreeRTOS/tasks.o
 .bss.xNumOfOverflows
                0x20001130        0x4 ./Middlewares/FreeRTOS/tasks.o
 .bss.uxTaskNumber
                0x20001134        0x4 ./Middlewares/FreeRTOS/tasks.o
 .bss.xNextTaskUnblockTime
                0x20001138        0x4 ./Middlewares/FreeRTOS/tasks.o
 .bss.xIdleTaskHandle
                0x2000113c        0x4 ./Middlewares/FreeRTOS/tasks.o
 .bss.uxSchedulerSuspended
                0x20001140        0x4 ./Middlewares/FreeRTOS/tasks.o
 .bss.__sf      0x20001144      0x138 C:/ST/STM32CubeIDE_1.18.0/STM32CubeIDE/plugins/com.st.stm32cube.ide.mcu.externaltools.gnu-tools-for-stm32.13.3.rel1.win32_1.0.0.202411081344/tools/bin/../lib/gcc/arm-none-eabi/13.3.1/../../../../arm-none-eabi/lib/thumb/v6-m/nofp\libc_nano.a(libc_a-findfp.o)
                0x20001144                __sf
 .bss.__stdio_exit_handler
                0x2000127c        0x4 C:/ST/STM32CubeIDE_1.18.0/STM32CubeIDE/plugins/com.st.stm32cube.ide.mcu.externaltools.gnu-tools-for-stm32.13.3.rel1.win32_1.0.0.202411081344/tools/bin/../lib/gcc/arm-none-eabi/13.3.1/../../../../arm-none-eabi/lib/thumb/v6-m/nofp\libc_nano.a(libc_a-findfp.o)
                0x2000127c                __stdio_exit_handler
 .bss.errno     0x20001280        0x4 C:/ST/STM32CubeIDE_1.18.0/STM32CubeIDE/plugins/com.st.stm32cube.ide.mcu.externaltools.gnu-tools-for-stm32.13.3.rel1.win32_1.0.0.202411081344/tools/bin/../lib/gcc/arm-none-eabi/13.3.1/../../../../arm-none-eabi/lib/thumb/v6-m/nofp\libc_nano.a(libc_a-reent.o)
                0x20001280                errno
 .bss.__lock___malloc_recursive_mutex
                0x20001284        0x1 C:/ST/STM32CubeIDE_1.18.0/STM32CubeIDE/plugins/com.st.stm32cube.ide.mcu.externaltools.gnu-tools-for-stm32.13.3.rel1.win32_1.0.0.202411081344/tools/bin/../lib/gcc/arm-none-eabi/13.3.1/../../../../arm-none-eabi/lib/thumb/v6-m/nofp\libc_nano.a(libc_a-lock.o)
                0x20001284                __lock___malloc_recursive_mutex
 .bss.__lock___sfp_recursive_mutex
                0x20001285        0x1 C:/ST/STM32CubeIDE_1.18.0/STM32CubeIDE/plugins/com.st.stm32cube.ide.mcu.externaltools.gnu-tools-for-stm32.13.3.rel1.win32_1.0.0.202411081344/tools/bin/../lib/gcc/arm-none-eabi/13.3.1/../../../../arm-none-eabi/lib/thumb/v6-m/nofp\libc_nano.a(libc_a-lock.o)
                0x20001285                __lock___sfp_recursive_mutex
 *fill*         0x20001286        0x2 
 .bss.__malloc_sbrk_start
                0x20001288        0x4 C:/ST/STM32CubeIDE_1.18.0/STM32CubeIDE/plugins/com.st.stm32cube.ide.mcu.externaltools.gnu-tools-for-stm32.13.3.rel1.win32_1.0.0.202411081344/tools/bin/../lib/gcc/arm-none-eabi/13.3.1/../../../../arm-none-eabi/lib/thumb/v6-m/nofp\libc_nano.a(libc_a-mallocr.o)
                0x20001288                __malloc_sbrk_start
 .bss.__malloc_free_list
                0x2000128c        0x4 C:/ST/STM32CubeIDE_1.18.0/STM32CubeIDE/plugins/com.st.stm32cube.ide.mcu.externaltools.gnu-tools-for-stm32.13.3.rel1.win32_1.0.0.202411081344/tools/bin/../lib/gcc/arm-none-eabi/13.3.1/../../../../arm-none-eabi/lib/thumb/v6-m/nofp\libc_nano.a(libc_a-mallocr.o)
                0x2000128c                __malloc_free_list
 *(COMMON)
                0x20001290                        . = ALIGN (0x4)
                0x20001290                        _ebss = .
                0x20001290                        __bss_end__ = _ebss

._user_heap_stack
                0x20001290      0x600 load address 0x08004d18
                0x20001290                        . = ALIGN (0x8)
                [!provide]                        PROVIDE (end = .)
                0x20001290                        PROVIDE (_end = .)
                0x20001490                        . = (. + _Min_Heap_Size)
 *fill*         0x20001290      0x200 
                0x20001890                        . = (. + _Min_Stack_Size)
 *fill*         0x20001490      0x400 
                0x20001890                        . = ALIGN (0x8)

/DISCARD/
 libc.a(*)
 libm.a(*)
 libgcc.a(*)

.ARM.attributes
                0x00000000       0x28
 *(.ARM.attributes)
 .ARM.attributes
                0x00000000       0x1e C:/ST/STM32CubeIDE_1.18.0/STM32CubeIDE/plugins/com.st.stm32cube.ide.mcu.externaltools.gnu-tools-for-stm32.13.3.rel1.win32_1.0.0.202411081344/tools/bin/../lib/gcc/arm-none-eabi/13.3.1/thumb/v6-m/nofp/crti.o
 .ARM.attributes
                0x0000001e       0x2c C:/ST/STM32CubeIDE_1.18.0/STM32CubeIDE/plugins/com.st.stm32cube.ide.mcu.externaltools.gnu-tools-for-stm32.13.3.rel1.win32_1.0.0.202411081344/tools/bin/../lib/gcc/arm-none-eabi/13.3.1/thumb/v6-m/nofp/crtbegin.o
 .ARM.attributes
                0x0000004a       0x2c ./Application/User/Core/freertos.o
 .ARM.attributes
                0x00000076       0x2c ./Application/User/Core/gpio.o
 .ARM.attributes
                0x000000a2       0x2c ./Application/User/Core/main.o
 .ARM.attributes
                0x000000ce       0x2c ./Application/User/Core/stm32l0xx_hal_msp.o
 .ARM.attributes
                0x000000fa       0x2c ./Application/User/Core/stm32l0xx_hal_timebase_tim.o
 .ARM.attributes
                0x00000126       0x2c ./Application/User/Core/stm32l0xx_it.o
 .ARM.attributes
                0x00000152       0x2c ./Application/User/Core/syscalls.o
 .ARM.attributes
                0x0000017e       0x2c ./Application/User/Core/sysmem.o
 .ARM.attributes
                0x000001aa       0x2c ./Application/User/Core/usart.o
 .ARM.attributes
                0x000001d6       0x22 ./Application/User/Startup/startup_stm32l053r8tx.o
 .ARM.attributes
                0x000001f8       0x2c ./Application/User/app_src/app.o
 .ARM.attributes
                0x00000224       0x2c ./Application/User/app_src/retarget.o
 .ARM.attributes
                0x00000250       0x2c ./Application/User/app_src/sensor_task.o
 .ARM.attributes
                0x0000027c       0x2c ./Drivers/CMSIS/system_stm32l0xx.o
 .ARM.attributes
                0x000002a8       0x2c ./Drivers/STM32L0xx_HAL_Driver/stm32l0xx_hal.o
 .ARM.attributes
                0x000002d4       0x2c ./Drivers/STM32L0xx_HAL_Driver/stm32l0xx_hal_cortex.o
 .ARM.attributes
                0x00000300       0x2c ./Drivers/STM32L0xx_HAL_Driver/stm32l0xx_hal_gpio.o
 .ARM.attributes
                0x0000032c       0x2c ./Drivers/STM32L0xx_HAL_Driver/stm32l0xx_hal_rcc.o
 .ARM.attributes
                0x00000358       0x2c ./Drivers/STM32L0xx_HAL_Driver/stm32l0xx_hal_rcc_ex.o
 .ARM.attributes
                0x00000384       0x2c ./Drivers/STM32L0xx_HAL_Driver/stm32l0xx_hal_tim.o
 .ARM.attributes
                0x000003b0       0x2c ./Drivers/STM32L0xx_HAL_Driver/stm32l0xx_hal_uart.o
 .ARM.attributes
                0x000003dc       0x2c ./Middlewares/FreeRTOS/cmsis_os.o
 .ARM.attributes
                0x00000408       0x2c ./Middlewares/FreeRTOS/heap_4.o
 .ARM.attributes
                0x00000434       0x2c ./Middlewares/FreeRTOS/list.o
 .ARM.attributes
                0x00000460       0x2c ./Middlewares/FreeRTOS/port.o
 .ARM.attributes
                0x0000048c       0x2c ./Middlewares/FreeRTOS/tasks.o
 .ARM.attributes
                0x000004b8       0x2c C:/ST/STM32CubeIDE_1.18.0/STM32CubeIDE/plugins/com.st.stm32cube.ide.mcu.externaltools.gnu-tools-for-stm32.13.3.rel1.win32_1.0.0.202411081344/tools/bin/../lib/gcc/arm-none-eabi/13.3.1/../../../../arm-none-eabi/lib/thumb/v6-m/nofp\libc_nano.a(libc_a-findfp.o)
 .ARM.attributes
                0x000004e4       0x2c C:/ST/STM32CubeIDE_1.18.0/STM32CubeIDE/plugins/com.st.stm32cube.ide.mcu.externaltools.gnu-tools-for-stm32.13.3.rel1.win32_1.0.0.202411081344/tools/bin/../lib/gcc/arm-none-eabi/13.3.1/../../../../arm-none-eabi/lib/thumb/v6-m/nofp\libc_nano.a(libc_a-fwalk.o)
 .ARM.attributes
                0x00000510       0x2c C:/ST/STM32CubeIDE_1.18.0/STM32CubeIDE/plugins/com.st.stm32cube.ide.mcu.externaltools.gnu-tools-for-stm32.13.3.rel1.win32_1.0.0.202411081344/tools/bin/../lib/gcc/arm-none-eabi/13.3.1/../../../../arm-none-eabi/lib/thumb/v6-m/nofp\libc_nano.a(libc_a-puts.o)
 .ARM.attributes
                0x0000053c       0x2c C:/ST/STM32CubeIDE_1.18.0/STM32CubeIDE/plugins/com.st.stm32cube.ide.mcu.externaltools.gnu-tools-for-stm32.13.3.rel1.win32_1.0.0.202411081344/tools/bin/../lib/gcc/arm-none-eabi/13.3.1/../../../../arm-none-eabi/lib/thumb/v6-m/nofp\libc_nano.a(libc_a-stdio.o)
 .ARM.attributes
                0x00000568       0x2c C:/ST/STM32CubeIDE_1.18.0/STM32CubeIDE/plugins/com.st.stm32cube.ide.mcu.externaltools.gnu-tools-for-stm32.13.3.rel1.win32_1.0.0.202411081344/tools/bin/../lib/gcc/arm-none-eabi/13.3.1/../../../../arm-none-eabi/lib/thumb/v6-m/nofp\libc_nano.a(libc_a-wbuf.o)
 .ARM.attributes
                0x00000594       0x2c C:/ST/STM32CubeIDE_1.18.0/STM32CubeIDE/plugins/com.st.stm32cube.ide.mcu.externaltools.gnu-tools-for-stm32.13.3.rel1.win32_1.0.0.202411081344/tools/bin/../lib/gcc/arm-none-eabi/13.3.1/../../../../arm-none-eabi/lib/thumb/v6-m/nofp\libc_nano.a(libc_a-wsetup.o)
 .ARM.attributes
                0x000005c0       0x2c C:/ST/STM32CubeIDE_1.18.0/STM32CubeIDE/plugins/com.st.stm32cube.ide.mcu.externaltools.gnu-tools-for-stm32.13.3.rel1.win32_1.0.0.202411081344/tools/bin/../lib/gcc/arm-none-eabi/13.3.1/../../../../arm-none-eabi/lib/thumb/v6-m/nofp\libc_nano.a(libc_a-memset.o)
 .ARM.attributes
                0x000005ec       0x2c C:/ST/STM32CubeIDE_1.18.0/STM32CubeIDE/plugins/com.st.stm32cube.ide.mcu.externaltools.gnu-tools-for-stm32.13.3.rel1.win32_1.0.0.202411081344/tools/bin/../lib/gcc/arm-none-eabi/13.3.1/../../../../arm-none-eabi/lib/thumb/v6-m/nofp\libc_nano.a(libc_a-closer.o)
 .ARM.attributes
                0x00000618       0x2c C:/ST/STM32CubeIDE_1.18.0/STM32CubeIDE/plugins/com.st.stm32cube.ide.mcu.externaltools.gnu-tools-for-stm32.13.3.rel1.win32_1.0.0.202411081344/tools/bin/../lib/gcc/arm-none-eabi/13.3.1/../../../../arm-none-eabi/lib/thumb/v6-m/nofp\libc_nano.a(libc_a-reent.o)
 .ARM.attributes
                0x00000644       0x2c C:/ST/STM32CubeIDE_1.18.0/STM32CubeIDE/plugins/com.st.stm32cube.ide.mcu.externaltools.gnu-tools-for-stm32.13.3.rel1.win32_1.0.0.202411081344/tools/bin/../lib/gcc/arm-none-eabi/13.3.1/../../../../arm-none-eabi/lib/thumb/v6-m/nofp\libc_nano.a(libc_a-impure.o)
 .ARM.attributes
                0x00000670       0x2c C:/ST/STM32CubeIDE_1.18.0/STM32CubeIDE/plugins/com.st.stm32cube.ide.mcu.externaltools.gnu-tools-for-stm32.13.3.rel1.win32_1.0.0.202411081344/tools/bin/../lib/gcc/arm-none-eabi/13.3.1/../../../../arm-none-eabi/lib/thumb/v6-m/nofp\libc_nano.a(libc_a-lseekr.o)
 .ARM.attributes
                0x0000069c       0x2c C:/ST/STM32CubeIDE_1.18.0/STM32CubeIDE/plugins/com.st.stm32cube.ide.mcu.externaltools.gnu-tools-for-stm32.13.3.rel1.win32_1.0.0.202411081344/tools/bin/../lib/gcc/arm-none-eabi/13.3.1/../../../../arm-none-eabi/lib/thumb/v6-m/nofp\libc_nano.a(libc_a-readr.o)
 .ARM.attributes
                0x000006c8       0x2c C:/ST/STM32CubeIDE_1.18.0/STM32CubeIDE/plugins/com.st.stm32cube.ide.mcu.externaltools.gnu-tools-for-stm32.13.3.rel1.win32_1.0.0.202411081344/tools/bin/../lib/gcc/arm-none-eabi/13.3.1/../../../../arm-none-eabi/lib/thumb/v6-m/nofp\libc_nano.a(libc_a-writer.o)
 .ARM.attributes
                0x000006f4       0x2c C:/ST/STM32CubeIDE_1.18.0/STM32CubeIDE/plugins/com.st.stm32cube.ide.mcu.externaltools.gnu-tools-for-stm32.13.3.rel1.win32_1.0.0.202411081344/tools/bin/../lib/gcc/arm-none-eabi/13.3.1/../../../../arm-none-eabi/lib/thumb/v6-m/nofp\libc_nano.a(libc_a-errno.o)
 .ARM.attributes
                0x00000720       0x2c C:/ST/STM32CubeIDE_1.18.0/STM32CubeIDE/plugins/com.st.stm32cube.ide.mcu.externaltools.gnu-tools-for-stm32.13.3.rel1.win32_1.0.0.202411081344/tools/bin/../lib/gcc/arm-none-eabi/13.3.1/../../../../arm-none-eabi/lib/thumb/v6-m/nofp\libc_nano.a(libc_a-init.o)
 .ARM.attributes
                0x0000074c       0x2c C:/ST/STM32CubeIDE_1.18.0/STM32CubeIDE/plugins/com.st.stm32cube.ide.mcu.externaltools.gnu-tools-for-stm32.13.3.rel1.win32_1.0.0.202411081344/tools/bin/../lib/gcc/arm-none-eabi/13.3.1/../../../../arm-none-eabi/lib/thumb/v6-m/nofp\libc_nano.a(libc_a-lock.o)
 .ARM.attributes
                0x00000778       0x2c C:/ST/STM32CubeIDE_1.18.0/STM32CubeIDE/plugins/com.st.stm32cube.ide.mcu.externaltools.gnu-tools-for-stm32.13.3.rel1.win32_1.0.0.202411081344/tools/bin/../lib/gcc/arm-none-eabi/13.3.1/../../../../arm-none-eabi/lib/thumb/v6-m/nofp\libc_nano.a(libc_a-freer.o)
 .ARM.attributes
                0x000007a4       0x2c C:/ST/STM32CubeIDE_1.18.0/STM32CubeIDE/plugins/com.st.stm32cube.ide.mcu.externaltools.gnu-tools-for-stm32.13.3.rel1.win32_1.0.0.202411081344/tools/bin/../lib/gcc/arm-none-eabi/13.3.1/../../../../arm-none-eabi/lib/thumb/v6-m/nofp\libc_nano.a(libc_a-mallocr.o)
 .ARM.attributes
                0x000007d0       0x2c C:/ST/STM32CubeIDE_1.18.0/STM32CubeIDE/plugins/com.st.stm32cube.ide.mcu.externaltools.gnu-tools-for-stm32.13.3.rel1.win32_1.0.0.202411081344/tools/bin/../lib/gcc/arm-none-eabi/13.3.1/../../../../arm-none-eabi/lib/thumb/v6-m/nofp\libc_nano.a(libc_a-mlock.o)
 .ARM.attributes
                0x000007fc       0x2c C:/ST/STM32CubeIDE_1.18.0/STM32CubeIDE/plugins/com.st.stm32cube.ide.mcu.externaltools.gnu-tools-for-stm32.13.3.rel1.win32_1.0.0.202411081344/tools/bin/../lib/gcc/arm-none-eabi/13.3.1/../../../../arm-none-eabi/lib/thumb/v6-m/nofp\libc_nano.a(libc_a-fflush.o)
 .ARM.attributes
                0x00000828       0x2c C:/ST/STM32CubeIDE_1.18.0/STM32CubeIDE/plugins/com.st.stm32cube.ide.mcu.externaltools.gnu-tools-for-stm32.13.3.rel1.win32_1.0.0.202411081344/tools/bin/../lib/gcc/arm-none-eabi/13.3.1/../../../../arm-none-eabi/lib/thumb/v6-m/nofp\libc_nano.a(libc_a-makebuf.o)
 .ARM.attributes
                0x00000854       0x2c C:/ST/STM32CubeIDE_1.18.0/STM32CubeIDE/plugins/com.st.stm32cube.ide.mcu.externaltools.gnu-tools-for-stm32.13.3.rel1.win32_1.0.0.202411081344/tools/bin/../lib/gcc/arm-none-eabi/13.3.1/../../../../arm-none-eabi/lib/thumb/v6-m/nofp\libc_nano.a(libc_a-fstatr.o)
 .ARM.attributes
                0x00000880       0x2c C:/ST/STM32CubeIDE_1.18.0/STM32CubeIDE/plugins/com.st.stm32cube.ide.mcu.externaltools.gnu-tools-for-stm32.13.3.rel1.win32_1.0.0.202411081344/tools/bin/../lib/gcc/arm-none-eabi/13.3.1/../../../../arm-none-eabi/lib/thumb/v6-m/nofp\libc_nano.a(libc_a-isattyr.o)
 .ARM.attributes
                0x000008ac       0x2c C:/ST/STM32CubeIDE_1.18.0/STM32CubeIDE/plugins/com.st.stm32cube.ide.mcu.externaltools.gnu-tools-for-stm32.13.3.rel1.win32_1.0.0.202411081344/tools/bin/../lib/gcc/arm-none-eabi/13.3.1/../../../../arm-none-eabi/lib/thumb/v6-m/nofp\libc_nano.a(libc_a-sbrkr.o)
 .ARM.attributes
                0x000008d8       0x1e C:/ST/STM32CubeIDE_1.18.0/STM32CubeIDE/plugins/com.st.stm32cube.ide.mcu.externaltools.gnu-tools-for-stm32.13.3.rel1.win32_1.0.0.202411081344/tools/bin/../lib/gcc/arm-none-eabi/13.3.1/thumb/v6-m/nofp\libgcc.a(_udivsi3.o)
 .ARM.attributes
                0x000008f6       0x1e C:/ST/STM32CubeIDE_1.18.0/STM32CubeIDE/plugins/com.st.stm32cube.ide.mcu.externaltools.gnu-tools-for-stm32.13.3.rel1.win32_1.0.0.202411081344/tools/bin/../lib/gcc/arm-none-eabi/13.3.1/thumb/v6-m/nofp\libgcc.a(_dvmd_tls.o)
 .ARM.attributes
                0x00000914       0x1e C:/ST/STM32CubeIDE_1.18.0/STM32CubeIDE/plugins/com.st.stm32cube.ide.mcu.externaltools.gnu-tools-for-stm32.13.3.rel1.win32_1.0.0.202411081344/tools/bin/../lib/gcc/arm-none-eabi/13.3.1/thumb/v6-m/nofp\libgcc.a(_aeabi_uldivmod.o)
 .ARM.attributes
                0x00000932       0x2c C:/ST/STM32CubeIDE_1.18.0/STM32CubeIDE/plugins/com.st.stm32cube.ide.mcu.externaltools.gnu-tools-for-stm32.13.3.rel1.win32_1.0.0.202411081344/tools/bin/../lib/gcc/arm-none-eabi/13.3.1/thumb/v6-m/nofp\libgcc.a(_udivmoddi4.o)
 .ARM.attributes
                0x0000095e       0x1e C:/ST/STM32CubeIDE_1.18.0/STM32CubeIDE/plugins/com.st.stm32cube.ide.mcu.externaltools.gnu-tools-for-stm32.13.3.rel1.win32_1.0.0.202411081344/tools/bin/../lib/gcc/arm-none-eabi/13.3.1/thumb/v6-m/nofp\libgcc.a(_clzdi2.o)
 .ARM.attributes
                0x0000097c       0x1e C:/ST/STM32CubeIDE_1.18.0/STM32CubeIDE/plugins/com.st.stm32cube.ide.mcu.externaltools.gnu-tools-for-stm32.13.3.rel1.win32_1.0.0.202411081344/tools/bin/../lib/gcc/arm-none-eabi/13.3.1/thumb/v6-m/nofp\libgcc.a(_clzsi2.o)
 .ARM.attributes
                0x0000099a       0x1e C:/ST/STM32CubeIDE_1.18.0/STM32CubeIDE/plugins/com.st.stm32cube.ide.mcu.externaltools.gnu-tools-for-stm32.13.3.rel1.win32_1.0.0.202411081344/tools/bin/../lib/gcc/arm-none-eabi/13.3.1/thumb/v6-m/nofp/crtn.o
OUTPUT(RTOS_SensorHub_STM32.elf elf32-littlearm)
LOAD linker stubs
LOAD C:/ST/STM32CubeIDE_1.18.0/STM32CubeIDE/plugins/com.st.stm32cube.ide.mcu.externaltools.gnu-tools-for-stm32.13.3.rel1.win32_1.0.0.202411081344/tools/bin/../lib/gcc/arm-none-eabi/13.3.1/../../../../arm-none-eabi/lib/thumb/v6-m/nofp\libc.a
LOAD C:/ST/STM32CubeIDE_1.18.0/STM32CubeIDE/plugins/com.st.stm32cube.ide.mcu.externaltools.gnu-tools-for-stm32.13.3.rel1.win32_1.0.0.202411081344/tools/bin/../lib/gcc/arm-none-eabi/13.3.1/../../../../arm-none-eabi/lib/thumb/v6-m/nofp\libm.a
LOAD C:/ST/STM32CubeIDE_1.18.0/STM32CubeIDE/plugins/com.st.stm32cube.ide.mcu.externaltools.gnu-tools-for-stm32.13.3.rel1.win32_1.0.0.202411081344/tools/bin/../lib/gcc/arm-none-eabi/13.3.1/thumb/v6-m/nofp\libgcc.a

.debug_info     0x00000000    0x1249c
 .debug_info    0x00000000      0xb42 ./Application/User/Core/freertos.o
 .debug_info    0x00000b42      0x383 ./Application/User/Core/gpio.o
 .debug_info    0x00000ec5      0x9df ./Application/User/Core/main.o
 .debug_info    0x000018a4      0x2b1 ./Application/User/Core/stm32l0xx_hal_msp.o
 .debug_info    0x00001b55      0x99d ./Application/User/Core/stm32l0xx_hal_timebase_tim.o
 .debug_info    0x000024f2      0x610 ./Application/User/Core/stm32l0xx_it.o
 .debug_info    0x00002b02      0x6a3 ./Application/User/Core/syscalls.o
 .debug_info    0x000031a5      0x168 ./Application/User/Core/sysmem.o
 .debug_info    0x0000330d      0x97b ./Application/User/Core/usart.o
 .debug_info    0x00003c88       0x30 ./Application/User/Startup/startup_stm32l053r8tx.o
 .debug_info    0x00003cb8       0x99 ./Application/User/app_src/app.o
 .debug_info    0x00003d51      0x6ba ./Application/User/app_src/retarget.o
 .debug_info    0x0000440b      0xa99 ./Application/User/app_src/sensor_task.o
 .debug_info    0x00004ea4      0x2d0 ./Drivers/CMSIS/system_stm32l0xx.o
 .debug_info    0x00005174      0x863 ./Drivers/STM32L0xx_HAL_Driver/stm32l0xx_hal.o
 .debug_info    0x000059d7      0x88a ./Drivers/STM32L0xx_HAL_Driver/stm32l0xx_hal_cortex.o
 .debug_info    0x00006261      0x624 ./Drivers/STM32L0xx_HAL_Driver/stm32l0xx_hal_gpio.o
 .debug_info    0x00006885      0x9f9 ./Drivers/STM32L0xx_HAL_Driver/stm32l0xx_hal_rcc.o
 .debug_info    0x0000727e      0x7e6 ./Drivers/STM32L0xx_HAL_Driver/stm32l0xx_hal_rcc_ex.o
 .debug_info    0x00007a64     0x27d1 ./Drivers/STM32L0xx_HAL_Driver/stm32l0xx_hal_tim.o
 .debug_info    0x0000a235     0x3b66 ./Drivers/STM32L0xx_HAL_Driver/stm32l0xx_hal_uart.o
 .debug_info    0x0000dd9b     0x2181 ./Middlewares/FreeRTOS/cmsis_os.o
 .debug_info    0x0000ff1c      0x309 ./Middlewares/FreeRTOS/heap_4.o
 .debug_info    0x00010225      0x2af ./Middlewares/FreeRTOS/list.o
 .debug_info    0x000104d4      0x289 ./Middlewares/FreeRTOS/port.o
 .debug_info    0x0001075d     0x1d3f ./Middlewares/FreeRTOS/tasks.o

.debug_abbrev   0x00000000     0x2fcb
 .debug_abbrev  0x00000000      0x1eb ./Application/User/Core/freertos.o
 .debug_abbrev  0x000001eb      0x150 ./Application/User/Core/gpio.o
 .debug_abbrev  0x0000033b      0x229 ./Application/User/Core/main.o
 .debug_abbrev  0x00000564       0xe0 ./Application/User/Core/stm32l0xx_hal_msp.o
 .debug_abbrev  0x00000644      0x212 ./Application/User/Core/stm32l0xx_hal_timebase_tim.o
 .debug_abbrev  0x00000856      0x18d ./Application/User/Core/stm32l0xx_it.o
 .debug_abbrev  0x000009e3      0x1b6 ./Application/User/Core/syscalls.o
 .debug_abbrev  0x00000b99       0xbc ./Application/User/Core/sysmem.o
 .debug_abbrev  0x00000c55      0x1ea ./Application/User/Core/usart.o
 .debug_abbrev  0x00000e3f       0x24 ./Application/User/Startup/startup_stm32l053r8tx.o
 .debug_abbrev  0x00000e63       0x58 ./Application/User/app_src/app.o
 .debug_abbrev  0x00000ebb      0x17a ./Application/User/app_src/retarget.o
 .debug_abbrev  0x00001035      0x1e5 ./Application/User/app_src/sensor_task.o
 .debug_abbrev  0x0000121a      0x11c ./Drivers/CMSIS/system_stm32l0xx.o
 .debug_abbrev  0x00001336      0x2a0 ./Drivers/STM32L0xx_HAL_Driver/stm32l0xx_hal.o
 .debug_abbrev  0x000015d6      0x29b ./Drivers/STM32L0xx_HAL_Driver/stm32l0xx_hal_cortex.o
 .debug_abbrev  0x00001871      0x1ca ./Drivers/STM32L0xx_HAL_Driver/stm32l0xx_hal_gpio.o
 .debug_abbrev  0x00001a3b      0x296 ./Drivers/STM32L0xx_HAL_Driver/stm32l0xx_hal_rcc.o
 .debug_abbrev  0x00001cd1      0x219 ./Drivers/STM32L0xx_HAL_Driver/stm32l0xx_hal_rcc_ex.o
 .debug_abbrev  0x00001eea      0x272 ./Drivers/STM32L0xx_HAL_Driver/stm32l0xx_hal_tim.o
 .debug_abbrev  0x0000215c      0x2e0 ./Drivers/STM32L0xx_HAL_Driver/stm32l0xx_hal_uart.o
 .debug_abbrev  0x0000243c      0x3ac ./Middlewares/FreeRTOS/cmsis_os.o
 .debug_abbrev  0x000027e8      0x1a1 ./Middlewares/FreeRTOS/heap_4.o
 .debug_abbrev  0x00002989       0xf5 ./Middlewares/FreeRTOS/list.o
 .debug_abbrev  0x00002a7e      0x1ea ./Middlewares/FreeRTOS/port.o
 .debug_abbrev  0x00002c68      0x363 ./Middlewares/FreeRTOS/tasks.o

.debug_aranges  0x00000000     0x10c8
 .debug_aranges
                0x00000000       0x30 ./Application/User/Core/freertos.o
 .debug_aranges
                0x00000030       0x20 ./Application/User/Core/gpio.o
 .debug_aranges
                0x00000050       0x38 ./Application/User/Core/main.o
 .debug_aranges
                0x00000088       0x20 ./Application/User/Core/stm32l0xx_hal_msp.o
 .debug_aranges
                0x000000a8       0x30 ./Application/User/Core/stm32l0xx_hal_timebase_tim.o
 .debug_aranges
                0x000000d8       0x30 ./Application/User/Core/stm32l0xx_it.o
 .debug_aranges
                0x00000108       0xa8 ./Application/User/Core/syscalls.o
 .debug_aranges
                0x000001b0       0x20 ./Application/User/Core/sysmem.o
 .debug_aranges
                0x000001d0       0x30 ./Application/User/Core/usart.o
 .debug_aranges
                0x00000200       0x28 ./Application/User/Startup/startup_stm32l053r8tx.o
 .debug_aranges
                0x00000228       0x20 ./Application/User/app_src/app.o
 .debug_aranges
                0x00000248       0x20 ./Application/User/app_src/retarget.o
 .debug_aranges
                0x00000268       0x28 ./Application/User/app_src/sensor_task.o
 .debug_aranges
                0x00000290       0x28 ./Drivers/CMSIS/system_stm32l0xx.o
 .debug_aranges
                0x000002b8      0x110 ./Drivers/STM32L0xx_HAL_Driver/stm32l0xx_hal.o
 .debug_aranges
                0x000003c8       0xe8 ./Drivers/STM32L0xx_HAL_Driver/stm32l0xx_hal_cortex.o
 .debug_aranges
                0x000004b0       0x58 ./Drivers/STM32L0xx_HAL_Driver/stm32l0xx_hal_gpio.o
 .debug_aranges
                0x00000508       0x80 ./Drivers/STM32L0xx_HAL_Driver/stm32l0xx_hal_rcc.o
 .debug_aranges
                0x00000588       0xb0 ./Drivers/STM32L0xx_HAL_Driver/stm32l0xx_hal_rcc_ex.o
 .debug_aranges
                0x00000638      0x3d0 ./Drivers/STM32L0xx_HAL_Driver/stm32l0xx_hal_tim.o
 .debug_aranges
                0x00000a08      0x228 ./Drivers/STM32L0xx_HAL_Driver/stm32l0xx_hal_uart.o
 .debug_aranges
                0x00000c30      0x1d8 ./Middlewares/FreeRTOS/cmsis_os.o
 .debug_aranges
                0x00000e08       0x50 ./Middlewares/FreeRTOS/heap_4.o
 .debug_aranges
                0x00000e58       0x40 ./Middlewares/FreeRTOS/list.o
 .debug_aranges
                0x00000e98       0x88 ./Middlewares/FreeRTOS/port.o
 .debug_aranges
                0x00000f20      0x1a8 ./Middlewares/FreeRTOS/tasks.o

.debug_rnglists
                0x00000000      0xccc
 .debug_rnglists
                0x00000000       0x1f ./Application/User/Core/freertos.o
 .debug_rnglists
                0x0000001f       0x14 ./Application/User/Core/gpio.o
 .debug_rnglists
                0x00000033       0x26 ./Application/User/Core/main.o
 .debug_rnglists
                0x00000059       0x13 ./Application/User/Core/stm32l0xx_hal_msp.o
 .debug_rnglists
                0x0000006c       0x20 ./Application/User/Core/stm32l0xx_hal_timebase_tim.o
 .debug_rnglists
                0x0000008c       0x1f ./Application/User/Core/stm32l0xx_it.o
 .debug_rnglists
                0x000000ab       0x79 ./Application/User/Core/syscalls.o
 .debug_rnglists
                0x00000124       0x13 ./Application/User/Core/sysmem.o
 .debug_rnglists
                0x00000137       0x20 ./Application/User/Core/usart.o
 .debug_rnglists
                0x00000157       0x19 ./Application/User/Startup/startup_stm32l053r8tx.o
 .debug_rnglists
                0x00000170       0x13 ./Application/User/app_src/app.o
 .debug_rnglists
                0x00000183       0x13 ./Application/User/app_src/retarget.o
 .debug_rnglists
                0x00000196       0x19 ./Application/User/app_src/sensor_task.o
 .debug_rnglists
                0x000001af       0x1a ./Drivers/CMSIS/system_stm32l0xx.o
 .debug_rnglists
                0x000001c9       0xc7 ./Drivers/STM32L0xx_HAL_Driver/stm32l0xx_hal.o
 .debug_rnglists
                0x00000290       0xaa ./Drivers/STM32L0xx_HAL_Driver/stm32l0xx_hal_cortex.o
 .debug_rnglists
                0x0000033a       0x3f ./Drivers/STM32L0xx_HAL_Driver/stm32l0xx_hal_gpio.o
 .debug_rnglists
                0x00000379       0x61 ./Drivers/STM32L0xx_HAL_Driver/stm32l0xx_hal_rcc.o
 .debug_rnglists
                0x000003da       0x85 ./Drivers/STM32L0xx_HAL_Driver/stm32l0xx_hal_rcc_ex.o
 .debug_rnglists
                0x0000045f      0x310 ./Drivers/STM32L0xx_HAL_Driver/stm32l0xx_hal_tim.o
 .debug_rnglists
                0x0000076f      0x1db ./Drivers/STM32L0xx_HAL_Driver/stm32l0xx_hal_uart.o
 .debug_rnglists
                0x0000094a      0x168 ./Middlewares/FreeRTOS/cmsis_os.o
 .debug_rnglists
                0x00000ab2       0x3b ./Middlewares/FreeRTOS/heap_4.o
 .debug_rnglists
                0x00000aed       0x2b ./Middlewares/FreeRTOS/list.o
 .debug_rnglists
                0x00000b18       0x61 ./Middlewares/FreeRTOS/port.o
 .debug_rnglists
                0x00000b79      0x153 ./Middlewares/FreeRTOS/tasks.o

.debug_macro    0x00000000    0x17b98
 .debug_macro   0x00000000      0x340 ./Application/User/Core/freertos.o
 .debug_macro   0x00000340      0xaae ./Application/User/Core/freertos.o
 .debug_macro   0x00000dee      0x190 ./Application/User/Core/freertos.o
 .debug_macro   0x00000f7e       0x22 ./Application/User/Core/freertos.o
 .debug_macro   0x00000fa0       0x8e ./Application/User/Core/freertos.o
 .debug_macro   0x0000102e       0x51 ./Application/User/Core/freertos.o
 .debug_macro   0x0000107f      0x103 ./Application/User/Core/freertos.o
 .debug_macro   0x00001182       0x6a ./Application/User/Core/freertos.o
 .debug_macro   0x000011ec      0x1df ./Application/User/Core/freertos.o
 .debug_macro   0x000013cb       0xd0 ./Application/User/Core/freertos.o
 .debug_macro   0x0000149b      0x15a ./Application/User/Core/freertos.o
 .debug_macro   0x000015f5       0xb2 ./Application/User/Core/freertos.o
 .debug_macro   0x000016a7       0x1c ./Application/User/Core/freertos.o
 .debug_macro   0x000016c3       0x26 ./Application/User/Core/freertos.o
 .debug_macro   0x000016e9       0x61 ./Application/User/Core/freertos.o
 .debug_macro   0x0000174a       0x24 ./Application/User/Core/freertos.o
 .debug_macro   0x0000176e       0x43 ./Application/User/Core/freertos.o
 .debug_macro   0x000017b1       0x34 ./Application/User/Core/freertos.o
 .debug_macro   0x000017e5      0x370 ./Application/User/Core/freertos.o
 .debug_macro   0x00001b55       0x16 ./Application/User/Core/freertos.o
 .debug_macro   0x00001b6b       0x4a ./Application/User/Core/freertos.o
 .debug_macro   0x00001bb5       0x34 ./Application/User/Core/freertos.o
 .debug_macro   0x00001be9       0x10 ./Application/User/Core/freertos.o
 .debug_macro   0x00001bf9       0x58 ./Application/User/Core/freertos.o
 .debug_macro   0x00001c51       0x8e ./Application/User/Core/freertos.o
 .debug_macro   0x00001cdf       0x1c ./Application/User/Core/freertos.o
 .debug_macro   0x00001cfb      0x185 ./Application/User/Core/freertos.o
 .debug_macro   0x00001e80       0x10 ./Application/User/Core/freertos.o
 .debug_macro   0x00001e90       0x3c ./Application/User/Core/freertos.o
 .debug_macro   0x00001ecc      0x4e9 ./Application/User/Core/freertos.o
 .debug_macro   0x000023b5       0xb5 ./Application/User/Core/freertos.o
 .debug_macro   0x0000246a       0xaa ./Application/User/Core/freertos.o
 .debug_macro   0x00002514      0x125 ./Application/User/Core/freertos.o
 .debug_macro   0x00002639       0x2e ./Application/User/Core/freertos.o
 .debug_macro   0x00002667       0x28 ./Application/User/Core/freertos.o
 .debug_macro   0x0000268f       0x1c ./Application/User/Core/freertos.o
 .debug_macro   0x000026ab       0x22 ./Application/User/Core/freertos.o
 .debug_macro   0x000026cd       0xaf ./Application/User/Core/freertos.o
 .debug_macro   0x0000277c      0x4da ./Application/User/Core/freertos.o
 .debug_macro   0x00002c56      0x11f ./Application/User/Core/freertos.o
 .debug_macro   0x00002d75     0x9f52 ./Application/User/Core/freertos.o
 .debug_macro   0x0000ccc7       0x66 ./Application/User/Core/freertos.o
 .debug_macro   0x0000cd2d     0x35ac ./Application/User/Core/freertos.o
 .debug_macro   0x000102d9       0x56 ./Application/User/Core/freertos.o
 .debug_macro   0x0001032f      0x8e4 ./Application/User/Core/freertos.o
 .debug_macro   0x00010c13      0x9d2 ./Application/User/Core/freertos.o
 .debug_macro   0x000115e5      0x190 ./Application/User/Core/freertos.o
 .debug_macro   0x00011775      0x13f ./Application/User/Core/freertos.o
 .debug_macro   0x000118b4      0x17d ./Application/User/Core/freertos.o
 .debug_macro   0x00011a31       0x82 ./Application/User/Core/freertos.o
 .debug_macro   0x00011ab3      0x28e ./Application/User/Core/freertos.o
 .debug_macro   0x00011d41      0x1e9 ./Application/User/Core/freertos.o
 .debug_macro   0x00011f2a      0x128 ./Application/User/Core/freertos.o
 .debug_macro   0x00012052      0x2ab ./Application/User/Core/freertos.o
 .debug_macro   0x000122fd      0x22c ./Application/User/Core/freertos.o
 .debug_macro   0x00012529       0x5b ./Application/User/Core/freertos.o
 .debug_macro   0x00012584       0xa5 ./Application/User/Core/freertos.o
 .debug_macro   0x00012629      0x180 ./Application/User/Core/freertos.o
 .debug_macro   0x000127a9       0x16 ./Application/User/Core/freertos.o
 .debug_macro   0x000127bf      0x788 ./Application/User/Core/freertos.o
 .debug_macro   0x00012f47       0xcc ./Application/User/Core/freertos.o
 .debug_macro   0x00013013      0x5cf ./Application/User/Core/freertos.o
 .debug_macro   0x000135e2       0x44 ./Application/User/Core/freertos.o
 .debug_macro   0x00013626      0x16c ./Application/User/Core/freertos.o
 .debug_macro   0x00013792       0x4c ./Application/User/Core/freertos.o
 .debug_macro   0x000137de       0x91 ./Application/User/Core/freertos.o
 .debug_macro   0x0001386f       0x8d ./Application/User/Core/freertos.o
 .debug_macro   0x000138fc       0x7e ./Application/User/Core/freertos.o
 .debug_macro   0x0001397a       0x19 ./Application/User/Core/freertos.o
 .debug_macro   0x00013993       0xf2 ./Application/User/Core/freertos.o
 .debug_macro   0x00013a85      0x1e7 ./Application/User/Core/gpio.o
 .debug_macro   0x00013c6c       0x5c ./Application/User/Core/gpio.o
 .debug_macro   0x00013cc8      0x3a5 ./Application/User/Core/main.o
 .debug_macro   0x0001406d       0x1c ./Application/User/Core/main.o
 .debug_macro   0x00014089       0x10 ./Application/User/Core/main.o
 .debug_macro   0x00014099       0x1c ./Application/User/Core/main.o
 .debug_macro   0x000140b5       0x16 ./Application/User/Core/main.o
 .debug_macro   0x000140cb      0x146 ./Application/User/Core/main.o
 .debug_macro   0x00014211       0x10 ./Application/User/Core/main.o
 .debug_macro   0x00014221      0x1dd ./Application/User/Core/stm32l0xx_hal_msp.o
 .debug_macro   0x000143fe      0x1ce ./Application/User/Core/stm32l0xx_hal_timebase_tim.o
 .debug_macro   0x000145cc      0x1e7 ./Application/User/Core/stm32l0xx_it.o
 .debug_macro   0x000147b3      0x274 ./Application/User/Core/syscalls.o
 .debug_macro   0x00014a27       0x5b ./Application/User/Core/syscalls.o
 .debug_macro   0x00014a82       0x94 ./Application/User/Core/syscalls.o
 .debug_macro   0x00014b16       0x57 ./Application/User/Core/syscalls.o
 .debug_macro   0x00014b6d       0x10 ./Application/User/Core/syscalls.o
 .debug_macro   0x00014b7d       0x10 ./Application/User/Core/syscalls.o
 .debug_macro   0x00014b8d       0x10 ./Application/User/Core/syscalls.o
 .debug_macro   0x00014b9d       0x10 ./Application/User/Core/syscalls.o
 .debug_macro   0x00014bad       0x1c ./Application/User/Core/syscalls.o
 .debug_macro   0x00014bc9       0x52 ./Application/User/Core/syscalls.o
 .debug_macro   0x00014c1b       0x22 ./Application/User/Core/syscalls.o
 .debug_macro   0x00014c3d       0x10 ./Application/User/Core/syscalls.o
 .debug_macro   0x00014c4d       0x52 ./Application/User/Core/syscalls.o
 .debug_macro   0x00014c9f       0xcf ./Application/User/Core/syscalls.o
 .debug_macro   0x00014d6e       0x1c ./Application/User/Core/syscalls.o
 .debug_macro   0x00014d8a       0x3d ./Application/User/Core/syscalls.o
 .debug_macro   0x00014dc7       0x35 ./Application/User/Core/syscalls.o
 .debug_macro   0x00014dfc      0x12c ./Application/User/Core/syscalls.o
 .debug_macro   0x00014f28       0x16 ./Application/User/Core/syscalls.o
 .debug_macro   0x00014f3e       0x16 ./Application/User/Core/syscalls.o
 .debug_macro   0x00014f54       0x29 ./Application/User/Core/syscalls.o
 .debug_macro   0x00014f7d       0x10 ./Application/User/Core/syscalls.o
 .debug_macro   0x00014f8d      0x242 ./Application/User/Core/syscalls.o
 .debug_macro   0x000151cf       0x10 ./Application/User/Core/syscalls.o
 .debug_macro   0x000151df      0x18a ./Application/User/Core/syscalls.o
 .debug_macro   0x00015369       0x16 ./Application/User/Core/syscalls.o
 .debug_macro   0x0001537f       0xce ./Application/User/Core/syscalls.o
 .debug_macro   0x0001544d      0x112 ./Application/User/Core/sysmem.o
 .debug_macro   0x0001555f      0x23c ./Application/User/Core/sysmem.o
 .debug_macro   0x0001579b      0x1e7 ./Application/User/Core/usart.o
 .debug_macro   0x00015982      0x132 ./Application/User/app_src/app.o
 .debug_macro   0x00015ab4       0x16 ./Application/User/app_src/app.o
 .debug_macro   0x00015aca       0x9e ./Application/User/app_src/app.o
 .debug_macro   0x00015b68      0x112 ./Application/User/app_src/app.o
 .debug_macro   0x00015c7a       0x16 ./Application/User/app_src/app.o
 .debug_macro   0x00015c90      0x2c8 ./Application/User/app_src/retarget.o
 .debug_macro   0x00015f58       0x52 ./Application/User/app_src/retarget.o
 .debug_macro   0x00015faa      0x218 ./Application/User/app_src/sensor_task.o
 .debug_macro   0x000161c2       0x16 ./Application/User/app_src/sensor_task.o
 .debug_macro   0x000161d8      0x1ce ./Drivers/CMSIS/system_stm32l0xx.o
 .debug_macro   0x000163a6      0x1f2 ./Drivers/STM32L0xx_HAL_Driver/stm32l0xx_hal.o
 .debug_macro   0x00016598      0x1ce ./Drivers/STM32L0xx_HAL_Driver/stm32l0xx_hal_cortex.o
 .debug_macro   0x00016766      0x1d5 ./Drivers/STM32L0xx_HAL_Driver/stm32l0xx_hal_gpio.o
 .debug_macro   0x0001693b      0x204 ./Drivers/STM32L0xx_HAL_Driver/stm32l0xx_hal_rcc.o
 .debug_macro   0x00016b3f      0x1ce ./Drivers/STM32L0xx_HAL_Driver/stm32l0xx_hal_rcc_ex.o
 .debug_macro   0x00016d0d      0x1cf ./Drivers/STM32L0xx_HAL_Driver/stm32l0xx_hal_tim.o
 .debug_macro   0x00016edc      0x1f9 ./Drivers/STM32L0xx_HAL_Driver/stm32l0xx_hal_uart.o
 .debug_macro   0x000170d5      0x210 ./Middlewares/FreeRTOS/cmsis_os.o
 .debug_macro   0x000172e5       0x10 ./Middlewares/FreeRTOS/cmsis_os.o
 .debug_macro   0x000172f5       0x20 ./Middlewares/FreeRTOS/cmsis_os.o
 .debug_macro   0x00017315       0x9d ./Middlewares/FreeRTOS/cmsis_os.o
 .debug_macro   0x000173b2      0x1c0 ./Middlewares/FreeRTOS/heap_4.o
 .debug_macro   0x00017572      0x199 ./Middlewares/FreeRTOS/list.o
 .debug_macro   0x0001770b      0x1ec ./Middlewares/FreeRTOS/port.o
 .debug_macro   0x000178f7      0x291 ./Middlewares/FreeRTOS/tasks.o
 .debug_macro   0x00017b88       0x10 ./Middlewares/FreeRTOS/tasks.o

.debug_line     0x00000000    0x152b0
 .debug_line    0x00000000      0xacf ./Application/User/Core/freertos.o
 .debug_line    0x00000acf      0x7f0 ./Application/User/Core/gpio.o
 .debug_line    0x000012bf      0xb96 ./Application/User/Core/main.o
 .debug_line    0x00001e55      0x7d8 ./Application/User/Core/stm32l0xx_hal_msp.o
 .debug_line    0x0000262d      0x84a ./Application/User/Core/stm32l0xx_hal_timebase_tim.o
 .debug_line    0x00002e77      0x80e ./Application/User/Core/stm32l0xx_it.o
 .debug_line    0x00003685      0x8b9 ./Application/User/Core/syscalls.o
 .debug_line    0x00003f3e      0x595 ./Application/User/Core/sysmem.o
 .debug_line    0x000044d3      0x84b ./Application/User/Core/usart.o
 .debug_line    0x00004d1e       0x7b ./Application/User/Startup/startup_stm32l053r8tx.o
 .debug_line    0x00004d99      0x5a2 ./Application/User/app_src/app.o
 .debug_line    0x0000533b      0x93b ./Application/User/app_src/retarget.o
 .debug_line    0x00005c76      0x7a7 ./Application/User/app_src/sensor_task.o
 .debug_line    0x0000641d      0x888 ./Drivers/CMSIS/system_stm32l0xx.o
 .debug_line    0x00006ca5      0xb47 ./Drivers/STM32L0xx_HAL_Driver/stm32l0xx_hal.o
 .debug_line    0x000077ec      0xc18 ./Drivers/STM32L0xx_HAL_Driver/stm32l0xx_hal_cortex.o
 .debug_line    0x00008404      0xba7 ./Drivers/STM32L0xx_HAL_Driver/stm32l0xx_hal_gpio.o
 .debug_line    0x00008fab     0x10a0 ./Drivers/STM32L0xx_HAL_Driver/stm32l0xx_hal_rcc.o
 .debug_line    0x0000a04b      0xeaa ./Drivers/STM32L0xx_HAL_Driver/stm32l0xx_hal_rcc_ex.o
 .debug_line    0x0000aef5     0x306d ./Drivers/STM32L0xx_HAL_Driver/stm32l0xx_hal_tim.o
 .debug_line    0x0000df62     0x2f05 ./Drivers/STM32L0xx_HAL_Driver/stm32l0xx_hal_uart.o
 .debug_line    0x00010e67     0x1344 ./Middlewares/FreeRTOS/cmsis_os.o
 .debug_line    0x000121ab      0x96e ./Middlewares/FreeRTOS/heap_4.o
 .debug_line    0x00012b19      0x7eb ./Middlewares/FreeRTOS/list.o
 .debug_line    0x00013304      0x8d2 ./Middlewares/FreeRTOS/port.o
 .debug_line    0x00013bd6     0x16da ./Middlewares/FreeRTOS/tasks.o

.debug_str      0x00000000    0x8a4d4
 .debug_str     0x00000000    0x8a4d4 ./Application/User/Core/freertos.o
                              0x824ce (size before relaxing)
 .debug_str     0x0008a4d4    0x791fe ./Application/User/Core/gpio.o
 .debug_str     0x0008a4d4    0x82d43 ./Application/User/Core/main.o
 .debug_str     0x0008a4d4    0x792e5 ./Application/User/Core/stm32l0xx_hal_msp.o
 .debug_str     0x0008a4d4    0x7980c ./Application/User/Core/stm32l0xx_hal_timebase_tim.o
 .debug_str     0x0008a4d4    0x7958d ./Application/User/Core/stm32l0xx_it.o
 .debug_str     0x0008a4d4     0x990f ./Application/User/Core/syscalls.o
 .debug_str     0x0008a4d4     0x76ad ./Application/User/Core/sysmem.o
 .debug_str     0x0008a4d4    0x7967a ./Application/User/Core/usart.o
 .debug_str     0x0008a4d4       0xb2 ./Application/User/Startup/startup_stm32l053r8tx.o
 .debug_str     0x0008a4d4     0x6d5e ./Application/User/app_src/app.o
 .debug_str     0x0008a4d4    0x7cced ./Application/User/app_src/retarget.o
 .debug_str     0x0008a4d4     0xdad6 ./Application/User/app_src/sensor_task.o
 .debug_str     0x0008a4d4    0x790a2 ./Drivers/CMSIS/system_stm32l0xx.o
 .debug_str     0x0008a4d4    0x7979a ./Drivers/STM32L0xx_HAL_Driver/stm32l0xx_hal.o
 .debug_str     0x0008a4d4    0x79536 ./Drivers/STM32L0xx_HAL_Driver/stm32l0xx_hal_cortex.o
 .debug_str     0x0008a4d4    0x79242 ./Drivers/STM32L0xx_HAL_Driver/stm32l0xx_hal_gpio.o
 .debug_str     0x0008a4d4    0x795cb ./Drivers/STM32L0xx_HAL_Driver/stm32l0xx_hal_rcc.o
 .debug_str     0x0008a4d4    0x79592 ./Drivers/STM32L0xx_HAL_Driver/stm32l0xx_hal_rcc_ex.o
 .debug_str     0x0008a4d4    0x7a37a ./Drivers/STM32L0xx_HAL_Driver/stm32l0xx_hal_tim.o
 .debug_str     0x0008a4d4    0x79e62 ./Drivers/STM32L0xx_HAL_Driver/stm32l0xx_hal_uart.o
 .debug_str     0x0008a4d4     0xe4eb ./Middlewares/FreeRTOS/cmsis_os.o
 .debug_str     0x0008a4d4     0xafee ./Middlewares/FreeRTOS/heap_4.o
 .debug_str     0x0008a4d4     0xa804 ./Middlewares/FreeRTOS/list.o
 .debug_str     0x0008a4d4     0xb173 ./Middlewares/FreeRTOS/port.o
 .debug_str     0x0008a4d4     0xcdd3 ./Middlewares/FreeRTOS/tasks.o

.comment        0x00000000       0x43
 .comment       0x00000000       0x43 ./Application/User/Core/freertos.o
                                 0x44 (size before relaxing)
 .comment       0x00000043       0x44 ./Application/User/Core/gpio.o
 .comment       0x00000043       0x44 ./Application/User/Core/main.o
 .comment       0x00000043       0x44 ./Application/User/Core/stm32l0xx_hal_msp.o
 .comment       0x00000043       0x44 ./Application/User/Core/stm32l0xx_hal_timebase_tim.o
 .comment       0x00000043       0x44 ./Application/User/Core/stm32l0xx_it.o
 .comment       0x00000043       0x44 ./Application/User/Core/syscalls.o
 .comment       0x00000043       0x44 ./Application/User/Core/sysmem.o
 .comment       0x00000043       0x44 ./Application/User/Core/usart.o
 .comment       0x00000043       0x44 ./Application/User/app_src/app.o
 .comment       0x00000043       0x44 ./Application/User/app_src/retarget.o
 .comment       0x00000043       0x44 ./Application/User/app_src/sensor_task.o
 .comment       0x00000043       0x44 ./Drivers/CMSIS/system_stm32l0xx.o
 .comment       0x00000043       0x44 ./Drivers/STM32L0xx_HAL_Driver/stm32l0xx_hal.o
 .comment       0x00000043       0x44 ./Drivers/STM32L0xx_HAL_Driver/stm32l0xx_hal_cortex.o
 .comment       0x00000043       0x44 ./Drivers/STM32L0xx_HAL_Driver/stm32l0xx_hal_gpio.o
 .comment       0x00000043       0x44 ./Drivers/STM32L0xx_HAL_Driver/stm32l0xx_hal_rcc.o
 .comment       0x00000043       0x44 ./Drivers/STM32L0xx_HAL_Driver/stm32l0xx_hal_rcc_ex.o
 .comment       0x00000043       0x44 ./Drivers/STM32L0xx_HAL_Driver/stm32l0xx_hal_tim.o