C:/Kashish/Projects/RTOS Sensor Hub/rtos-sensor-hub-stm32/RTOS_SensorHub_STM32/Middlewares/Third_Party/FreeRTOS/Source/portable/MemMang/heap_4.c:113:7:pvPortMalloc	32	static,ignoring_inline_asm
C:/Kashish/Projects/RTOS Sensor Hub/rtos-sensor-hub-stm32/RTOS_SensorHub_STM32/Middlewares/Third_Party/FreeRTOS/Source/portable/MemMang/heap_4.c:263:6:vPortFree	24	static,ignoring_inline_asm
C:/Kashish/Projects/RTOS Sensor Hub/rtos-sensor-hub-stm32/RTOS_SensorHub_STM32/Middlewares/Third_Party/FreeRTOS/Source/portable/MemMang/heap_4.c:311:8:xPortGetFreeHeapSize	8	static
C:/Kashish/Projects/RTOS Sensor Hub/rtos-sensor-hub-stm32/RTOS_SensorHub_STM32/Middlewares/Third_Party/FreeRTOS/Source/portable/MemMang/heap_4.c:317:8:xPortGetMinimumEverFreeHeapSize	8	static
C:/Kashish/Projects/RTOS Sensor Hub/rtos-sensor-hub-stm32/RTOS_SensorHub_STM32/Middlewares/Third_Party/FreeRTOS/Source/portable/MemMang/heap_4.c:323:6:vPortInitialiseBlocks	8	static
C:/Kashish/Projects/RTOS Sensor Hub/rtos-sensor-hub-stm32/RTOS_SensorHub_STM32/Middlewares/Third_Party/FreeRTOS/Source/portable/MemMang/heap_4.c:329:13:prvHeapInit	24	static
C:/Kashish/Projects/RTOS Sensor Hub/rtos-sensor-hub-stm32/RTOS_SensorHub_STM32/Middlewares/Third_Party/FreeRTOS/Source/portable/MemMang/heap_4.c:377:13:prvInsertBlockIntoFreeList	24	static
