C:/Kashish/Projects/RTOS Sensor Hub/rtos-sensor-hub-stm32/RTOS_SensorHub_STM32/Core/Src/main.c:70:5:main	1
C:/Kashish/Projects/RTOS Sensor Hub/rtos-sensor-hub-stm32/RTOS_SensorHub_STM32/Core/Src/main.c:145:6:SystemClock_Config	4
C:/Kashish/Projects/RTOS Sensor Hub/rtos-sensor-hub-stm32/RTOS_SensorHub_STM32/Core/Src/main.c:194:13:MX_USART2_UART_Init	2
C:/Kashish/Projects/RTOS Sensor Hub/rtos-sensor-hub-stm32/RTOS_SensorHub_STM32/Core/Src/main.c:229:13:MX_GPIO_Init	1
C:/Kashish/Projects/RTOS Sensor Hub/rtos-sensor-hub-stm32/RTOS_SensorHub_STM32/Core/Src/main.c:273:6:StartDefaultTask	1
C:/Kashish/Projects/RTOS Sensor Hub/rtos-sensor-hub-stm32/RTOS_SensorHub_STM32/Core/Src/main.c:292:6:HAL_TIM_PeriodElapsedCallback	2
C:/Kashish/Projects/RTOS Sensor Hub/rtos-sensor-hub-stm32/RTOS_SensorHub_STM32/Core/Src/main.c:310:6:Error_Handler	1
