C:/Kashish/Projects/RTOS Sensor Hub/rtos-sensor-hub-stm32/RTOS_SensorHub_STM32/Core/Src/main.c:70:5:main	8	static
C:/Kashish/Projects/RTOS Sensor Hub/rtos-sensor-hub-stm32/RTOS_SensorHub_STM32/Core/Src/main.c:123:6:SystemClock_Config	128	static
C:/Kashish/Projects/RTOS Sensor Hub/rtos-sensor-hub-stm32/RTOS_SensorHub_STM32/Core/Src/main.c:179:6:HAL_TIM_PeriodElapsedCallback	16	static
C:/Kashish/Projects/RTOS Sensor Hub/rtos-sensor-hub-stm32/RTOS_SensorHub_STM32/Core/Src/main.c:197:6:Error_Handler	8	static,ignoring_inline_asm
